
Allocating common symbols
Common symbol       size              file

fat                 0x8               out/mailbox.o
kernel_thread       0x8               out/mailbox.o
mbox                0x20              out/mailbox.o
rootfs              0x8               out/mailbox.o
fat32_metadata      0x1b              out/fat32.o
tmpfs_f_ops         0x8               out/vfs.o
thread_count        0x4               out/mailbox.o
timer_queue         0x8               out/mailbox.o
CPIO_DEFAULT_PLACE  0x8               out/mailbox.o
fb                  0x18              out/dev.o
global_fs_list      0x50              out/mailbox.o
task_queue          0x8               out/mailbox.o
filesystem_count    0x4               out/mailbox.o
queue_head          0x8               out/mailbox.o
DMA_head            0x8               out/mailbox.o
tmpfs_v_ops         0x8               out/vfs.o
dtb_place           0x8               out/mailbox.o
thread_queue        0x8               out/mailbox.o
buddy               0xf0              out/mailbox.o
zombie_queue        0x8               out/mailbox.o
cur_work            0x8               out/mailbox.o
CPIO_DEFAULT_PLACE_END
                    0x8               out/mailbox.o
frame_array         0x8               out/mailbox.o

Discarded input sections

 .comment       0x0000000000000000       0x2c out/mailbox.o
 .note.GNU-stack
                0x0000000000000000        0x0 out/mailbox.o
 .eh_frame      0x0000000000000000       0xb8 out/mailbox.o
 .comment       0x0000000000000000       0x2c out/core_timer.o
 .note.GNU-stack
                0x0000000000000000        0x0 out/core_timer.o
 .eh_frame      0x0000000000000000       0x88 out/core_timer.o
 .comment       0x0000000000000000       0x2c out/tmpfs.o
 .note.GNU-stack
                0x0000000000000000        0x0 out/tmpfs.o
 .eh_frame      0x0000000000000000      0x138 out/tmpfs.o
 .comment       0x0000000000000000       0x2c out/uart.o
 .note.GNU-stack
                0x0000000000000000        0x0 out/uart.o
 .eh_frame      0x0000000000000000      0x1a8 out/uart.o
 .comment       0x0000000000000000       0x2c out/irq.o
 .note.GNU-stack
                0x0000000000000000        0x0 out/irq.o
 .eh_frame      0x0000000000000000       0x98 out/irq.o
 .comment       0x0000000000000000       0x2c out/shell.o
 .note.GNU-stack
                0x0000000000000000        0x0 out/shell.o
 .eh_frame      0x0000000000000000       0x90 out/shell.o
 .comment       0x0000000000000000       0x2c out/my_string.o
 .note.GNU-stack
                0x0000000000000000        0x0 out/my_string.o
 .eh_frame      0x0000000000000000      0x230 out/my_string.o
 .comment       0x0000000000000000       0x2c out/vfs.o
 .note.GNU-stack
                0x0000000000000000        0x0 out/vfs.o
 .eh_frame      0x0000000000000000      0x1b0 out/vfs.o
 .comment       0x0000000000000000       0x2c out/exeception.o
 .note.GNU-stack
                0x0000000000000000        0x0 out/exeception.o
 .eh_frame      0x0000000000000000      0x250 out/exeception.o
 .comment       0x0000000000000000       0x2c out/math_.o
 .note.GNU-stack
                0x0000000000000000        0x0 out/math_.o
 .eh_frame      0x0000000000000000       0x38 out/math_.o
 .comment       0x0000000000000000       0x2c out/devicetree.o
 .note.GNU-stack
                0x0000000000000000        0x0 out/devicetree.o
 .eh_frame      0x0000000000000000       0x70 out/devicetree.o
 .comment       0x0000000000000000       0x2c out/reserve_memory.o
 .note.GNU-stack
                0x0000000000000000        0x0 out/reserve_memory.o
 .eh_frame      0x0000000000000000       0x58 out/reserve_memory.o
 .comment       0x0000000000000000       0x2c out/cpio.o
 .note.GNU-stack
                0x0000000000000000        0x0 out/cpio.o
 .eh_frame      0x0000000000000000       0xd0 out/cpio.o
 .comment       0x0000000000000000       0x2c out/function.o
 .note.GNU-stack
                0x0000000000000000        0x0 out/function.o
 .eh_frame      0x0000000000000000       0x30 out/function.o
 .comment       0x0000000000000000       0x2c out/main.o
 .note.GNU-stack
                0x0000000000000000        0x0 out/main.o
 .eh_frame      0x0000000000000000       0x38 out/main.o
 .comment       0x0000000000000000       0x2c out/dev.o
 .note.GNU-stack
                0x0000000000000000        0x0 out/dev.o
 .eh_frame      0x0000000000000000       0xf0 out/dev.o
 .comment       0x0000000000000000       0x2c out/malloc.o
 .note.GNU-stack
                0x0000000000000000        0x0 out/malloc.o
 .eh_frame      0x0000000000000000       0x30 out/malloc.o
 .comment       0x0000000000000000       0x2c out/fat32.o
 .note.GNU-stack
                0x0000000000000000        0x0 out/fat32.o
 .eh_frame      0x0000000000000000      0x200 out/fat32.o
 .comment       0x0000000000000000       0x2c out/reboot.o
 .note.GNU-stack
                0x0000000000000000        0x0 out/reboot.o
 .eh_frame      0x0000000000000000       0x70 out/reboot.o
 .comment       0x0000000000000000       0x2c out/buddy_system.o
 .note.GNU-stack
                0x0000000000000000        0x0 out/buddy_system.o
 .eh_frame      0x0000000000000000      0x158 out/buddy_system.o
 .comment       0x0000000000000000       0x2c out/thread.o
 .note.GNU-stack
                0x0000000000000000        0x0 out/thread.o
 .eh_frame      0x0000000000000000      0x190 out/thread.o
 .comment       0x0000000000000000       0x2c out/system_call.o
 .note.GNU-stack
                0x0000000000000000        0x0 out/system_call.o
 .eh_frame      0x0000000000000000      0x1e8 out/system_call.o
 .comment       0x0000000000000000       0x2c out/sd.o
 .note.GNU-stack
                0x0000000000000000        0x0 out/sd.o
 .eh_frame      0x0000000000000000      0x158 out/sd.o

Memory Configuration

Name             Origin             Length             Attributes
*default*        0x0000000000000000 0xffffffffffffffff

Linker script and memory map

LOAD start.o
LOAD exeception.o
LOAD out/mailbox.o
LOAD out/core_timer.o
LOAD out/tmpfs.o
LOAD out/uart.o
LOAD out/irq.o
LOAD out/shell.o
LOAD out/my_string.o
LOAD out/vfs.o
LOAD out/exeception.o
LOAD out/math_.o
LOAD out/devicetree.o
LOAD out/reserve_memory.o
LOAD out/cpio.o
LOAD out/function.o
LOAD out/main.o
LOAD out/dev.o
LOAD out/malloc.o
LOAD out/fat32.o
LOAD out/reboot.o
LOAD out/buddy_system.o
LOAD out/thread.o
LOAD out/system_call.o
LOAD out/sd.o
                0x0000000000080000                . = 0x80000

.text           0x0000000000080000     0xabd8
 *(.text.boot)
 .text.boot     0x0000000000080000       0xa0 start.o
                0x0000000000080000                _start
 *(.text)
 .text          0x00000000000800a0        0x0 start.o
 *fill*         0x00000000000800a0      0x760 
 .text          0x0000000000080800     0x1450 exeception.o
                0x0000000000080800                exception_vector_table
                0x0000000000081b58                core_timer_enable
                0x0000000000081b70                core_timer_disable
                0x0000000000081b80                switch_to
                0x0000000000081bd0                get_current
                0x0000000000081bd8                return_to_user
                0x0000000000081c30                SIG_return
                0x0000000000081c3c                handler
 .text          0x0000000000081c50      0x37c out/mailbox.o
                0x0000000000081c50                sysinfo
                0x0000000000081d18                get_info
                0x0000000000081db8                get_info_mem
                0x0000000000081e64                mailbox_call
                0x0000000000081f18                sys_mailbox
 .text          0x0000000000081fcc       0xc0 out/core_timer.o
                0x0000000000081fcc                timer_on
                0x0000000000081fec                set_expired_time
                0x0000000000082018                current_time
                0x0000000000082040                print_time_mes
 .text          0x000000000008208c      0x6b0 out/tmpfs.o
                0x000000000008208c                tmpfs_setup_mount
                0x0000000000082120                tmpfs_vnode
                0x00000000000821e8                tmpfs_write
                0x0000000000082334                tmpfs_read
                0x00000000000823d0                tmpfs_open
                0x0000000000082440                tmpfs_close
                0x0000000000082454                tmpfs_lookup
                0x0000000000082510                tmpfs_create
                0x0000000000082648                tmpfs_mkdir
 .text          0x000000000008273c      0x6a0 out/uart.o
                0x000000000008273c                uart_init
                0x0000000000082854                uart_send
                0x0000000000082894                uart_getc
                0x00000000000828e4                uart_puts
                0x0000000000082940                uart_printf
                0x00000000000829fc                uart_flush
                0x0000000000082a30                async_handler
                0x0000000000082ae0                w_handler
                0x0000000000082b9c                r_handler
                0x0000000000082c30                async_send
                0x0000000000082cb0                async_getc
                0x0000000000082d4c                enable_uart_r_interrupt
                0x0000000000082d70                disable_uart_r_interrupt
                0x0000000000082d94                enable_uart_w_interrupt
                0x0000000000082db8                disable_uart_w_interrupt
 .text          0x0000000000082ddc      0x5c0 out/irq.o
                0x0000000000082ddc                irq_handle
                0x0000000000082e40                add_irq
                0x0000000000083070                pop_irq
                0x0000000000083130                add_priority_queue
 .text          0x000000000008339c      0x944 out/shell.o
                0x000000000008339c                shell
                0x00000000000833bc                shell_decode
                0x00000000000836a0                parse_CSI
                0x0000000000083720                do_
 .text          0x0000000000083ce0      0xf8c out/my_string.o
                0x0000000000083ce0                vsprintf
                0x0000000000084114                itoa
                0x0000000000084260                ftoa
                0x00000000000843e0                strcmp
                0x0000000000084458                itox
                0x00000000000845a0                strlen
                0x00000000000845e4                strcpy
                0x000000000008465c                strncpy
                0x00000000000846c8                strncmp
                0x000000000008477c                align_up
                0x00000000000847ac                memcpy
                0x0000000000084810                hextol
                0x0000000000084974                strtok
                0x0000000000084a78                strchr
                0x0000000000084ad0                strdup
                0x0000000000084b1c                dirname
                0x0000000000084b94                basename
                0x0000000000084bd4                strrchr
                0x0000000000084c34                strcat
 .text          0x0000000000084c6c      0x9fc out/vfs.o
                0x0000000000084c6c                rootfs_init
                0x0000000000084d64                register_filesystem
                0x0000000000084e38                vfs_open
                0x0000000000084fc0                vfs_close
                0x0000000000084fe8                vfs_write
                0x0000000000085020                vfs_read
                0x0000000000085058                vfs_mkdir
                0x00000000000850d4                vfs_mount
                0x000000000008518c                vfs_lookup
                0x00000000000852f0                vfs_chdir
                0x00000000000853cc                get_free_fd
                0x0000000000085420                get_fs
                0x000000000008549c                initramfs
 .text          0x0000000000085668      0xe58 out/exeception.o
                0x0000000000085668                exeception_handle
                0x00000000000856d4                svc_handler
                0x0000000000085a4c                enable_interrupt
                0x0000000000085a58                disable_interrupt
                0x0000000000085a64                exec_function
                0x0000000000085b68                fork_exec
                0x0000000000085e30                sys_read
                0x0000000000085eec                sys_write
                0x0000000000085f70                from_el12el0
                0x0000000000085fcc                exit_
                0x0000000000086050                kill_
                0x0000000000086150                sys_mbox
                0x0000000000086180                signal_
                0x00000000000861e0                sig_handler
                0x0000000000086230                sig_call
                0x00000000000862a0                signal_kill
                0x00000000000863a4                do_signal
                0x000000000008646c                signal_return
                0x0000000000086480                save_rsp
 .text          0x00000000000864c0       0x3c out/math_.o
                0x00000000000864c0                pow
 .text          0x00000000000864fc      0x35c out/devicetree.o
                0x00000000000864fc                uint32_endian_big2lttle
                0x000000000008655c                fdt_traverse
                0x00000000000867ac                dtb_callback_initramfs
 .text          0x0000000000086858      0x480 out/reserve_memory.o
                0x0000000000086858                memory_reserve
                0x0000000000086c14                mem_zone_reserve
 .text          0x0000000000086cd8      0x500 out/cpio.o
                0x0000000000086cd8                parse_hex
                0x0000000000086e34                cpio_parse_header
                0x0000000000086f60                ls
                0x0000000000086fe8                cat
                0x00000000000870b8                exec_
                0x0000000000087148                exec_file
 .text          0x00000000000871d8       0x34 out/function.o
                0x00000000000871d8                delay
 .text          0x000000000008720c      0x1fc out/main.o
                0x000000000008720c                main
 .text          0x0000000000087408      0x404 out/dev.o
                0x0000000000087408                init_device
                0x0000000000087430                init_uart_dev
                0x00000000000874b0                uartfs_read
                0x0000000000087514                uartfs_write
                0x0000000000087544                init_framebuf_dev
                0x0000000000087744                frame_buf_write
                0x00000000000877a0                lseek64
 .text          0x000000000008780c       0x54 out/malloc.o
                0x000000000008780c                simple_malloc
 .text          0x0000000000087860      0xed8 out/fat32.o
                0x0000000000087860                fat32_init
                0x0000000000087ab4                fat32_setup_mount
                0x0000000000087b34                fat32_new_data
                0x0000000000087c18                fat32_vnode
                0x0000000000087ce0                fat32_read
                0x0000000000087e64                fat32_write
                0x00000000000880e8                fat32_open
                0x0000000000088158                fat32_close
                0x000000000008816c                fat32_mkdir
                0x0000000000088228                fat32_lookup
                0x00000000000882c8                fat32_create
                0x0000000000088388                get_block_idx
                0x00000000000883c0                get_fat_blk_idx
                0x00000000000883e8                allocate_new_cluster
                0x0000000000088498                write_directory_entry
                0x0000000000088578                read_directory_entry
 .text          0x0000000000088738       0xa8 out/reboot.o
                0x0000000000088738                set_reboot
                0x0000000000088764                reset
                0x00000000000887ac                cancel_reset
 .text          0x00000000000887e0     0x1280 out/buddy_system.o
                0x00000000000887e0                init_buddy
                0x0000000000088a70                kmalloc
                0x0000000000088ee0                kfree
                0x000000000008910c                init_DMA
                0x0000000000089330                DMA_order_funct
                0x000000000008938c                DMA_malloc
                0x00000000000894d4                DMA_free
                0x0000000000089628                merge_page
                0x0000000000089780                delete_page_in_freelists
                0x00000000000898f0                switch_status_page_in_frame_list
                0x000000000008996c                print_log
 .text          0x0000000000089a60      0x89c out/thread.o
                0x0000000000089a60                test_function
                0x0000000000089ac0                init_thread
                0x0000000000089c38                thread_create
                0x0000000000089dbc                thread_queue_insert
                0x0000000000089e9c                degub_info
                0x0000000000089f14                thread_queue_delete
                0x0000000000089fdc                thread_queue_find
                0x000000000008a060                schedule
                0x000000000008a0e4                idle
                0x000000000008a0f8                kill_zombies
                0x000000000008a1d0                scheduler_timer
                0x000000000008a1f4                test1
                0x000000000008a258                fork_test
 .text          0x000000000008a2fc      0x2bc out/system_call.o
                0x000000000008a2fc                getpid
                0x000000000008a31c                uart_read
                0x000000000008a344                uart_write
                0x000000000008a36c                exec
                0x000000000008a394                fork
                0x000000000008a3b4                exit
                0x000000000008a3c8                kill__
                0x000000000008a420                mbox_call
                0x000000000008a444                test_handler
                0x000000000008a484                signal
                0x000000000008a4a4                kill
                0x000000000008a4c4                call_signal
                0x000000000008a4e0                open
                0x000000000008a4fc                close
                0x000000000008a514                write
                0x000000000008a538                read
                0x000000000008a55c                mkdir
                0x000000000008a578                mount
                0x000000000008a5a0                chdir
 .text          0x000000000008a5b8      0x620 out/sd.o
                0x000000000008a9b8                readblock
                0x000000000008aab8                writeblock
                0x000000000008abb8                sd_init

.iplt           0x000000000008abd8        0x0
 .iplt          0x000000000008abd8        0x0 start.o

.rodata         0x000000000008abd8      0xa14
 *(.rodata)
 .rodata        0x000000000008abd8       0x71 out/mailbox.o
 *fill*         0x000000000008ac49        0x7 
 .rodata        0x000000000008ac50        0x9 out/core_timer.o
 *fill*         0x000000000008ac59        0x7 
 .rodata        0x000000000008ac60       0x1a out/uart.o
 *fill*         0x000000000008ac7a        0x6 
 .rodata        0x000000000008ac80       0x4b out/irq.o
 *fill*         0x000000000008accb        0x5 
 .rodata        0x000000000008acd0      0x38e out/shell.o
 *fill*         0x000000000008b05e        0x2 
 .rodata        0x000000000008b060       0x93 out/vfs.o
 *fill*         0x000000000008b0f3        0x5 
 .rodata        0x000000000008b0f8      0x16f out/exeception.o
 *fill*         0x000000000008b267        0x1 
 .rodata        0x000000000008b268       0x61 out/devicetree.o
 *fill*         0x000000000008b2c9        0x7 
 .rodata        0x000000000008b2d0       0x62 out/reserve_memory.o
 *fill*         0x000000000008b332        0x6 
 .rodata        0x000000000008b338       0x48 out/cpio.o
 .rodata        0x000000000008b380       0xce out/main.o
 *fill*         0x000000000008b44e        0x2 
 .rodata        0x000000000008b450       0x68 out/dev.o
 .rodata        0x000000000008b4b8       0x12 out/fat32.o
 *fill*         0x000000000008b4ca        0x6 
 .rodata        0x000000000008b4d0       0x2a out/buddy_system.o
 *fill*         0x000000000008b4fa        0x6 
 .rodata        0x000000000008b500       0x9f out/thread.o
 *fill*         0x000000000008b59f        0x1 
 .rodata        0x000000000008b5a0       0x4c out/system_call.o
                [!provide]                        PROVIDE (_data = .)

.rela.dyn       0x000000000008b5f0        0x0
 .rela.iplt     0x000000000008b5f0        0x0 start.o
 .rela.text.boot
                0x000000000008b5f0        0x0 start.o
 .rela.got      0x000000000008b5f0        0x0 start.o
 .rela.data.rel
                0x000000000008b5f0        0x0 start.o

.data           0x000000000008b5ec        0xc
 *(.data)
 .data          0x000000000008b5ec        0x0 start.o
 .data          0x000000000008b5ec        0x0 exeception.o
 .data          0x000000000008b5ec        0x0 out/mailbox.o
 .data          0x000000000008b5ec        0x0 out/core_timer.o
 .data          0x000000000008b5ec        0x4 out/tmpfs.o
                0x000000000008b5ec                i
 .data          0x000000000008b5f0        0x0 out/uart.o
 .data          0x000000000008b5f0        0x4 out/irq.o
                0x000000000008b5f0                cur_nv
 .data          0x000000000008b5f4        0x0 out/shell.o
 .data          0x000000000008b5f4        0x0 out/my_string.o
 .data          0x000000000008b5f4        0x0 out/vfs.o
 .data          0x000000000008b5f4        0x0 out/exeception.o
 .data          0x000000000008b5f4        0x0 out/math_.o
 .data          0x000000000008b5f4        0x0 out/devicetree.o
 .data          0x000000000008b5f4        0x0 out/reserve_memory.o
 .data          0x000000000008b5f4        0x0 out/cpio.o
 .data          0x000000000008b5f4        0x0 out/function.o
 .data          0x000000000008b5f4        0x0 out/main.o
 .data          0x000000000008b5f4        0x0 out/dev.o
 .data          0x000000000008b5f4        0x0 out/malloc.o
 .data          0x000000000008b5f4        0x0 out/fat32.o
 .data          0x000000000008b5f4        0x0 out/reboot.o
 .data          0x000000000008b5f4        0x0 out/buddy_system.o
 .data          0x000000000008b5f4        0x4 out/thread.o
 .data          0x000000000008b5f8        0x0 out/system_call.o
 .data          0x000000000008b5f8        0x0 out/sd.o

.igot.plt       0x000000000008b5f8        0x0
 .igot.plt      0x000000000008b5f8        0x0 start.o

.got            0x000000000008b5f8      0x100
 .got           0x000000000008b5f8      0x100 start.o
                0x000000000008b5f8                _GLOBAL_OFFSET_TABLE_

.got.plt        0x000000000008b6f8       0x18
 .got.plt       0x000000000008b6f8       0x18 start.o

.data.rel       0x000000000008b710       0x48
 .data.rel      0x000000000008b710       0x30 out/reserve_memory.o
                0x000000000008b710                spin_start
                0x000000000008b718                spin_end
                0x000000000008b720                heap_start
                0x000000000008b728                heap_end
                0x000000000008b730                kernel_start
                0x000000000008b738                kernel_end
 .data.rel      0x000000000008b740        0x8 out/malloc.o
                0x000000000008b740                top
 .data.rel      0x000000000008b748       0x10 out/buddy_system.o
                0x000000000008b748                buddy_start
                0x000000000008b750                buddy_end

.bss            0x000000000008b760      0xa53
                0x000000000008b760                . = ALIGN (0x10)
                0x000000000008b760                __bss_start = .
 *(.bss .bss.*)
 .bss           0x000000000008b760        0x0 start.o
 .bss           0x000000000008b760        0x0 exeception.o
 .bss           0x000000000008b760        0x0 out/mailbox.o
 .bss           0x000000000008b760        0x0 out/core_timer.o
 .bss           0x000000000008b760        0x0 out/tmpfs.o
 .bss           0x000000000008b760      0x814 out/uart.o
                0x000000000008b760                tx_buf
                0x000000000008bb60                tx_write_idx
                0x000000000008bb64                tx_read_idx
                0x000000000008bb68                rx_buf
                0x000000000008bf68                rx_write_idx
                0x000000000008bf6c                rx_read_idx
                0x000000000008bf70                a
 .bss           0x000000000008bf74        0x0 out/irq.o
 .bss           0x000000000008bf74        0x0 out/shell.o
 *fill*         0x000000000008bf74        0x4 
 .bss           0x000000000008bf78        0x8 out/my_string.o
 .bss           0x000000000008bf80        0x0 out/vfs.o
 .bss           0x000000000008bf80        0x0 out/exeception.o
 .bss           0x000000000008bf80        0x0 out/math_.o
 .bss           0x000000000008bf80        0x8 out/devicetree.o
                0x000000000008bf80                dtb_len
 .bss           0x000000000008bf88        0x0 out/reserve_memory.o
 .bss           0x000000000008bf88        0x0 out/cpio.o
 .bss           0x000000000008bf88        0x0 out/function.o
 .bss           0x000000000008bf88        0x0 out/main.o
 .bss           0x000000000008bf88        0x0 out/dev.o
 .bss           0x000000000008bf88        0x0 out/malloc.o
 .bss           0x000000000008bf88        0x0 out/fat32.o
 .bss           0x000000000008bf88        0x0 out/reboot.o
 .bss           0x000000000008bf88        0x0 out/buddy_system.o
 .bss           0x000000000008bf88        0x0 out/thread.o
 .bss           0x000000000008bf88        0x0 out/system_call.o
 .bss           0x000000000008bf88        0x4 out/sd.o
 *(COMMON)
 *fill*         0x000000000008bf8c        0x4 
 COMMON         0x000000000008bf90      0x1e0 out/mailbox.o
                0x000000000008bf90                fat
                0x000000000008bf98                kernel_thread
                0x000000000008bfa0                mbox
                0x000000000008bfc0                rootfs
                0x000000000008bfc8                thread_count
                0x000000000008bfd0                timer_queue
                0x000000000008bfd8                CPIO_DEFAULT_PLACE
                0x000000000008bfe0                global_fs_list
                0x000000000008c030                task_queue
                0x000000000008c038                filesystem_count
                0x000000000008c040                queue_head
                0x000000000008c048                DMA_head
                0x000000000008c050                dtb_place
                0x000000000008c058                thread_queue
                0x000000000008c060                buddy
                0x000000000008c150                zombie_queue
                0x000000000008c158                cur_work
                0x000000000008c160                CPIO_DEFAULT_PLACE_END
                0x000000000008c168                frame_array
 COMMON         0x000000000008c170       0x10 out/vfs.o
                0x000000000008c170                tmpfs_f_ops
                0x000000000008c178                tmpfs_v_ops
 COMMON         0x000000000008c180       0x18 out/dev.o
                0x000000000008c180                fb
 COMMON         0x000000000008c198       0x1b out/fat32.o
                0x000000000008c198                fat32_metadata
                0x000000000008c1b3                __bss_end = .
                0x000000000008c1b3                _end = .

/DISCARD/
 *(.comment)
 *(.gnu*)
 *(.note*)
 *(.eh_frame*)
                0x000000000000014a                __bss_size = ((__bss_end - __bss_start) >> 0x3)
                0x0000000000050000                _user_stack = 0x50000
                0x0000000000200000                _heap_start = 0x200000
                0x0000000001200000                _heap_end = 0x1200000
                0x0000000000000000                _spin_table_start = 0x0
                0x0000000000001000                _spin_table_end = 0x1000
                0x0000000000000000                _buddy_start = 0x0
                0x000000003c000000                _buddy_end = 0x3c000000
                0x0000000000060000                _kernel_start = 0x60000
                0x000000000008c1b3                _kernel_end = _end
OUTPUT(kernel8.elf elf64-littleaarch64)
LOAD linker stubs

.debug_line     0x0000000000000000     0x402e
 .debug_line    0x0000000000000000       0x5e start.o
 .debug_line    0x000000000000005e       0xff exeception.o
 .debug_line    0x000000000000015d      0x1ca out/mailbox.o
 .debug_line    0x0000000000000327      0x108 out/core_timer.o
 .debug_line    0x000000000000042f      0x2c0 out/tmpfs.o
 .debug_line    0x00000000000006ef      0x2e8 out/uart.o
 .debug_line    0x00000000000009d7      0x298 out/irq.o
 .debug_line    0x0000000000000c6f      0x3f6 out/shell.o
 .debug_line    0x0000000000001065      0x5e6 out/my_string.o
 .debug_line    0x000000000000164b      0x3a8 out/vfs.o
 .debug_line    0x00000000000019f3      0x658 out/exeception.o
 .debug_line    0x000000000000204b       0x48 out/math_.o
 .debug_line    0x0000000000002093      0x1d0 out/devicetree.o
 .debug_line    0x0000000000002263      0x1db out/reserve_memory.o
 .debug_line    0x000000000000243e      0x281 out/cpio.o
 .debug_line    0x00000000000026bf       0xe6 out/function.o
 .debug_line    0x00000000000027a5      0x146 out/main.o
 .debug_line    0x00000000000028eb      0x1ec out/dev.o
 .debug_line    0x0000000000002ad7       0xe7 out/malloc.o
 .debug_line    0x0000000000002bbe      0x54d out/fat32.o
 .debug_line    0x000000000000310b       0x5e out/reboot.o
 .debug_line    0x0000000000003169      0x63f out/buddy_system.o
 .debug_line    0x00000000000037a8      0x470 out/thread.o
 .debug_line    0x0000000000003c18      0x1e7 out/system_call.o
 .debug_line    0x0000000000003dff      0x22f out/sd.o

.debug_info     0x0000000000000000    0x12fff
 .debug_info    0x0000000000000000       0x2e start.o
 .debug_info    0x000000000000002e       0x2e exeception.o
 .debug_info    0x000000000000005c      0xb85 out/mailbox.o
 .debug_info    0x0000000000000be1      0xb59 out/core_timer.o
 .debug_info    0x000000000000173a      0xead out/tmpfs.o
 .debug_info    0x00000000000025e7      0xdc8 out/uart.o
 .debug_info    0x00000000000033af      0xc78 out/irq.o
 .debug_info    0x0000000000004027      0xccb out/shell.o
 .debug_info    0x0000000000004cf2     0x1353 out/my_string.o
 .debug_info    0x0000000000006045     0x10c7 out/vfs.o
 .debug_info    0x000000000000710c     0x1550 out/exeception.o
 .debug_info    0x000000000000865c       0x72 out/math_.o
 .debug_info    0x00000000000086ce      0xcf9 out/devicetree.o
 .debug_info    0x00000000000093c7      0xbe9 out/reserve_memory.o
 .debug_info    0x0000000000009fb0      0xe4b out/cpio.o
 .debug_info    0x000000000000adfb      0xa8e out/function.o
 .debug_info    0x000000000000b889      0xadb out/main.o
 .debug_info    0x000000000000c364      0xcfe out/dev.o
 .debug_info    0x000000000000d062      0xab5 out/malloc.o
 .debug_info    0x000000000000db17     0x1667 out/fat32.o
 .debug_info    0x000000000000f17e       0xe2 out/reboot.o
 .debug_info    0x000000000000f260     0x101b out/buddy_system.o
 .debug_info    0x000000000001027b      0xec3 out/thread.o
 .debug_info    0x000000000001113e     0x114d out/system_call.o
 .debug_info    0x000000000001228b      0xd74 out/sd.o

.debug_abbrev   0x0000000000000000     0x381c
 .debug_abbrev  0x0000000000000000       0x14 start.o
 .debug_abbrev  0x0000000000000014       0x14 exeception.o
 .debug_abbrev  0x0000000000000028      0x24e out/mailbox.o
 .debug_abbrev  0x0000000000000276      0x257 out/core_timer.o
 .debug_abbrev  0x00000000000004cd      0x28a out/tmpfs.o
 .debug_abbrev  0x0000000000000757      0x2ea out/uart.o
 .debug_abbrev  0x0000000000000a41      0x253 out/irq.o
 .debug_abbrev  0x0000000000000c94      0x295 out/shell.o
 .debug_abbrev  0x0000000000000f29      0x31e out/my_string.o
 .debug_abbrev  0x0000000000001247      0x295 out/vfs.o
 .debug_abbrev  0x00000000000014dc      0x326 out/exeception.o
 .debug_abbrev  0x0000000000001802       0x4e out/math_.o
 .debug_abbrev  0x0000000000001850      0x23d out/devicetree.o
 .debug_abbrev  0x0000000000001a8d      0x248 out/reserve_memory.o
 .debug_abbrev  0x0000000000001cd5      0x2a9 out/cpio.o
 .debug_abbrev  0x0000000000001f7e      0x1f4 out/function.o
 .debug_abbrev  0x0000000000002172      0x216 out/main.o
 .debug_abbrev  0x0000000000002388      0x2b4 out/dev.o
 .debug_abbrev  0x000000000000263c      0x207 out/malloc.o
 .debug_abbrev  0x0000000000002843      0x32e out/fat32.o
 .debug_abbrev  0x0000000000002b71       0xac out/reboot.o
 .debug_abbrev  0x0000000000002c1d      0x303 out/buddy_system.o
 .debug_abbrev  0x0000000000002f20      0x324 out/thread.o
 .debug_abbrev  0x0000000000003244      0x2de out/system_call.o
 .debug_abbrev  0x0000000000003522      0x2fa out/sd.o

.debug_aranges  0x0000000000000000      0x4b0
 .debug_aranges
                0x0000000000000000       0x30 start.o
 .debug_aranges
                0x0000000000000030       0x30 exeception.o
 .debug_aranges
                0x0000000000000060       0x30 out/mailbox.o
 .debug_aranges
                0x0000000000000090       0x30 out/core_timer.o
 .debug_aranges
                0x00000000000000c0       0x30 out/tmpfs.o
 .debug_aranges
                0x00000000000000f0       0x30 out/uart.o
 .debug_aranges
                0x0000000000000120       0x30 out/irq.o
 .debug_aranges
                0x0000000000000150       0x30 out/shell.o
 .debug_aranges
                0x0000000000000180       0x30 out/my_string.o
 .debug_aranges
                0x00000000000001b0       0x30 out/vfs.o
 .debug_aranges
                0x00000000000001e0       0x30 out/exeception.o
 .debug_aranges
                0x0000000000000210       0x30 out/math_.o
 .debug_aranges
                0x0000000000000240       0x30 out/devicetree.o
 .debug_aranges
                0x0000000000000270       0x30 out/reserve_memory.o
 .debug_aranges
                0x00000000000002a0       0x30 out/cpio.o
 .debug_aranges
                0x00000000000002d0       0x30 out/function.o
 .debug_aranges
                0x0000000000000300       0x30 out/main.o
 .debug_aranges
                0x0000000000000330       0x30 out/dev.o
 .debug_aranges
                0x0000000000000360       0x30 out/malloc.o
 .debug_aranges
                0x0000000000000390       0x30 out/fat32.o
 .debug_aranges
                0x00000000000003c0       0x30 out/reboot.o
 .debug_aranges
                0x00000000000003f0       0x30 out/buddy_system.o
 .debug_aranges
                0x0000000000000420       0x30 out/thread.o
 .debug_aranges
                0x0000000000000450       0x30 out/system_call.o
 .debug_aranges
                0x0000000000000480       0x30 out/sd.o

.debug_str      0x0000000000000000     0x183a
 .debug_str     0x0000000000000000       0x33 start.o
 .debug_str     0x0000000000000033        0xd exeception.o
                                         0x38 (size before relaxing)
 .debug_str     0x0000000000000040      0x3e8 out/mailbox.o
                                        0x50d (size before relaxing)
 .debug_str     0x0000000000000428       0x57 out/core_timer.o
                                        0x51c (size before relaxing)
 .debug_str     0x000000000000047f      0x125 out/tmpfs.o
                                        0x5ff (size before relaxing)
 .debug_str     0x00000000000005a4      0x15c out/uart.o
                                        0x61b (size before relaxing)
 .debug_str     0x0000000000000700       0x6a out/irq.o
                                        0x52f (size before relaxing)
 .debug_str     0x000000000000076a       0x63 out/shell.o
                                        0x523 (size before relaxing)
 .debug_str     0x00000000000007cd      0x107 out/my_string.o
                                        0x60d (size before relaxing)
 .debug_str     0x00000000000008d4      0x1d7 out/vfs.o
                                        0x6ba (size before relaxing)
 .debug_str     0x0000000000000aab      0x227 out/exeception.o
                                        0x7bd (size before relaxing)
 .debug_str     0x0000000000000cd2       0x13 out/math_.o
                                         0xa7 (size before relaxing)
 .debug_str     0x0000000000000ce5      0x138 out/devicetree.o
                                        0x61c (size before relaxing)
 .debug_str     0x0000000000000e1d       0x8a out/reserve_memory.o
                                        0x576 (size before relaxing)
 .debug_str     0x0000000000000ea7       0x67 out/cpio.o
                                        0x5db (size before relaxing)
 .debug_str     0x0000000000000f0e       0x15 out/function.o
                                        0x4cf (size before relaxing)
 .debug_str     0x0000000000000f23       0x27 out/main.o
                                        0x4e1 (size before relaxing)
 .debug_str     0x0000000000000f4a       0xb1 out/dev.o
                                        0x57b (size before relaxing)
 .debug_str     0x0000000000000ffb       0x1b out/malloc.o
                                        0x4d5 (size before relaxing)
 .debug_str     0x0000000000001016      0x4d4 out/fat32.o
                                        0xa16 (size before relaxing)
 .debug_str     0x00000000000014ea       0x30 out/reboot.o
                                         0xeb (size before relaxing)
 .debug_str     0x000000000000151a      0x143 out/buddy_system.o
                                        0x633 (size before relaxing)
 .debug_str     0x000000000000165d       0xcd out/thread.o
                                        0x60f (size before relaxing)
 .debug_str     0x000000000000172a       0x80 out/system_call.o
                                        0x63b (size before relaxing)
 .debug_str     0x00000000000017aa       0x90 out/sd.o
                                        0x554 (size before relaxing)

.debug_ranges   0x0000000000000000      0x180
 .debug_ranges  0x0000000000000000       0x30 out/shell.o
 .debug_ranges  0x0000000000000030       0x90 out/exeception.o
 .debug_ranges  0x00000000000000c0       0x90 out/cpio.o
 .debug_ranges  0x0000000000000150       0x30 out/fat32.o
