
Allocating common symbols
Common symbol       size              file

mbox                0x20              out/mailbox.o
timer_queue         0x8               out/mailbox.o
CPIO_DEFAULT_PLACE  0x8               out/shell.o
task_queue          0x8               out/mailbox.o
queue_head          0x8               out/mailbox.o
DMA_head            0x8               out/reserve_memory.o
dtb_place           0x8               out/devicetree.o
buddy               0xf0              out/reserve_memory.o
CPIO_DEFAULT_PLACE_END
                    0x8               out/reserve_memory.o
frame_array         0x8               out/reserve_memory.o

Discarded input sections

 .comment       0x0000000000000000       0x2c out/mailbox.o
 .note.GNU-stack
                0x0000000000000000        0x0 out/mailbox.o
 .eh_frame      0x0000000000000000       0x98 out/mailbox.o
 .comment       0x0000000000000000       0x2c out/core_timer.o
 .note.GNU-stack
                0x0000000000000000        0x0 out/core_timer.o
 .eh_frame      0x0000000000000000       0x88 out/core_timer.o
 .comment       0x0000000000000000       0x2c out/uart.o
 .note.GNU-stack
                0x0000000000000000        0x0 out/uart.o
 .eh_frame      0x0000000000000000      0x1a8 out/uart.o
 .comment       0x0000000000000000       0x2c out/irq.o
 .note.GNU-stack
                0x0000000000000000        0x0 out/irq.o
 .eh_frame      0x0000000000000000       0x98 out/irq.o
 .comment       0x0000000000000000       0x2c out/shell.o
 .note.GNU-stack
                0x0000000000000000        0x0 out/shell.o
 .eh_frame      0x0000000000000000       0x90 out/shell.o
 .comment       0x0000000000000000       0x2c out/my_string.o
 .note.GNU-stack
                0x0000000000000000        0x0 out/my_string.o
 .eh_frame      0x0000000000000000      0x150 out/my_string.o
 .comment       0x0000000000000000       0x2c out/exeception.o
 .note.GNU-stack
                0x0000000000000000        0x0 out/exeception.o
 .eh_frame      0x0000000000000000       0x58 out/exeception.o
 .comment       0x0000000000000000       0x2c out/math_.o
 .note.GNU-stack
                0x0000000000000000        0x0 out/math_.o
 .eh_frame      0x0000000000000000       0x38 out/math_.o
 .comment       0x0000000000000000       0x2c out/devicetree.o
 .note.GNU-stack
                0x0000000000000000        0x0 out/devicetree.o
 .eh_frame      0x0000000000000000       0x70 out/devicetree.o
 .comment       0x0000000000000000       0x2c out/reserve_memory.o
 .note.GNU-stack
                0x0000000000000000        0x0 out/reserve_memory.o
 .eh_frame      0x0000000000000000       0x58 out/reserve_memory.o
 .comment       0x0000000000000000       0x2c out/cpio.o
 .note.GNU-stack
                0x0000000000000000        0x0 out/cpio.o
 .eh_frame      0x0000000000000000       0xd0 out/cpio.o
 .comment       0x0000000000000000       0x2c out/main.o
 .note.GNU-stack
                0x0000000000000000        0x0 out/main.o
 .eh_frame      0x0000000000000000       0x38 out/main.o
 .comment       0x0000000000000000       0x2c out/malloc.o
 .note.GNU-stack
                0x0000000000000000        0x0 out/malloc.o
 .eh_frame      0x0000000000000000       0x30 out/malloc.o
 .comment       0x0000000000000000       0x2c out/reboot.o
 .note.GNU-stack
                0x0000000000000000        0x0 out/reboot.o
 .eh_frame      0x0000000000000000       0x70 out/reboot.o
 .comment       0x0000000000000000       0x2c out/buddy_system.o
 .note.GNU-stack
                0x0000000000000000        0x0 out/buddy_system.o
 .eh_frame      0x0000000000000000      0x158 out/buddy_system.o

Memory Configuration

Name             Origin             Length             Attributes
*default*        0x0000000000000000 0xffffffffffffffff

Linker script and memory map

LOAD start.o
LOAD exeception.o
LOAD out/mailbox.o
LOAD out/core_timer.o
LOAD out/uart.o
LOAD out/irq.o
LOAD out/shell.o
LOAD out/my_string.o
LOAD out/exeception.o
LOAD out/math_.o
LOAD out/devicetree.o
LOAD out/reserve_memory.o
LOAD out/cpio.o
LOAD out/main.o
LOAD out/malloc.o
LOAD out/reboot.o
LOAD out/buddy_system.o
                0x0000000000080000                . = 0x80000

.text           0x0000000000080000     0x637c
 *(.text.boot)
 .text.boot     0x0000000000080000       0xa0 start.o
                0x0000000000080000                _start
 *(.text)
 .text          0x00000000000800a0        0x0 start.o
 *fill*         0x00000000000800a0      0x760 
 .text          0x0000000000080800     0x12f0 exeception.o
                0x0000000000080800                exception_vector_table
                0x0000000000081ac0                core_timer_enable
                0x0000000000081ad8                core_timer_disable
 .text          0x0000000000081af0      0x2c8 out/mailbox.o
                0x0000000000081af0                sysinfo
                0x0000000000081bb8                get_info
                0x0000000000081c58                get_info_mem
                0x0000000000081d04                mailbox_call
 .text          0x0000000000081db8       0xc0 out/core_timer.o
                0x0000000000081db8                timer_on
                0x0000000000081dd8                set_expired_time
                0x0000000000081e04                current_time
                0x0000000000081e2c                print_time_mes
 .text          0x0000000000081e78      0x6d0 out/uart.o
                0x0000000000081e78                uart_init
                0x0000000000081f90                uart_send
                0x0000000000081fd0                uart_getc
                0x0000000000082020                uart_puts
                0x000000000008207c                uart_printf
                0x0000000000082138                uart_flush
                0x000000000008216c                async_handler
                0x000000000008221c                w_handler
                0x00000000000822fc                r_handler
                0x000000000008239c                async_send
                0x000000000008241c                async_getc
                0x00000000000824b8                enable_uart_r_interrupt
                0x00000000000824dc                disable_uart_r_interrupt
                0x0000000000082500                enable_uart_w_interrupt
                0x0000000000082524                disable_uart_w_interrupt
 .text          0x0000000000082548      0x5e4 out/irq.o
                0x0000000000082548                irq_handle
                0x00000000000825a8                add_irq
                0x00000000000827d8                pop_irq
                0x0000000000082898                add_priority_queue
 .text          0x0000000000082b2c      0x770 out/shell.o
                0x0000000000082b2c                shell
                0x0000000000082b4c                shell_decode
                0x0000000000082e30                parse_CSI
                0x0000000000082eb0                do_
 .text          0x000000000008329c      0xc70 out/my_string.o
                0x000000000008329c                vsprintf
                0x00000000000836d0                itoa
                0x000000000008381c                ftoa
                0x000000000008399c                strcmp
                0x0000000000083a14                itox
                0x0000000000083b5c                strlen
                0x0000000000083ba0                strcpy
                0x0000000000083bfc                strncpy
                0x0000000000083c60                strncmp
                0x0000000000083d14                align_up
                0x0000000000083d44                memcpy
                0x0000000000083da8                hextol
 .text          0x0000000000083f0c       0x84 out/exeception.o
                0x0000000000083f0c                exeception_handle
                0x0000000000083f78                enable_interrupt
                0x0000000000083f84                disable_interrupt
 .text          0x0000000000083f90       0x3c out/math_.o
                0x0000000000083f90                pow
 .text          0x0000000000083fcc      0x35c out/devicetree.o
                0x0000000000083fcc                uint32_endian_big2lttle
                0x000000000008402c                fdt_traverse
                0x000000000008427c                dtb_callback_initramfs
 .text          0x0000000000084328      0x474 out/reserve_memory.o
                0x0000000000084328                memory_reserve
                0x00000000000846d8                mem_zone_reserve
 .text          0x000000000008479c      0x500 out/cpio.o
                0x000000000008479c                parse_hex
                0x00000000000848f8                cpio_parse_header
                0x0000000000084a24                ls
                0x0000000000084aac                cat
                0x0000000000084b7c                exec
                0x0000000000084c0c                exec_file
 .text          0x0000000000084c9c      0x324 out/main.o
                0x0000000000084c9c                main
 .text          0x0000000000084fc0       0x54 out/malloc.o
                0x0000000000084fc0                simple_malloc
 .text          0x0000000000085014       0xa8 out/reboot.o
                0x0000000000085014                set
                0x0000000000085040                reset
                0x0000000000085088                cancel_reset
 .text          0x00000000000850bc     0x12c0 out/buddy_system.o
                0x00000000000850bc                init_buddy
                0x000000000008534c                kmalloc
                0x00000000000857d8                kfree
                0x0000000000085a10                init_DMA
                0x0000000000085c50                DMA_order_funct
                0x0000000000085cac                DMA_malloc
                0x0000000000085df4                DMA_free
                0x0000000000085f48                merge_page
                0x00000000000860a0                delete_page_in_freelists
                0x000000000008620c                switch_status_page_in_frame_list
                0x0000000000086288                print_log

.iplt           0x000000000008637c        0x0
 .iplt          0x000000000008637c        0x0 start.o

.rodata         0x0000000000086380      0x9ca
 *(.rodata)
 .rodata        0x0000000000086380       0x71 out/mailbox.o
 *fill*         0x00000000000863f1        0x7 
 .rodata        0x00000000000863f8        0x9 out/core_timer.o
 *fill*         0x0000000000086401        0x7 
 .rodata        0x0000000000086408       0x3b out/uart.o
 *fill*         0x0000000000086443        0x5 
 .rodata        0x0000000000086448       0xac out/irq.o
 *fill*         0x00000000000864f4        0x4 
 .rodata        0x00000000000864f8      0x2ce out/shell.o
 *fill*         0x00000000000867c6        0x2 
 .rodata        0x00000000000867c8       0x50 out/exeception.o
 .rodata        0x0000000000086818       0x61 out/devicetree.o
 *fill*         0x0000000000086879        0x7 
 .rodata        0x0000000000086880       0x62 out/reserve_memory.o
 *fill*         0x00000000000868e2        0x6 
 .rodata        0x00000000000868e8       0x48 out/cpio.o
 .rodata        0x0000000000086930      0x2a4 out/main.o
 *fill*         0x0000000000086bd4        0x4 
 .rodata        0x0000000000086bd8      0x172 out/buddy_system.o
                [!provide]                        PROVIDE (_data = .)

.rela.dyn       0x0000000000086d50        0x0
 .rela.iplt     0x0000000000086d50        0x0 start.o
 .rela.text.boot
                0x0000000000086d50        0x0 start.o
 .rela.got      0x0000000000086d50        0x0 start.o
 .rela.data.rel
                0x0000000000086d50        0x0 start.o

.data           0x0000000000086d4c        0x4
 *(.data)
 .data          0x0000000000086d4c        0x0 start.o
 .data          0x0000000000086d4c        0x0 exeception.o
 .data          0x0000000000086d4c        0x0 out/mailbox.o
 .data          0x0000000000086d4c        0x0 out/core_timer.o
 .data          0x0000000000086d4c        0x0 out/uart.o
 .data          0x0000000000086d4c        0x4 out/irq.o
                0x0000000000086d4c                cur_nv
 .data          0x0000000000086d50        0x0 out/shell.o
 .data          0x0000000000086d50        0x0 out/my_string.o
 .data          0x0000000000086d50        0x0 out/exeception.o
 .data          0x0000000000086d50        0x0 out/math_.o
 .data          0x0000000000086d50        0x0 out/devicetree.o
 .data          0x0000000000086d50        0x0 out/reserve_memory.o
 .data          0x0000000000086d50        0x0 out/cpio.o
 .data          0x0000000000086d50        0x0 out/main.o
 .data          0x0000000000086d50        0x0 out/malloc.o
 .data          0x0000000000086d50        0x0 out/reboot.o
 .data          0x0000000000086d50        0x0 out/buddy_system.o

.igot.plt       0x0000000000086d50        0x0
 .igot.plt      0x0000000000086d50        0x0 start.o

.got            0x0000000000086d50       0x80
 .got           0x0000000000086d50       0x80 start.o
                0x0000000000086d50                _GLOBAL_OFFSET_TABLE_

.got.plt        0x0000000000086dd0       0x18
 .got.plt       0x0000000000086dd0       0x18 start.o

.data.rel       0x0000000000086de8       0x48
 .data.rel      0x0000000000086de8       0x30 out/reserve_memory.o
                0x0000000000086de8                spin_start
                0x0000000000086df0                spin_end
                0x0000000000086df8                heap_start
                0x0000000000086e00                heap_end
                0x0000000000086e08                kernel_start
                0x0000000000086e10                kernel_end
 .data.rel      0x0000000000086e18        0x8 out/malloc.o
                0x0000000000086e18                top
 .data.rel      0x0000000000086e20       0x10 out/buddy_system.o
                0x0000000000086e20                buddy_start
                0x0000000000086e28                buddy_end

.bss            0x0000000000086e30      0x970
                0x0000000000086e30                . = ALIGN (0x10)
                0x0000000000086e30                __bss_start = .
 *(.bss .bss.*)
 .bss           0x0000000000086e30        0x0 start.o
 .bss           0x0000000000086e30        0x0 exeception.o
 .bss           0x0000000000086e30        0x0 out/mailbox.o
 .bss           0x0000000000086e30        0x0 out/core_timer.o
 .bss           0x0000000000086e30      0x814 out/uart.o
                0x0000000000086e30                tx_buf
                0x0000000000087230                tx_write_idx
                0x0000000000087234                tx_read_idx
                0x0000000000087238                rx_buf
                0x0000000000087638                rx_write_idx
                0x000000000008763c                rx_read_idx
                0x0000000000087640                a
 .bss           0x0000000000087644        0x0 out/irq.o
 .bss           0x0000000000087644        0x0 out/shell.o
 .bss           0x0000000000087644        0x0 out/my_string.o
 .bss           0x0000000000087644        0x0 out/exeception.o
 .bss           0x0000000000087644        0x0 out/math_.o
 *fill*         0x0000000000087644        0x4 
 .bss           0x0000000000087648        0x8 out/devicetree.o
                0x0000000000087648                dtb_len
 .bss           0x0000000000087650        0x0 out/reserve_memory.o
 .bss           0x0000000000087650        0x0 out/cpio.o
 .bss           0x0000000000087650        0x0 out/main.o
 .bss           0x0000000000087650        0x0 out/malloc.o
 .bss           0x0000000000087650        0x0 out/reboot.o
 .bss           0x0000000000087650        0x0 out/buddy_system.o
 *(COMMON)
 COMMON         0x0000000000087650       0x38 out/mailbox.o
                0x0000000000087650                mbox
                0x0000000000087670                timer_queue
                0x0000000000087678                task_queue
                0x0000000000087680                queue_head
 COMMON         0x0000000000087688        0x8 out/shell.o
                0x0000000000087688                CPIO_DEFAULT_PLACE
 COMMON         0x0000000000087690        0x8 out/devicetree.o
                0x0000000000087690                dtb_place
 COMMON         0x0000000000087698      0x108 out/reserve_memory.o
                0x0000000000087698                DMA_head
                0x00000000000876a0                buddy
                0x0000000000087790                CPIO_DEFAULT_PLACE_END
                0x0000000000087798                frame_array
                0x00000000000877a0                __bss_end = .
                0x00000000000877a0                _end = .

/DISCARD/
 *(.comment)
 *(.gnu*)
 *(.note*)
 *(.eh_frame*)
                0x000000000000012e                __bss_size = ((__bss_end - __bss_start) >> 0x3)
                0x0000000000200000                _heap_start = 0x200000
                0x0000000001000000                _heap_end = 0x1000000
                0x0000000000000000                _spin_table_start = 0x0
                0x0000000000001000                _spin_table_end = 0x1000
                0x0000000000000000                _buddy_start = 0x0
                0x000000003c000000                _buddy_end = 0x3c000000
                0x0000000000060000                _kernel_start = 0x60000
                0x00000000000877a0                _kernel_end = _end
OUTPUT(kernel8.elf elf64-littleaarch64)
LOAD linker stubs

.debug_line     0x0000000000000000     0x1cfc
 .debug_line    0x0000000000000000       0x5e start.o
 .debug_line    0x000000000000005e       0xd9 exeception.o
 .debug_line    0x0000000000000137      0x111 out/mailbox.o
 .debug_line    0x0000000000000248       0x96 out/core_timer.o
 .debug_line    0x00000000000002de      0x2a9 out/uart.o
 .debug_line    0x0000000000000587      0x226 out/irq.o
 .debug_line    0x00000000000007ad      0x316 out/shell.o
 .debug_line    0x0000000000000ac3      0x482 out/my_string.o
 .debug_line    0x0000000000000f45       0x83 out/exeception.o
 .debug_line    0x0000000000000fc8       0x48 out/math_.o
 .debug_line    0x0000000000001010      0x168 out/devicetree.o
 .debug_line    0x0000000000001178      0x194 out/reserve_memory.o
 .debug_line    0x000000000000130c      0x21d out/cpio.o
 .debug_line    0x0000000000001529      0x116 out/main.o
 .debug_line    0x000000000000163f       0x6f out/malloc.o
 .debug_line    0x00000000000016ae       0x62 out/reboot.o
 .debug_line    0x0000000000001710      0x5ec out/buddy_system.o

.debug_info     0x0000000000000000     0x3db9
 .debug_info    0x0000000000000000       0x2e start.o
 .debug_info    0x000000000000002e       0x2e exeception.o
 .debug_info    0x000000000000005c      0x2b4 out/mailbox.o
 .debug_info    0x0000000000000310      0x2a4 out/core_timer.o
 .debug_info    0x00000000000005b4      0x51a out/uart.o
 .debug_info    0x0000000000000ace      0x3a1 out/irq.o
 .debug_info    0x0000000000000e6f      0x3bf out/shell.o
 .debug_info    0x000000000000122e      0x6e4 out/my_string.o
 .debug_info    0x0000000000001912      0x247 out/exeception.o
 .debug_info    0x0000000000001b59       0x72 out/math_.o
 .debug_info    0x0000000000001bcb      0x480 out/devicetree.o
 .debug_info    0x000000000000204b      0x5c6 out/reserve_memory.o
 .debug_info    0x0000000000002611      0x5c8 out/cpio.o
 .debug_info    0x0000000000002bd9      0x571 out/main.o
 .debug_info    0x000000000000314a      0x1ff out/malloc.o
 .debug_info    0x0000000000003349       0xe2 out/reboot.o
 .debug_info    0x000000000000342b      0x98e out/buddy_system.o

.debug_abbrev   0x0000000000000000     0x14fd
 .debug_abbrev  0x0000000000000000       0x14 start.o
 .debug_abbrev  0x0000000000000014       0x14 exeception.o
 .debug_abbrev  0x0000000000000028      0x16d out/mailbox.o
 .debug_abbrev  0x0000000000000195      0x159 out/core_timer.o
 .debug_abbrev  0x00000000000002ee      0x209 out/uart.o
 .debug_abbrev  0x00000000000004f7      0x155 out/irq.o
 .debug_abbrev  0x000000000000064c      0x1d9 out/shell.o
 .debug_abbrev  0x0000000000000825      0x11e out/my_string.o
 .debug_abbrev  0x0000000000000943      0x10e out/exeception.o
 .debug_abbrev  0x0000000000000a51       0x4e out/math_.o
 .debug_abbrev  0x0000000000000a9f      0x175 out/devicetree.o
 .debug_abbrev  0x0000000000000c14      0x180 out/reserve_memory.o
 .debug_abbrev  0x0000000000000d94      0x1d1 out/cpio.o
 .debug_abbrev  0x0000000000000f65      0x169 out/main.o
 .debug_abbrev  0x00000000000010ce      0x121 out/malloc.o
 .debug_abbrev  0x00000000000011ef       0xac out/reboot.o
 .debug_abbrev  0x000000000000129b      0x262 out/buddy_system.o

.debug_aranges  0x0000000000000000      0x330
 .debug_aranges
                0x0000000000000000       0x30 start.o
 .debug_aranges
                0x0000000000000030       0x30 exeception.o
 .debug_aranges
                0x0000000000000060       0x30 out/mailbox.o
 .debug_aranges
                0x0000000000000090       0x30 out/core_timer.o
 .debug_aranges
                0x00000000000000c0       0x30 out/uart.o
 .debug_aranges
                0x00000000000000f0       0x30 out/irq.o
 .debug_aranges
                0x0000000000000120       0x30 out/shell.o
 .debug_aranges
                0x0000000000000150       0x30 out/my_string.o
 .debug_aranges
                0x0000000000000180       0x30 out/exeception.o
 .debug_aranges
                0x00000000000001b0       0x30 out/math_.o
 .debug_aranges
                0x00000000000001e0       0x30 out/devicetree.o
 .debug_aranges
                0x0000000000000210       0x30 out/reserve_memory.o
 .debug_aranges
                0x0000000000000240       0x30 out/cpio.o
 .debug_aranges
                0x0000000000000270       0x30 out/main.o
 .debug_aranges
                0x00000000000002a0       0x30 out/malloc.o
 .debug_aranges
                0x00000000000002d0       0x30 out/reboot.o
 .debug_aranges
                0x0000000000000300       0x30 out/buddy_system.o

.debug_str      0x0000000000000000      0xb29
 .debug_str     0x0000000000000000       0x33 start.o
 .debug_str     0x0000000000000033        0xd exeception.o
                                         0x38 (size before relaxing)
 .debug_str     0x0000000000000040      0x149 out/mailbox.o
                                        0x19a (size before relaxing)
 .debug_str     0x0000000000000189       0x5d out/core_timer.o
                                        0x1b4 (size before relaxing)
 .debug_str     0x00000000000001e6      0x15c out/uart.o
                                        0x2b3 (size before relaxing)
 .debug_str     0x0000000000000342       0x6a out/irq.o
                                        0x1bc (size before relaxing)
 .debug_str     0x00000000000003ac       0x71 out/shell.o
                                        0x1c8 (size before relaxing)
 .debug_str     0x000000000000041d       0xc8 out/my_string.o
                                        0x1d1 (size before relaxing)
 .debug_str     0x00000000000004e5       0x5f out/exeception.o
                                        0x1cf (size before relaxing)
 .debug_str     0x0000000000000544       0x13 out/math_.o
                                         0xa7 (size before relaxing)
 .debug_str     0x0000000000000557      0x170 out/devicetree.o
                                        0x2f5 (size before relaxing)
 .debug_str     0x00000000000006c7      0x16b out/reserve_memory.o
                                        0x357 (size before relaxing)
 .debug_str     0x0000000000000832      0x10b out/cpio.o
                                        0x28f (size before relaxing)
 .debug_str     0x000000000000093d       0x6d out/main.o
                                        0x30d (size before relaxing)
 .debug_str     0x00000000000009aa       0x1b out/malloc.o
                                        0x165 (size before relaxing)
 .debug_str     0x00000000000009c5       0x25 out/reboot.o
                                         0xe0 (size before relaxing)
 .debug_str     0x00000000000009ea      0x13f out/buddy_system.o
                                        0x399 (size before relaxing)

.debug_ranges   0x0000000000000000       0xc0
 .debug_ranges  0x0000000000000000       0x30 out/shell.o
 .debug_ranges  0x0000000000000030       0x90 out/cpio.o
