
Allocating common symbols
Common symbol       size              file

kernel_thread       0x8               out/mailbox.o
mbox                0x20              out/mailbox.o
thread_count        0x4               out/mailbox.o
timer_queue         0x8               out/mailbox.o
CPIO_DEFAULT_PLACE  0x8               out/mailbox.o
task_queue          0x8               out/mailbox.o
queue_head          0x8               out/mailbox.o
DMA_head            0x8               out/mailbox.o
dtb_place           0x8               out/devicetree.o
thread_queue        0x8               out/mailbox.o
buddy               0xf0              out/mailbox.o
zombie_queue        0x8               out/mailbox.o
CPIO_DEFAULT_PLACE_END
                    0x8               out/reserve_memory.o
frame_array         0x8               out/mailbox.o

Discarded input sections

 .comment       0x0000000000000000       0x2c out/mailbox.o
 .note.GNU-stack
                0x0000000000000000        0x0 out/mailbox.o
 .eh_frame      0x0000000000000000       0xb8 out/mailbox.o
 .comment       0x0000000000000000       0x2c out/core_timer.o
 .note.GNU-stack
                0x0000000000000000        0x0 out/core_timer.o
 .eh_frame      0x0000000000000000       0x88 out/core_timer.o
 .comment       0x0000000000000000       0x2c out/uart.o
 .note.GNU-stack
                0x0000000000000000        0x0 out/uart.o
 .eh_frame      0x0000000000000000      0x1a8 out/uart.o
 .comment       0x0000000000000000       0x2c out/irq.o
 .note.GNU-stack
                0x0000000000000000        0x0 out/irq.o
 .eh_frame      0x0000000000000000       0x98 out/irq.o
 .comment       0x0000000000000000       0x2c out/shell.o
 .note.GNU-stack
                0x0000000000000000        0x0 out/shell.o
 .eh_frame      0x0000000000000000       0x90 out/shell.o
 .comment       0x0000000000000000       0x2c out/my_string.o
 .note.GNU-stack
                0x0000000000000000        0x0 out/my_string.o
 .eh_frame      0x0000000000000000      0x150 out/my_string.o
 .comment       0x0000000000000000       0x2c out/exeception.o
 .note.GNU-stack
                0x0000000000000000        0x0 out/exeception.o
 .eh_frame      0x0000000000000000      0x250 out/exeception.o
 .comment       0x0000000000000000       0x2c out/math_.o
 .note.GNU-stack
                0x0000000000000000        0x0 out/math_.o
 .eh_frame      0x0000000000000000       0x38 out/math_.o
 .comment       0x0000000000000000       0x2c out/devicetree.o
 .note.GNU-stack
                0x0000000000000000        0x0 out/devicetree.o
 .eh_frame      0x0000000000000000       0x70 out/devicetree.o
 .comment       0x0000000000000000       0x2c out/reserve_memory.o
 .note.GNU-stack
                0x0000000000000000        0x0 out/reserve_memory.o
 .eh_frame      0x0000000000000000       0x58 out/reserve_memory.o
 .comment       0x0000000000000000       0x2c out/cpio.o
 .note.GNU-stack
                0x0000000000000000        0x0 out/cpio.o
 .eh_frame      0x0000000000000000       0xd0 out/cpio.o
 .comment       0x0000000000000000       0x2c out/function.o
 .note.GNU-stack
                0x0000000000000000        0x0 out/function.o
 .eh_frame      0x0000000000000000       0x30 out/function.o
 .comment       0x0000000000000000       0x2c out/main.o
 .note.GNU-stack
                0x0000000000000000        0x0 out/main.o
 .eh_frame      0x0000000000000000       0x38 out/main.o
 .comment       0x0000000000000000       0x2c out/malloc.o
 .note.GNU-stack
                0x0000000000000000        0x0 out/malloc.o
 .eh_frame      0x0000000000000000       0x30 out/malloc.o
 .comment       0x0000000000000000       0x2c out/reboot.o
 .note.GNU-stack
                0x0000000000000000        0x0 out/reboot.o
 .eh_frame      0x0000000000000000       0x70 out/reboot.o
 .comment       0x0000000000000000       0x2c out/buddy_system.o
 .note.GNU-stack
                0x0000000000000000        0x0 out/buddy_system.o
 .eh_frame      0x0000000000000000      0x158 out/buddy_system.o
 .comment       0x0000000000000000       0x2c out/thread.o
 .note.GNU-stack
                0x0000000000000000        0x0 out/thread.o
 .eh_frame      0x0000000000000000      0x190 out/thread.o
 .comment       0x0000000000000000       0x2c out/system_call.o
 .note.GNU-stack
                0x0000000000000000        0x0 out/system_call.o
 .eh_frame      0x0000000000000000      0x140 out/system_call.o

Memory Configuration

Name             Origin             Length             Attributes
*default*        0x0000000000000000 0xffffffffffffffff

Linker script and memory map

LOAD start.o
LOAD exeception.o
LOAD out/mailbox.o
LOAD out/core_timer.o
LOAD out/uart.o
LOAD out/irq.o
LOAD out/shell.o
LOAD out/my_string.o
LOAD out/exeception.o
LOAD out/math_.o
LOAD out/devicetree.o
LOAD out/reserve_memory.o
LOAD out/cpio.o
LOAD out/function.o
LOAD out/main.o
LOAD out/malloc.o
LOAD out/reboot.o
LOAD out/buddy_system.o
LOAD out/thread.o
LOAD out/system_call.o
                0x0000000000080000                . = 0x80000

.text           0x0000000000080000     0x7c40
 *(.text.boot)
 .text.boot     0x0000000000080000       0xa0 start.o
                0x0000000000080000                _start
 *(.text)
 .text          0x00000000000800a0        0x0 start.o
 *fill*         0x00000000000800a0      0x760 
 .text          0x0000000000080800     0x1450 exeception.o
                0x0000000000080800                exception_vector_table
                0x0000000000081b58                core_timer_enable
                0x0000000000081b70                core_timer_disable
                0x0000000000081b80                switch_to
                0x0000000000081bd0                get_current
                0x0000000000081bd8                return_to_user
                0x0000000000081c30                SIG_return
                0x0000000000081c3c                handler
 .text          0x0000000000081c50      0x37c out/mailbox.o
                0x0000000000081c50                sysinfo
                0x0000000000081d18                get_info
                0x0000000000081db8                get_info_mem
                0x0000000000081e64                mailbox_call
                0x0000000000081f18                sys_mailbox
 .text          0x0000000000081fcc       0xc0 out/core_timer.o
                0x0000000000081fcc                timer_on
                0x0000000000081fec                set_expired_time
                0x0000000000082018                current_time
                0x0000000000082040                print_time_mes
 .text          0x000000000008208c      0x6a0 out/uart.o
                0x000000000008208c                uart_init
                0x00000000000821a4                uart_send
                0x00000000000821e4                uart_getc
                0x0000000000082234                uart_puts
                0x0000000000082290                uart_printf
                0x000000000008234c                uart_flush
                0x0000000000082380                async_handler
                0x0000000000082430                w_handler
                0x00000000000824ec                r_handler
                0x0000000000082580                async_send
                0x0000000000082600                async_getc
                0x000000000008269c                enable_uart_r_interrupt
                0x00000000000826c0                disable_uart_r_interrupt
                0x00000000000826e4                enable_uart_w_interrupt
                0x0000000000082708                disable_uart_w_interrupt
 .text          0x000000000008272c      0x5c0 out/irq.o
                0x000000000008272c                irq_handle
                0x0000000000082790                add_irq
                0x00000000000829c0                pop_irq
                0x0000000000082a80                add_priority_queue
 .text          0x0000000000082cec      0x944 out/shell.o
                0x0000000000082cec                shell
                0x0000000000082d0c                shell_decode
                0x0000000000082ff0                parse_CSI
                0x0000000000083070                do_
 .text          0x0000000000083630      0xc70 out/my_string.o
                0x0000000000083630                vsprintf
                0x0000000000083a64                itoa
                0x0000000000083bb0                ftoa
                0x0000000000083d30                strcmp
                0x0000000000083da8                itox
                0x0000000000083ef0                strlen
                0x0000000000083f34                strcpy
                0x0000000000083f90                strncpy
                0x0000000000083ff4                strncmp
                0x00000000000840a8                align_up
                0x00000000000840d8                memcpy
                0x000000000008413c                hextol
 .text          0x00000000000842a0      0xcd0 out/exeception.o
                0x00000000000842a0                exeception_handle
                0x000000000008430c                svc_handler
                0x000000000008453c                enable_interrupt
                0x0000000000084548                disable_interrupt
                0x0000000000084554                exec_function
                0x0000000000084658                fork_exec
                0x00000000000848e0                sys_read
                0x000000000008499c                sys_write
                0x0000000000084a20                from_el12el0
                0x0000000000084a7c                exit_
                0x0000000000084b00                kill_
                0x0000000000084c00                sys_mbox
                0x0000000000084c30                signal_
                0x0000000000084c90                sig_handler
                0x0000000000084ce0                sig_call
                0x0000000000084d50                signal_kill
                0x0000000000084e54                do_signal
                0x0000000000084f1c                signal_return
                0x0000000000084f30                save_rsp
 .text          0x0000000000084f70       0x3c out/math_.o
                0x0000000000084f70                pow
 .text          0x0000000000084fac      0x35c out/devicetree.o
                0x0000000000084fac                uint32_endian_big2lttle
                0x000000000008500c                fdt_traverse
                0x000000000008525c                dtb_callback_initramfs
 .text          0x0000000000085308      0x480 out/reserve_memory.o
                0x0000000000085308                memory_reserve
                0x00000000000856c4                mem_zone_reserve
 .text          0x0000000000085788      0x500 out/cpio.o
                0x0000000000085788                parse_hex
                0x00000000000858e4                cpio_parse_header
                0x0000000000085a10                ls
                0x0000000000085a98                cat
                0x0000000000085b68                exec_
                0x0000000000085bf8                exec_file
 .text          0x0000000000085c88       0x34 out/function.o
                0x0000000000085c88                delay
 .text          0x0000000000085cbc      0x1e8 out/main.o
                0x0000000000085cbc                main
 .text          0x0000000000085ea4       0x54 out/malloc.o
                0x0000000000085ea4                simple_malloc
 .text          0x0000000000085ef8       0xa8 out/reboot.o
                0x0000000000085ef8                set
                0x0000000000085f24                reset
                0x0000000000085f6c                cancel_reset
 .text          0x0000000000085fa0     0x1280 out/buddy_system.o
                0x0000000000085fa0                init_buddy
                0x0000000000086230                kmalloc
                0x00000000000866a0                kfree
                0x00000000000868cc                init_DMA
                0x0000000000086af0                DMA_order_funct
                0x0000000000086b4c                DMA_malloc
                0x0000000000086c94                DMA_free
                0x0000000000086de8                merge_page
                0x0000000000086f40                delete_page_in_freelists
                0x00000000000870b0                switch_status_page_in_frame_list
                0x000000000008712c                print_log
 .text          0x0000000000087220      0x83c out/thread.o
                0x0000000000087220                test_function
                0x0000000000087280                init_thread
                0x00000000000873c8                thread_create
                0x000000000008751c                thread_queue_insert
                0x00000000000875fc                degub_info
                0x0000000000087674                thread_queue_delete
                0x000000000008773c                thread_queue_find
                0x00000000000877c0                schedule
                0x0000000000087844                idle
                0x0000000000087858                kill_zombies
                0x0000000000087930                scheduler_timer
                0x0000000000087954                test1
                0x00000000000879b8                fork_test
 .text          0x0000000000087a5c      0x1e4 out/system_call.o
                0x0000000000087a5c                getpid
                0x0000000000087a7c                uart_read
                0x0000000000087aa4                uart_write
                0x0000000000087acc                exec
                0x0000000000087af4                fork
                0x0000000000087b14                exit
                0x0000000000087b28                kill__
                0x0000000000087b80                mbox_call
                0x0000000000087ba4                test_handler
                0x0000000000087be4                signal
                0x0000000000087c04                kill
                0x0000000000087c24                call_signal

.iplt           0x0000000000087c40        0x0
 .iplt          0x0000000000087c40        0x0 start.o

.rodata         0x0000000000087c40      0x8ac
 *(.rodata)
 .rodata        0x0000000000087c40       0x71 out/mailbox.o
 *fill*         0x0000000000087cb1        0x7 
 .rodata        0x0000000000087cb8        0x9 out/core_timer.o
 *fill*         0x0000000000087cc1        0x7 
 .rodata        0x0000000000087cc8       0x1a out/uart.o
 *fill*         0x0000000000087ce2        0x6 
 .rodata        0x0000000000087ce8       0x4b out/irq.o
 *fill*         0x0000000000087d33        0x5 
 .rodata        0x0000000000087d38      0x38e out/shell.o
 *fill*         0x00000000000880c6        0x2 
 .rodata        0x00000000000880c8      0x11f out/exeception.o
 *fill*         0x00000000000881e7        0x1 
 .rodata        0x00000000000881e8       0x61 out/devicetree.o
 *fill*         0x0000000000088249        0x7 
 .rodata        0x0000000000088250       0x62 out/reserve_memory.o
 *fill*         0x00000000000882b2        0x6 
 .rodata        0x00000000000882b8       0x48 out/cpio.o
 .rodata        0x0000000000088300       0xce out/main.o
 *fill*         0x00000000000883ce        0x2 
 .rodata        0x00000000000883d0       0x2a out/buddy_system.o
 *fill*         0x00000000000883fa        0x6 
 .rodata        0x0000000000088400       0x9f out/thread.o
 *fill*         0x000000000008849f        0x1 
 .rodata        0x00000000000884a0       0x4c out/system_call.o
                [!provide]                        PROVIDE (_data = .)

.rela.dyn       0x00000000000884f0        0x0
 .rela.iplt     0x00000000000884f0        0x0 start.o
 .rela.text.boot
                0x00000000000884f0        0x0 start.o
 .rela.got      0x00000000000884f0        0x0 start.o
 .rela.data.rel
                0x00000000000884f0        0x0 start.o

.data           0x00000000000884ec        0x8
 *(.data)
 .data          0x00000000000884ec        0x0 start.o
 .data          0x00000000000884ec        0x0 exeception.o
 .data          0x00000000000884ec        0x0 out/mailbox.o
 .data          0x00000000000884ec        0x0 out/core_timer.o
 .data          0x00000000000884ec        0x0 out/uart.o
 .data          0x00000000000884ec        0x4 out/irq.o
                0x00000000000884ec                cur_nv
 .data          0x00000000000884f0        0x0 out/shell.o
 .data          0x00000000000884f0        0x0 out/my_string.o
 .data          0x00000000000884f0        0x0 out/exeception.o
 .data          0x00000000000884f0        0x0 out/math_.o
 .data          0x00000000000884f0        0x0 out/devicetree.o
 .data          0x00000000000884f0        0x0 out/reserve_memory.o
 .data          0x00000000000884f0        0x0 out/cpio.o
 .data          0x00000000000884f0        0x0 out/function.o
 .data          0x00000000000884f0        0x0 out/main.o
 .data          0x00000000000884f0        0x0 out/malloc.o
 .data          0x00000000000884f0        0x0 out/reboot.o
 .data          0x00000000000884f0        0x0 out/buddy_system.o
 .data          0x00000000000884f0        0x4 out/thread.o
 .data          0x00000000000884f4        0x0 out/system_call.o

.igot.plt       0x00000000000884f8        0x0
 .igot.plt      0x00000000000884f8        0x0 start.o

.got            0x00000000000884f8       0xc0
 .got           0x00000000000884f8       0xc0 start.o
                0x00000000000884f8                _GLOBAL_OFFSET_TABLE_

.got.plt        0x00000000000885b8       0x18
 .got.plt       0x00000000000885b8       0x18 start.o

.data.rel       0x00000000000885d0       0x48
 .data.rel      0x00000000000885d0       0x30 out/reserve_memory.o
                0x00000000000885d0                spin_start
                0x00000000000885d8                spin_end
                0x00000000000885e0                heap_start
                0x00000000000885e8                heap_end
                0x00000000000885f0                kernel_start
                0x00000000000885f8                kernel_end
 .data.rel      0x0000000000088600        0x8 out/malloc.o
                0x0000000000088600                top
 .data.rel      0x0000000000088608       0x10 out/buddy_system.o
                0x0000000000088608                buddy_start
                0x0000000000088610                buddy_end

.bss            0x0000000000088620      0x998
                0x0000000000088620                . = ALIGN (0x10)
                0x0000000000088620                __bss_start = .
 *(.bss .bss.*)
 .bss           0x0000000000088620        0x0 start.o
 .bss           0x0000000000088620        0x0 exeception.o
 .bss           0x0000000000088620        0x0 out/mailbox.o
 .bss           0x0000000000088620        0x0 out/core_timer.o
 .bss           0x0000000000088620      0x814 out/uart.o
                0x0000000000088620                tx_buf
                0x0000000000088a20                tx_write_idx
                0x0000000000088a24                tx_read_idx
                0x0000000000088a28                rx_buf
                0x0000000000088e28                rx_write_idx
                0x0000000000088e2c                rx_read_idx
                0x0000000000088e30                a
 .bss           0x0000000000088e34        0x0 out/irq.o
 .bss           0x0000000000088e34        0x0 out/shell.o
 .bss           0x0000000000088e34        0x0 out/my_string.o
 .bss           0x0000000000088e34        0x0 out/exeception.o
 .bss           0x0000000000088e34        0x0 out/math_.o
 *fill*         0x0000000000088e34        0x4 
 .bss           0x0000000000088e38        0x8 out/devicetree.o
                0x0000000000088e38                dtb_len
 .bss           0x0000000000088e40        0x0 out/reserve_memory.o
 .bss           0x0000000000088e40        0x0 out/cpio.o
 .bss           0x0000000000088e40        0x0 out/function.o
 .bss           0x0000000000088e40        0x0 out/main.o
 .bss           0x0000000000088e40        0x0 out/malloc.o
 .bss           0x0000000000088e40        0x0 out/reboot.o
 .bss           0x0000000000088e40        0x0 out/buddy_system.o
 .bss           0x0000000000088e40        0x0 out/thread.o
 .bss           0x0000000000088e40        0x0 out/system_call.o
 *(COMMON)
 COMMON         0x0000000000088e40      0x168 out/mailbox.o
                0x0000000000088e40                kernel_thread
                0x0000000000088e50                mbox
                0x0000000000088e70                thread_count
                0x0000000000088e78                timer_queue
                0x0000000000088e80                CPIO_DEFAULT_PLACE
                0x0000000000088e88                task_queue
                0x0000000000088e90                queue_head
                0x0000000000088e98                DMA_head
                0x0000000000088ea0                thread_queue
                0x0000000000088ea8                buddy
                0x0000000000088f98                zombie_queue
                0x0000000000088fa0                frame_array
 COMMON         0x0000000000088fa8        0x8 out/devicetree.o
                0x0000000000088fa8                dtb_place
 COMMON         0x0000000000088fb0        0x8 out/reserve_memory.o
                0x0000000000088fb0                CPIO_DEFAULT_PLACE_END
                0x0000000000088fb8                __bss_end = .
                0x0000000000088fb8                _end = .

/DISCARD/
 *(.comment)
 *(.gnu*)
 *(.note*)
 *(.eh_frame*)
                0x0000000000000133                __bss_size = ((__bss_end - __bss_start) >> 0x3)
                0x0000000000050000                _user_stack = 0x50000
                0x0000000000200000                _heap_start = 0x200000
                0x0000000001200000                _heap_end = 0x1200000
                0x0000000000000000                _spin_table_start = 0x0
                0x0000000000001000                _spin_table_end = 0x1000
                0x0000000000000000                _buddy_start = 0x0
                0x000000003c000000                _buddy_end = 0x3c000000
                0x0000000000060000                _kernel_start = 0x60000
                0x0000000000088fb8                _kernel_end = _end
OUTPUT(kernel8.elf elf64-littleaarch64)
LOAD linker stubs

.debug_line     0x0000000000000000     0x2a77
 .debug_line    0x0000000000000000       0x5e start.o
 .debug_line    0x000000000000005e       0xff exeception.o
 .debug_line    0x000000000000015d      0x192 out/mailbox.o
 .debug_line    0x00000000000002ef       0xd0 out/core_timer.o
 .debug_line    0x00000000000003bf      0x2b0 out/uart.o
 .debug_line    0x000000000000066f      0x260 out/irq.o
 .debug_line    0x00000000000008cf      0x3be out/shell.o
 .debug_line    0x0000000000000c8d      0x482 out/my_string.o
 .debug_line    0x000000000000110f      0x53b out/exeception.o
 .debug_line    0x000000000000164a       0x48 out/math_.o
 .debug_line    0x0000000000001692      0x1a8 out/devicetree.o
 .debug_line    0x000000000000183a      0x1b7 out/reserve_memory.o
 .debug_line    0x00000000000019f1      0x249 out/cpio.o
 .debug_line    0x0000000000001c3a       0xae out/function.o
 .debug_line    0x0000000000001ce8      0x12d out/main.o
 .debug_line    0x0000000000001e15       0xaf out/malloc.o
 .debug_line    0x0000000000001ec4       0x62 out/reboot.o
 .debug_line    0x0000000000001f26      0x607 out/buddy_system.o
 .debug_line    0x000000000000252d      0x3f8 out/thread.o
 .debug_line    0x0000000000002925      0x152 out/system_call.o

.debug_info     0x0000000000000000     0x9631
 .debug_info    0x0000000000000000       0x2e start.o
 .debug_info    0x000000000000002e       0x2e exeception.o
 .debug_info    0x000000000000005c      0x7b6 out/mailbox.o
 .debug_info    0x0000000000000812      0x784 out/core_timer.o
 .debug_info    0x0000000000000f96      0x9f3 out/uart.o
 .debug_info    0x0000000000001989      0x8a3 out/irq.o
 .debug_info    0x000000000000222c      0x8f6 out/shell.o
 .debug_info    0x0000000000002b22      0x6e4 out/my_string.o
 .debug_info    0x0000000000003206      0xff2 out/exeception.o
 .debug_info    0x00000000000041f8       0x72 out/math_.o
 .debug_info    0x000000000000426a      0x952 out/devicetree.o
 .debug_info    0x0000000000004bbc      0x87e out/reserve_memory.o
 .debug_info    0x000000000000543a      0xa79 out/cpio.o
 .debug_info    0x0000000000005eb3      0x6b9 out/function.o
 .debug_info    0x000000000000656c      0x78c out/main.o
 .debug_info    0x0000000000006cf8      0x6e0 out/malloc.o
 .debug_info    0x00000000000073d8       0xe2 out/reboot.o
 .debug_info    0x00000000000074ba      0xc45 out/buddy_system.o
 .debug_info    0x00000000000080ff      0xaa7 out/thread.o
 .debug_info    0x0000000000008ba6      0xa8b out/system_call.o

.debug_abbrev   0x0000000000000000     0x23d1
 .debug_abbrev  0x0000000000000000       0x14 start.o
 .debug_abbrev  0x0000000000000014       0x14 exeception.o
 .debug_abbrev  0x0000000000000028      0x204 out/mailbox.o
 .debug_abbrev  0x000000000000022c      0x20d out/core_timer.o
 .debug_abbrev  0x0000000000000439      0x2af out/uart.o
 .debug_abbrev  0x00000000000006e8      0x209 out/irq.o
 .debug_abbrev  0x00000000000008f1      0x24b out/shell.o
 .debug_abbrev  0x0000000000000b3c      0x11e out/my_string.o
 .debug_abbrev  0x0000000000000c5a      0x2be out/exeception.o
 .debug_abbrev  0x0000000000000f18       0x4e out/math_.o
 .debug_abbrev  0x0000000000000f66      0x202 out/devicetree.o
 .debug_abbrev  0x0000000000001168      0x1fe out/reserve_memory.o
 .debug_abbrev  0x0000000000001366      0x266 out/cpio.o
 .debug_abbrev  0x00000000000015cc      0x1aa out/function.o
 .debug_abbrev  0x0000000000001776      0x1dd out/main.o
 .debug_abbrev  0x0000000000001953      0x1cc out/malloc.o
 .debug_abbrev  0x0000000000001b1f       0xac out/reboot.o
 .debug_abbrev  0x0000000000001bcb      0x2c0 out/buddy_system.o
 .debug_abbrev  0x0000000000001e8b      0x2c0 out/thread.o
 .debug_abbrev  0x000000000000214b      0x286 out/system_call.o

.debug_aranges  0x0000000000000000      0x3c0
 .debug_aranges
                0x0000000000000000       0x30 start.o
 .debug_aranges
                0x0000000000000030       0x30 exeception.o
 .debug_aranges
                0x0000000000000060       0x30 out/mailbox.o
 .debug_aranges
                0x0000000000000090       0x30 out/core_timer.o
 .debug_aranges
                0x00000000000000c0       0x30 out/uart.o
 .debug_aranges
                0x00000000000000f0       0x30 out/irq.o
 .debug_aranges
                0x0000000000000120       0x30 out/shell.o
 .debug_aranges
                0x0000000000000150       0x30 out/my_string.o
 .debug_aranges
                0x0000000000000180       0x30 out/exeception.o
 .debug_aranges
                0x00000000000001b0       0x30 out/math_.o
 .debug_aranges
                0x00000000000001e0       0x30 out/devicetree.o
 .debug_aranges
                0x0000000000000210       0x30 out/reserve_memory.o
 .debug_aranges
                0x0000000000000240       0x30 out/cpio.o
 .debug_aranges
                0x0000000000000270       0x30 out/function.o
 .debug_aranges
                0x00000000000002a0       0x30 out/main.o
 .debug_aranges
                0x00000000000002d0       0x30 out/malloc.o
 .debug_aranges
                0x0000000000000300       0x30 out/reboot.o
 .debug_aranges
                0x0000000000000330       0x30 out/buddy_system.o
 .debug_aranges
                0x0000000000000360       0x30 out/thread.o
 .debug_aranges
                0x0000000000000390       0x30 out/system_call.o

.debug_str      0x0000000000000000      0xebd
 .debug_str     0x0000000000000000       0x33 start.o
 .debug_str     0x0000000000000033        0xd exeception.o
                                         0x38 (size before relaxing)
 .debug_str     0x0000000000000040      0x307 out/mailbox.o
                                        0x3b5 (size before relaxing)
 .debug_str     0x0000000000000347       0x57 out/core_timer.o
                                        0x3c4 (size before relaxing)
 .debug_str     0x000000000000039e      0x15c out/uart.o
                                        0x4c3 (size before relaxing)
 .debug_str     0x00000000000004fa       0x6a out/irq.o
                                        0x3d7 (size before relaxing)
 .debug_str     0x0000000000000564       0x63 out/shell.o
                                        0x3cb (size before relaxing)
 .debug_str     0x00000000000005c7       0xb1 out/my_string.o
                                        0x1d1 (size before relaxing)
 .debug_str     0x0000000000000678      0x284 out/exeception.o
                                        0x619 (size before relaxing)
 .debug_str     0x00000000000008fc       0x13 out/math_.o
                                         0xa7 (size before relaxing)
 .debug_str     0x000000000000090f      0x16b out/devicetree.o
                                        0x4f2 (size before relaxing)
 .debug_str     0x0000000000000a7a       0xd0 out/reserve_memory.o
                                        0x48d (size before relaxing)
 .debug_str     0x0000000000000b4a       0x67 out/cpio.o
                                        0x488 (size before relaxing)
 .debug_str     0x0000000000000bb1       0x15 out/function.o
                                        0x377 (size before relaxing)
 .debug_str     0x0000000000000bc6       0x27 out/main.o
                                        0x3f8 (size before relaxing)
 .debug_str     0x0000000000000bed       0x1b out/malloc.o
                                        0x37d (size before relaxing)
 .debug_str     0x0000000000000c08       0x25 out/reboot.o
                                         0xe0 (size before relaxing)
 .debug_str     0x0000000000000c2d      0x143 out/buddy_system.o
                                        0x4db (size before relaxing)
 .debug_str     0x0000000000000d70       0xcd out/thread.o
                                        0x4b7 (size before relaxing)
 .debug_str     0x0000000000000e3d       0x80 out/system_call.o
                                        0x45c (size before relaxing)

.debug_ranges   0x0000000000000000      0x120
 .debug_ranges  0x0000000000000000       0x30 out/shell.o
 .debug_ranges  0x0000000000000030       0x60 out/exeception.o
 .debug_ranges  0x0000000000000090       0x90 out/cpio.o
