
Allocating common symbols
Common symbol       size              file

mbox                0x20              out/mailbox.o
timer_queue         0x8               out/mailbox.o
CPIO_DEFAULT_PLACE  0x8               out/shell.o
task_queue          0x8               out/mailbox.o
queue_head          0x8               out/mailbox.o
dtb_place           0x8               out/devicetree.o

Discarded input sections

 .comment       0x0000000000000000       0x2c out/mailbox.o
 .note.GNU-stack
                0x0000000000000000        0x0 out/mailbox.o
 .eh_frame      0x0000000000000000       0x98 out/mailbox.o
 .comment       0x0000000000000000       0x2c out/core_timer.o
 .note.GNU-stack
                0x0000000000000000        0x0 out/core_timer.o
 .eh_frame      0x0000000000000000       0x88 out/core_timer.o
 .comment       0x0000000000000000       0x2c out/uart.o
 .note.GNU-stack
                0x0000000000000000        0x0 out/uart.o
 .eh_frame      0x0000000000000000      0x1c8 out/uart.o
 .comment       0x0000000000000000       0x2c out/irq.o
 .note.GNU-stack
                0x0000000000000000        0x0 out/irq.o
 .eh_frame      0x0000000000000000       0x98 out/irq.o
 .comment       0x0000000000000000       0x2c out/shell.o
 .note.GNU-stack
                0x0000000000000000        0x0 out/shell.o
 .eh_frame      0x0000000000000000       0x90 out/shell.o
 .comment       0x0000000000000000       0x2c out/my_string.o
 .note.GNU-stack
                0x0000000000000000        0x0 out/my_string.o
 .eh_frame      0x0000000000000000      0x130 out/my_string.o
 .comment       0x0000000000000000       0x2c out/exeception.o
 .note.GNU-stack
                0x0000000000000000        0x0 out/exeception.o
 .eh_frame      0x0000000000000000       0x60 out/exeception.o
 .comment       0x0000000000000000       0x2c out/math_.o
 .note.GNU-stack
                0x0000000000000000        0x0 out/math_.o
 .eh_frame      0x0000000000000000       0x38 out/math_.o
 .comment       0x0000000000000000       0x2c out/devicetree.o
 .note.GNU-stack
                0x0000000000000000        0x0 out/devicetree.o
 .eh_frame      0x0000000000000000       0x70 out/devicetree.o
 .comment       0x0000000000000000       0x2c out/cpio.o
 .note.GNU-stack
                0x0000000000000000        0x0 out/cpio.o
 .eh_frame      0x0000000000000000       0xd0 out/cpio.o
 .comment       0x0000000000000000       0x2c out/main.o
 .note.GNU-stack
                0x0000000000000000        0x0 out/main.o
 .eh_frame      0x0000000000000000       0x38 out/main.o
 .comment       0x0000000000000000       0x2c out/malloc.o
 .note.GNU-stack
                0x0000000000000000        0x0 out/malloc.o
 .eh_frame      0x0000000000000000       0x30 out/malloc.o
 .comment       0x0000000000000000       0x2c out/reboot.o
 .note.GNU-stack
                0x0000000000000000        0x0 out/reboot.o
 .eh_frame      0x0000000000000000       0x70 out/reboot.o

Memory Configuration

Name             Origin             Length             Attributes
*default*        0x0000000000000000 0xffffffffffffffff

Linker script and memory map

LOAD start.o
LOAD exeception.o
LOAD out/mailbox.o
LOAD out/core_timer.o
LOAD out/uart.o
LOAD out/irq.o
LOAD out/shell.o
LOAD out/my_string.o
LOAD out/exeception.o
LOAD out/math_.o
LOAD out/devicetree.o
LOAD out/cpio.o
LOAD out/main.o
LOAD out/malloc.o
LOAD out/reboot.o
                0x0000000000080000                . = 0x80000

.text           0x0000000000080000     0x4918
 *(.text.boot)
 .text.boot     0x0000000000080000       0xa0 start.o
                0x0000000000080000                _start
 *(.text)
 .text          0x00000000000800a0        0x0 start.o
 *fill*         0x00000000000800a0      0x760 
 .text          0x0000000000080800     0x1330 exeception.o
                0x0000000000080800                exception_vector_table
                0x0000000000081b00                core_timer_enable
                0x0000000000081b18                core_timer_disable
 .text          0x0000000000081b30      0x2c8 out/mailbox.o
                0x0000000000081b30                sysinfo
                0x0000000000081bf8                get_info
                0x0000000000081c98                get_info_mem
                0x0000000000081d44                mailbox_call
 .text          0x0000000000081df8       0xc0 out/core_timer.o
                0x0000000000081df8                timer_on
                0x0000000000081e18                set_expired_time
                0x0000000000081e44                current_time
                0x0000000000081e6c                print_time_mes
 .text          0x0000000000081eb8      0x73c out/uart.o
                0x0000000000081eb8                uart_init
                0x0000000000081fd0                uart_send
                0x0000000000082010                uart_getc
                0x0000000000082060                uart_puts
                0x00000000000820bc                uart_printf
                0x0000000000082178                uart_flush
                0x00000000000821ac                async_handler
                0x000000000008225c                w_handler
                0x0000000000082374                r_handler
                0x00000000000823e8                async_send
                0x0000000000082468                async_getc
                0x0000000000082504                enable_uart_r_interrupt
                0x0000000000082528                disable_uart_r_interrupt
                0x000000000008254c                enable_uart_w_interrupt
                0x0000000000082570                disable_uart_w_interrupt
                0x0000000000082594                printf_r
 .text          0x00000000000825f4      0x628 out/irq.o
                0x00000000000825f4                irq_handle
                0x00000000000826b8                add_irq
                0x00000000000828d4                pop_irq
                0x0000000000082994                add_priority_queue
 .text          0x0000000000082c1c      0x77c out/shell.o
                0x0000000000082c1c                shell
                0x0000000000082c3c                shell_decode
                0x0000000000082f20                parse_CSI
                0x0000000000082fa0                do_
 .text          0x0000000000083398      0xac4 out/my_string.o
                0x0000000000083398                vsprintf
                0x00000000000837c4                itoa
                0x0000000000083910                ftoa
                0x0000000000083a90                strcmp
                0x0000000000083b08                itox
                0x0000000000083c10                strlen
                0x0000000000083c54                strcpy
                0x0000000000083cb0                strncpy
                0x0000000000083d14                strncmp
                0x0000000000083dc8                align_up
                0x0000000000083df8                memcpy
 .text          0x0000000000083e5c       0x98 out/exeception.o
                0x0000000000083e5c                exeception_handle
                0x0000000000083edc                enable_interrupt
                0x0000000000083ee8                disable_interrupt
 .text          0x0000000000083ef4       0x3c out/math_.o
                0x0000000000083ef4                pow
 .text          0x0000000000083f30      0x2f8 out/devicetree.o
                0x0000000000083f30                uint32_endian_big2lttle
                0x0000000000083f90                fdt_traverse
                0x00000000000841c0                dtb_callback_initramfs
 .text          0x0000000000084228      0x500 out/cpio.o
                0x0000000000084228                parse_hex
                0x0000000000084384                cpio_parse_header
                0x00000000000844b0                ls
                0x0000000000084538                cat
                0x0000000000084608                exec
                0x0000000000084698                exec_file
 .text          0x0000000000084728       0xf4 out/main.o
                0x0000000000084728                main
 .text          0x000000000008481c       0x54 out/malloc.o
                0x000000000008481c                simple_malloc
 .text          0x0000000000084870       0xa8 out/reboot.o
                0x0000000000084870                set
                0x000000000008489c                reset
                0x00000000000848e4                cancel_reset

.iplt           0x0000000000084918        0x0
 .iplt          0x0000000000084918        0x0 start.o

.rodata         0x0000000000084918      0x555
 *(.rodata)
 .rodata        0x0000000000084918       0x71 out/mailbox.o
 *fill*         0x0000000000084989        0x7 
 .rodata        0x0000000000084990        0x9 out/core_timer.o
 *fill*         0x0000000000084999        0x7 
 .rodata        0x00000000000849a0       0x1a out/uart.o
 *fill*         0x00000000000849ba        0x6 
 .rodata        0x00000000000849c0       0x78 out/irq.o
 .rodata        0x0000000000084a38      0x2ce out/shell.o
 *fill*         0x0000000000084d06        0x2 
 .rodata        0x0000000000084d08       0x50 out/exeception.o
 .rodata        0x0000000000084d58       0x4b out/devicetree.o
 *fill*         0x0000000000084da3        0x5 
 .rodata        0x0000000000084da8       0x48 out/cpio.o
 .rodata        0x0000000000084df0       0x7d out/main.o
                [!provide]                        PROVIDE (_data = .)

.rela.dyn       0x0000000000084e70        0x0
 .rela.iplt     0x0000000000084e70        0x0 start.o
 .rela.text.boot
                0x0000000000084e70        0x0 start.o
 .rela.got      0x0000000000084e70        0x0 start.o
 .rela.data.rel
                0x0000000000084e70        0x0 start.o

.data           0x0000000000084e70        0x4
 *(.data)
 .data          0x0000000000084e70        0x0 start.o
 .data          0x0000000000084e70        0x0 exeception.o
 .data          0x0000000000084e70        0x0 out/mailbox.o
 .data          0x0000000000084e70        0x0 out/core_timer.o
 .data          0x0000000000084e70        0x0 out/uart.o
 .data          0x0000000000084e70        0x4 out/irq.o
                0x0000000000084e70                cur_nv
 .data          0x0000000000084e74        0x0 out/shell.o
 .data          0x0000000000084e74        0x0 out/my_string.o
 .data          0x0000000000084e74        0x0 out/exeception.o
 .data          0x0000000000084e74        0x0 out/math_.o
 .data          0x0000000000084e74        0x0 out/devicetree.o
 .data          0x0000000000084e74        0x0 out/cpio.o
 .data          0x0000000000084e74        0x0 out/main.o
 .data          0x0000000000084e74        0x0 out/malloc.o
 .data          0x0000000000084e74        0x0 out/reboot.o

.igot.plt       0x0000000000084e78        0x0
 .igot.plt      0x0000000000084e78        0x0 start.o

.got            0x0000000000084e78       0x50
 .got           0x0000000000084e78       0x50 start.o
                0x0000000000084e78                _GLOBAL_OFFSET_TABLE_

.got.plt        0x0000000000084ec8       0x18
 .got.plt       0x0000000000084ec8       0x18 start.o

.data.rel       0x0000000000084ee0        0x8
 .data.rel      0x0000000000084ee0        0x8 out/malloc.o
                0x0000000000084ee0                top

.bss            0x0000000000084ef0      0x868
                0x0000000000084ef0                . = ALIGN (0x10)
                0x0000000000084ef0                __bss_start = .
 *(.bss .bss.*)
 .bss           0x0000000000084ef0        0x0 start.o
 .bss           0x0000000000084ef0        0x0 exeception.o
 .bss           0x0000000000084ef0        0x0 out/mailbox.o
 .bss           0x0000000000084ef0        0x0 out/core_timer.o
 .bss           0x0000000000084ef0      0x814 out/uart.o
                0x0000000000084ef0                tx_buf
                0x00000000000852f0                tx_write_idx
                0x00000000000852f4                tx_read_idx
                0x00000000000852f8                rx_buf
                0x00000000000856f8                rx_write_idx
                0x00000000000856fc                rx_read_idx
                0x0000000000085700                a
 .bss           0x0000000000085704        0x4 out/irq.o
                0x0000000000085704                b
 .bss           0x0000000000085708        0x0 out/shell.o
 .bss           0x0000000000085708        0x0 out/my_string.o
 .bss           0x0000000000085708        0x0 out/exeception.o
 .bss           0x0000000000085708        0x0 out/math_.o
 .bss           0x0000000000085708        0x0 out/devicetree.o
 .bss           0x0000000000085708        0x0 out/cpio.o
 .bss           0x0000000000085708        0x0 out/main.o
 .bss           0x0000000000085708        0x0 out/malloc.o
 .bss           0x0000000000085708        0x0 out/reboot.o
 *(COMMON)
 *fill*         0x0000000000085708        0x8 
 COMMON         0x0000000000085710       0x38 out/mailbox.o
                0x0000000000085710                mbox
                0x0000000000085730                timer_queue
                0x0000000000085738                task_queue
                0x0000000000085740                queue_head
 COMMON         0x0000000000085748        0x8 out/shell.o
                0x0000000000085748                CPIO_DEFAULT_PLACE
 COMMON         0x0000000000085750        0x8 out/devicetree.o
                0x0000000000085750                dtb_place
                0x0000000000085758                __bss_end = .
                0x0000000000085758                _end = .

/DISCARD/
 *(.comment)
 *(.gnu*)
 *(.note*)
 *(.eh_frame*)
                0x000000000000010d                __bss_size = ((__bss_end - __bss_start) >> 0x3)
                0x0000000000100000                _heap_start = 0x100000
OUTPUT(kernel8.elf elf64-littleaarch64)
LOAD linker stubs

.debug_line     0x0000000000000000     0x14d2
 .debug_line    0x0000000000000000       0x5e start.o
 .debug_line    0x000000000000005e       0xd9 exeception.o
 .debug_line    0x0000000000000137      0x111 out/mailbox.o
 .debug_line    0x0000000000000248       0x96 out/core_timer.o
 .debug_line    0x00000000000002de      0x2e1 out/uart.o
 .debug_line    0x00000000000005bf      0x253 out/irq.o
 .debug_line    0x0000000000000812      0x322 out/shell.o
 .debug_line    0x0000000000000b34      0x3f2 out/my_string.o
 .debug_line    0x0000000000000f26       0x86 out/exeception.o
 .debug_line    0x0000000000000fac       0x48 out/math_.o
 .debug_line    0x0000000000000ff4      0x148 out/devicetree.o
 .debug_line    0x000000000000113c      0x21f out/cpio.o
 .debug_line    0x000000000000135b       0xa6 out/main.o
 .debug_line    0x0000000000001401       0x6f out/malloc.o
 .debug_line    0x0000000000001470       0x62 out/reboot.o

.debug_info     0x0000000000000000     0x2b30
 .debug_info    0x0000000000000000       0x2e start.o
 .debug_info    0x000000000000002e       0x2e exeception.o
 .debug_info    0x000000000000005c      0x2b4 out/mailbox.o
 .debug_info    0x0000000000000310      0x2a4 out/core_timer.o
 .debug_info    0x00000000000005b4      0x56a out/uart.o
 .debug_info    0x0000000000000b1e      0x3bc out/irq.o
 .debug_info    0x0000000000000eda      0x3b3 out/shell.o
 .debug_info    0x000000000000128d      0x67c out/my_string.o
 .debug_info    0x0000000000001909      0x247 out/exeception.o
 .debug_info    0x0000000000001b50       0x72 out/math_.o
 .debug_info    0x0000000000001bc2      0x456 out/devicetree.o
 .debug_info    0x0000000000002018      0x5c8 out/cpio.o
 .debug_info    0x00000000000025e0      0x26f out/main.o
 .debug_info    0x000000000000284f      0x1ff out/malloc.o
 .debug_info    0x0000000000002a4e       0xe2 out/reboot.o

.debug_abbrev   0x0000000000000000     0x110b
 .debug_abbrev  0x0000000000000000       0x14 start.o
 .debug_abbrev  0x0000000000000014       0x14 exeception.o
 .debug_abbrev  0x0000000000000028      0x16d out/mailbox.o
 .debug_abbrev  0x0000000000000195      0x159 out/core_timer.o
 .debug_abbrev  0x00000000000002ee      0x22c out/uart.o
 .debug_abbrev  0x000000000000051a      0x162 out/irq.o
 .debug_abbrev  0x000000000000067c      0x1d7 out/shell.o
 .debug_abbrev  0x0000000000000853      0x11e out/my_string.o
 .debug_abbrev  0x0000000000000971      0x10e out/exeception.o
 .debug_abbrev  0x0000000000000a7f       0x4e out/math_.o
 .debug_abbrev  0x0000000000000acd      0x166 out/devicetree.o
 .debug_abbrev  0x0000000000000c33      0x1d1 out/cpio.o
 .debug_abbrev  0x0000000000000e04      0x13a out/main.o
 .debug_abbrev  0x0000000000000f3e      0x121 out/malloc.o
 .debug_abbrev  0x000000000000105f       0xac out/reboot.o

.debug_aranges  0x0000000000000000      0x2d0
 .debug_aranges
                0x0000000000000000       0x30 start.o
 .debug_aranges
                0x0000000000000030       0x30 exeception.o
 .debug_aranges
                0x0000000000000060       0x30 out/mailbox.o
 .debug_aranges
                0x0000000000000090       0x30 out/core_timer.o
 .debug_aranges
                0x00000000000000c0       0x30 out/uart.o
 .debug_aranges
                0x00000000000000f0       0x30 out/irq.o
 .debug_aranges
                0x0000000000000120       0x30 out/shell.o
 .debug_aranges
                0x0000000000000150       0x30 out/my_string.o
 .debug_aranges
                0x0000000000000180       0x30 out/exeception.o
 .debug_aranges
                0x00000000000001b0       0x30 out/math_.o
 .debug_aranges
                0x00000000000001e0       0x30 out/devicetree.o
 .debug_aranges
                0x0000000000000210       0x30 out/cpio.o
 .debug_aranges
                0x0000000000000240       0x30 out/main.o
 .debug_aranges
                0x0000000000000270       0x30 out/malloc.o
 .debug_aranges
                0x00000000000002a0       0x30 out/reboot.o

.debug_str      0x0000000000000000      0x820
 .debug_str     0x0000000000000000       0x29 start.o
 .debug_str     0x0000000000000029        0xd exeception.o
                                         0x2e (size before relaxing)
 .debug_str     0x0000000000000036      0x145 out/mailbox.o
                                        0x18c (size before relaxing)
 .debug_str     0x000000000000017b       0x5d out/core_timer.o
                                        0x1a6 (size before relaxing)
 .debug_str     0x00000000000001d8      0x170 out/uart.o
                                        0x2b4 (size before relaxing)
 .debug_str     0x0000000000000348       0x6a out/irq.o
                                        0x1ae (size before relaxing)
 .debug_str     0x00000000000003b2       0x71 out/shell.o
                                        0x1ba (size before relaxing)
 .debug_str     0x0000000000000423       0xb3 out/my_string.o
                                        0x1a5 (size before relaxing)
 .debug_str     0x00000000000004d6       0x66 out/exeception.o
                                        0x1c1 (size before relaxing)
 .debug_str     0x000000000000053c       0x13 out/math_.o
                                         0x99 (size before relaxing)
 .debug_str     0x000000000000054f      0x151 out/devicetree.o
                                        0x2c8 (size before relaxing)
 .debug_str     0x00000000000006a0      0x10b out/cpio.o
                                        0x281 (size before relaxing)
 .debug_str     0x00000000000007ab       0x27 out/main.o
                                        0x18d (size before relaxing)
 .debug_str     0x00000000000007d2       0x1b out/malloc.o
                                        0x157 (size before relaxing)
 .debug_str     0x00000000000007ed       0x33 out/reboot.o
                                         0xd2 (size before relaxing)

.debug_ranges   0x0000000000000000       0xf0
 .debug_ranges  0x0000000000000000       0x60 out/shell.o
 .debug_ranges  0x0000000000000060       0x90 out/cpio.o
