
Allocating common symbols
Common symbol       size              file

mbox                0x20              out/mailbox.o
timer_queue         0x8               out/mailbox.o
CPIO_DEFAULT_PLACE  0x8               out/shell.o
task_queue          0x8               out/mailbox.o
queue_head          0x8               out/mailbox.o
dtb_place           0x8               out/devicetree.o

Discarded input sections

 .comment       0x0000000000000000       0x2c out/mailbox.o
 .note.GNU-stack
                0x0000000000000000        0x0 out/mailbox.o
 .eh_frame      0x0000000000000000       0x98 out/mailbox.o
 .comment       0x0000000000000000       0x2c out/core_timer.o
 .note.GNU-stack
                0x0000000000000000        0x0 out/core_timer.o
 .eh_frame      0x0000000000000000       0x88 out/core_timer.o
 .comment       0x0000000000000000       0x2c out/uart.o
 .note.GNU-stack
                0x0000000000000000        0x0 out/uart.o
 .eh_frame      0x0000000000000000      0x1a8 out/uart.o
 .comment       0x0000000000000000       0x2c out/irq.o
 .note.GNU-stack
                0x0000000000000000        0x0 out/irq.o
 .eh_frame      0x0000000000000000       0x98 out/irq.o
 .comment       0x0000000000000000       0x2c out/shell.o
 .note.GNU-stack
                0x0000000000000000        0x0 out/shell.o
 .eh_frame      0x0000000000000000       0x90 out/shell.o
 .comment       0x0000000000000000       0x2c out/my_string.o
 .note.GNU-stack
                0x0000000000000000        0x0 out/my_string.o
 .eh_frame      0x0000000000000000      0x130 out/my_string.o
 .comment       0x0000000000000000       0x2c out/exeception.o
 .note.GNU-stack
                0x0000000000000000        0x0 out/exeception.o
 .eh_frame      0x0000000000000000       0x60 out/exeception.o
 .comment       0x0000000000000000       0x2c out/math_.o
 .note.GNU-stack
                0x0000000000000000        0x0 out/math_.o
 .eh_frame      0x0000000000000000       0x38 out/math_.o
 .comment       0x0000000000000000       0x2c out/devicetree.o
 .note.GNU-stack
                0x0000000000000000        0x0 out/devicetree.o
 .eh_frame      0x0000000000000000       0x70 out/devicetree.o
 .comment       0x0000000000000000       0x2c out/cpio.o
 .note.GNU-stack
                0x0000000000000000        0x0 out/cpio.o
 .eh_frame      0x0000000000000000       0xd0 out/cpio.o
 .comment       0x0000000000000000       0x2c out/main.o
 .note.GNU-stack
                0x0000000000000000        0x0 out/main.o
 .eh_frame      0x0000000000000000       0x38 out/main.o
 .comment       0x0000000000000000       0x2c out/malloc.o
 .note.GNU-stack
                0x0000000000000000        0x0 out/malloc.o
 .eh_frame      0x0000000000000000       0x30 out/malloc.o
 .comment       0x0000000000000000       0x2c out/reboot.o
 .note.GNU-stack
                0x0000000000000000        0x0 out/reboot.o
 .eh_frame      0x0000000000000000       0x70 out/reboot.o

Memory Configuration

Name             Origin             Length             Attributes
*default*        0x0000000000000000 0xffffffffffffffff

Linker script and memory map

LOAD start.o
LOAD exeception.o
LOAD out/mailbox.o
LOAD out/core_timer.o
LOAD out/uart.o
LOAD out/irq.o
LOAD out/shell.o
LOAD out/my_string.o
LOAD out/exeception.o
LOAD out/math_.o
LOAD out/devicetree.o
LOAD out/cpio.o
LOAD out/main.o
LOAD out/malloc.o
LOAD out/reboot.o
                0x0000000000080000                . = 0x80000

.text           0x0000000000080000     0x4878
 *(.text.boot)
 .text.boot     0x0000000000080000       0xa0 start.o
                0x0000000000080000                _start
 *(.text)
 .text          0x00000000000800a0        0x0 start.o
 *fill*         0x00000000000800a0      0x760 
 .text          0x0000000000080800     0x1330 exeception.o
                0x0000000000080800                exception_vector_table
                0x0000000000081b00                core_timer_enable
                0x0000000000081b18                core_timer_disable
 .text          0x0000000000081b30      0x2c8 out/mailbox.o
                0x0000000000081b30                sysinfo
                0x0000000000081bf8                get_info
                0x0000000000081c98                get_info_mem
                0x0000000000081d44                mailbox_call
 .text          0x0000000000081df8       0xc0 out/core_timer.o
                0x0000000000081df8                timer_on
                0x0000000000081e18                set_expired_time
                0x0000000000081e44                current_time
                0x0000000000081e6c                print_time_mes
 .text          0x0000000000081eb8      0x6bc out/uart.o
                0x0000000000081eb8                uart_init
                0x0000000000081fd0                uart_send
                0x0000000000082010                uart_getc
                0x0000000000082060                uart_puts
                0x00000000000820bc                uart_printf
                0x0000000000082178                uart_flush
                0x00000000000821ac                async_handler
                0x000000000008225c                w_handler
                0x0000000000082338                r_handler
                0x00000000000823cc                async_send
                0x0000000000082448                async_getc
                0x00000000000824e4                enable_uart_r_interrupt
                0x0000000000082508                disable_uart_r_interrupt
                0x000000000008252c                enable_uart_w_interrupt
                0x0000000000082550                disable_uart_w_interrupt
 .text          0x0000000000082574      0x5b0 out/irq.o
                0x0000000000082574                irq_handle
                0x00000000000825c8                add_irq
                0x00000000000827f8                pop_irq
                0x00000000000828b8                add_priority_queue
 .text          0x0000000000082b24      0x7d4 out/shell.o
                0x0000000000082b24                shell
                0x0000000000082b44                shell_decode
                0x0000000000082e28                parse_CSI
                0x0000000000082ea8                do_
 .text          0x00000000000832f8      0xac4 out/my_string.o
                0x00000000000832f8                vsprintf
                0x0000000000083724                itoa
                0x0000000000083870                ftoa
                0x00000000000839f0                strcmp
                0x0000000000083a68                itox
                0x0000000000083b70                strlen
                0x0000000000083bb4                strcpy
                0x0000000000083c10                strncpy
                0x0000000000083c74                strncmp
                0x0000000000083d28                align_up
                0x0000000000083d58                memcpy
 .text          0x0000000000083dbc       0x98 out/exeception.o
                0x0000000000083dbc                exeception_handle
                0x0000000000083e3c                enable_interrupt
                0x0000000000083e48                disable_interrupt
 .text          0x0000000000083e54       0x3c out/math_.o
                0x0000000000083e54                pow
 .text          0x0000000000083e90      0x2f8 out/devicetree.o
                0x0000000000083e90                uint32_endian_big2lttle
                0x0000000000083ef0                fdt_traverse
                0x0000000000084120                dtb_callback_initramfs
 .text          0x0000000000084188      0x500 out/cpio.o
                0x0000000000084188                parse_hex
                0x00000000000842e4                cpio_parse_header
                0x0000000000084410                ls
                0x0000000000084498                cat
                0x0000000000084568                exec
                0x00000000000845f8                exec_file
 .text          0x0000000000084688       0xf4 out/main.o
                0x0000000000084688                main
 .text          0x000000000008477c       0x54 out/malloc.o
                0x000000000008477c                simple_malloc
 .text          0x00000000000847d0       0xa8 out/reboot.o
                0x00000000000847d0                set
                0x00000000000847fc                reset
                0x0000000000084844                cancel_reset

.iplt           0x0000000000084878        0x0
 .iplt          0x0000000000084878        0x0 start.o

.rodata         0x0000000000084878      0x52d
 *(.rodata)
 .rodata        0x0000000000084878       0x71 out/mailbox.o
 *fill*         0x00000000000848e9        0x7 
 .rodata        0x00000000000848f0        0x9 out/core_timer.o
 *fill*         0x00000000000848f9        0x7 
 .rodata        0x0000000000084900       0x1a out/uart.o
 *fill*         0x000000000008491a        0x6 
 .rodata        0x0000000000084920       0x4b out/irq.o
 *fill*         0x000000000008496b        0x5 
 .rodata        0x0000000000084970      0x2ce out/shell.o
 *fill*         0x0000000000084c3e        0x2 
 .rodata        0x0000000000084c40       0x50 out/exeception.o
 .rodata        0x0000000000084c90       0x4b out/devicetree.o
 *fill*         0x0000000000084cdb        0x5 
 .rodata        0x0000000000084ce0       0x48 out/cpio.o
 .rodata        0x0000000000084d28       0x7d out/main.o
                [!provide]                        PROVIDE (_data = .)

.rela.dyn       0x0000000000084da8        0x0
 .rela.iplt     0x0000000000084da8        0x0 start.o
 .rela.text.boot
                0x0000000000084da8        0x0 start.o
 .rela.got      0x0000000000084da8        0x0 start.o
 .rela.data.rel
                0x0000000000084da8        0x0 start.o

.data           0x0000000000084da8      0x408
 *(.data)
 .data          0x0000000000084da8        0x0 start.o
 .data          0x0000000000084da8        0x0 exeception.o
 .data          0x0000000000084da8        0x0 out/mailbox.o
 .data          0x0000000000084da8        0x0 out/core_timer.o
 .data          0x0000000000084da8      0x404 out/uart.o
                0x0000000000084da8                tx_buf
                0x00000000000851a8                tx_write_idx
 .data          0x00000000000851ac        0x4 out/irq.o
                0x00000000000851ac                cur_nv
 .data          0x00000000000851b0        0x0 out/shell.o
 .data          0x00000000000851b0        0x0 out/my_string.o
 .data          0x00000000000851b0        0x0 out/exeception.o
 .data          0x00000000000851b0        0x0 out/math_.o
 .data          0x00000000000851b0        0x0 out/devicetree.o
 .data          0x00000000000851b0        0x0 out/cpio.o
 .data          0x00000000000851b0        0x0 out/main.o
 .data          0x00000000000851b0        0x0 out/malloc.o
 .data          0x00000000000851b0        0x0 out/reboot.o

.igot.plt       0x00000000000851b0        0x0
 .igot.plt      0x00000000000851b0        0x0 start.o

.got            0x00000000000851b0       0x50
 .got           0x00000000000851b0       0x50 start.o
                0x00000000000851b0                _GLOBAL_OFFSET_TABLE_

.got.plt        0x0000000000085200       0x18
 .got.plt       0x0000000000085200       0x18 start.o

.data.rel       0x0000000000085218        0x8
 .data.rel      0x0000000000085218        0x8 out/malloc.o
                0x0000000000085218                top

.bss            0x0000000000085220      0x468
                0x0000000000085220                . = ALIGN (0x10)
                0x0000000000085220                __bss_start = .
 *(.bss .bss.*)
 .bss           0x0000000000085220        0x0 start.o
 .bss           0x0000000000085220        0x0 exeception.o
 .bss           0x0000000000085220        0x0 out/mailbox.o
 .bss           0x0000000000085220        0x0 out/core_timer.o
 .bss           0x0000000000085220      0x414 out/uart.o
                0x0000000000085220                tx_read_idx
                0x0000000000085228                rx_buf
                0x0000000000085628                rx_write_idx
                0x000000000008562c                rx_read_idx
                0x0000000000085630                a
 .bss           0x0000000000085634        0x0 out/irq.o
 .bss           0x0000000000085634        0x0 out/shell.o
 .bss           0x0000000000085634        0x0 out/my_string.o
 .bss           0x0000000000085634        0x0 out/exeception.o
 .bss           0x0000000000085634        0x0 out/math_.o
 .bss           0x0000000000085634        0x0 out/devicetree.o
 .bss           0x0000000000085634        0x0 out/cpio.o
 .bss           0x0000000000085634        0x0 out/main.o
 .bss           0x0000000000085634        0x0 out/malloc.o
 .bss           0x0000000000085634        0x0 out/reboot.o
 *(COMMON)
 *fill*         0x0000000000085634        0xc 
 COMMON         0x0000000000085640       0x38 out/mailbox.o
                0x0000000000085640                mbox
                0x0000000000085660                timer_queue
                0x0000000000085668                task_queue
                0x0000000000085670                queue_head
 COMMON         0x0000000000085678        0x8 out/shell.o
                0x0000000000085678                CPIO_DEFAULT_PLACE
 COMMON         0x0000000000085680        0x8 out/devicetree.o
                0x0000000000085680                dtb_place
                0x0000000000085688                __bss_end = .
                0x0000000000085688                _end = .

/DISCARD/
 *(.comment)
 *(.gnu*)
 *(.note*)
 *(.eh_frame*)
                0x000000000000008d                __bss_size = ((__bss_end - __bss_start) >> 0x3)
                0x0000000000100000                _heap_start = 0x100000
OUTPUT(kernel8.elf elf64-littleaarch64)
LOAD linker stubs

.debug_line     0x0000000000000000     0x1487
 .debug_line    0x0000000000000000       0x5e start.o
 .debug_line    0x000000000000005e       0xd9 exeception.o
 .debug_line    0x0000000000000137      0x111 out/mailbox.o
 .debug_line    0x0000000000000248       0x96 out/core_timer.o
 .debug_line    0x00000000000002de      0x29b out/uart.o
 .debug_line    0x0000000000000579      0x22e out/irq.o
 .debug_line    0x00000000000007a7      0x342 out/shell.o
 .debug_line    0x0000000000000ae9      0x3f2 out/my_string.o
 .debug_line    0x0000000000000edb       0x86 out/exeception.o
 .debug_line    0x0000000000000f61       0x48 out/math_.o
 .debug_line    0x0000000000000fa9      0x148 out/devicetree.o
 .debug_line    0x00000000000010f1      0x21f out/cpio.o
 .debug_line    0x0000000000001310       0xa6 out/main.o
 .debug_line    0x00000000000013b6       0x6f out/malloc.o
 .debug_line    0x0000000000001425       0x62 out/reboot.o

.debug_info     0x0000000000000000     0x2ae6
 .debug_info    0x0000000000000000       0x2e start.o
 .debug_info    0x000000000000002e       0x2e exeception.o
 .debug_info    0x000000000000005c      0x2b4 out/mailbox.o
 .debug_info    0x0000000000000310      0x2a4 out/core_timer.o
 .debug_info    0x00000000000005b4      0x51a out/uart.o
 .debug_info    0x0000000000000ace      0x3a1 out/irq.o
 .debug_info    0x0000000000000e6f      0x3d4 out/shell.o
 .debug_info    0x0000000000001243      0x67c out/my_string.o
 .debug_info    0x00000000000018bf      0x247 out/exeception.o
 .debug_info    0x0000000000001b06       0x72 out/math_.o
 .debug_info    0x0000000000001b78      0x456 out/devicetree.o
 .debug_info    0x0000000000001fce      0x5c8 out/cpio.o
 .debug_info    0x0000000000002596      0x26f out/main.o
 .debug_info    0x0000000000002805      0x1ff out/malloc.o
 .debug_info    0x0000000000002a04       0xe2 out/reboot.o

.debug_abbrev   0x0000000000000000     0x10dd
 .debug_abbrev  0x0000000000000000       0x14 start.o
 .debug_abbrev  0x0000000000000014       0x14 exeception.o
 .debug_abbrev  0x0000000000000028      0x16d out/mailbox.o
 .debug_abbrev  0x0000000000000195      0x159 out/core_timer.o
 .debug_abbrev  0x00000000000002ee      0x209 out/uart.o
 .debug_abbrev  0x00000000000004f7      0x155 out/irq.o
 .debug_abbrev  0x000000000000064c      0x1d9 out/shell.o
 .debug_abbrev  0x0000000000000825      0x11e out/my_string.o
 .debug_abbrev  0x0000000000000943      0x10e out/exeception.o
 .debug_abbrev  0x0000000000000a51       0x4e out/math_.o
 .debug_abbrev  0x0000000000000a9f      0x166 out/devicetree.o
 .debug_abbrev  0x0000000000000c05      0x1d1 out/cpio.o
 .debug_abbrev  0x0000000000000dd6      0x13a out/main.o
 .debug_abbrev  0x0000000000000f10      0x121 out/malloc.o
 .debug_abbrev  0x0000000000001031       0xac out/reboot.o

.debug_aranges  0x0000000000000000      0x2d0
 .debug_aranges
                0x0000000000000000       0x30 start.o
 .debug_aranges
                0x0000000000000030       0x30 exeception.o
 .debug_aranges
                0x0000000000000060       0x30 out/mailbox.o
 .debug_aranges
                0x0000000000000090       0x30 out/core_timer.o
 .debug_aranges
                0x00000000000000c0       0x30 out/uart.o
 .debug_aranges
                0x00000000000000f0       0x30 out/irq.o
 .debug_aranges
                0x0000000000000120       0x30 out/shell.o
 .debug_aranges
                0x0000000000000150       0x30 out/my_string.o
 .debug_aranges
                0x0000000000000180       0x30 out/exeception.o
 .debug_aranges
                0x00000000000001b0       0x30 out/math_.o
 .debug_aranges
                0x00000000000001e0       0x30 out/devicetree.o
 .debug_aranges
                0x0000000000000210       0x30 out/cpio.o
 .debug_aranges
                0x0000000000000240       0x30 out/main.o
 .debug_aranges
                0x0000000000000270       0x30 out/malloc.o
 .debug_aranges
                0x00000000000002a0       0x30 out/reboot.o

.debug_str      0x0000000000000000      0x811
 .debug_str     0x0000000000000000       0x29 start.o
 .debug_str     0x0000000000000029        0xd exeception.o
                                         0x2e (size before relaxing)
 .debug_str     0x0000000000000036      0x145 out/mailbox.o
                                        0x18c (size before relaxing)
 .debug_str     0x000000000000017b       0x5d out/core_timer.o
                                        0x1a6 (size before relaxing)
 .debug_str     0x00000000000001d8      0x161 out/uart.o
                                        0x2a5 (size before relaxing)
 .debug_str     0x0000000000000339       0x6a out/irq.o
                                        0x1ae (size before relaxing)
 .debug_str     0x00000000000003a3       0x71 out/shell.o
                                        0x1c0 (size before relaxing)
 .debug_str     0x0000000000000414       0xb3 out/my_string.o
                                        0x1a5 (size before relaxing)
 .debug_str     0x00000000000004c7       0x66 out/exeception.o
                                        0x1c1 (size before relaxing)
 .debug_str     0x000000000000052d       0x13 out/math_.o
                                         0x99 (size before relaxing)
 .debug_str     0x0000000000000540      0x151 out/devicetree.o
                                        0x2c8 (size before relaxing)
 .debug_str     0x0000000000000691      0x10b out/cpio.o
                                        0x281 (size before relaxing)
 .debug_str     0x000000000000079c       0x27 out/main.o
                                        0x18d (size before relaxing)
 .debug_str     0x00000000000007c3       0x1b out/malloc.o
                                        0x157 (size before relaxing)
 .debug_str     0x00000000000007de       0x33 out/reboot.o
                                         0xd2 (size before relaxing)

.debug_ranges   0x0000000000000000       0xf0
 .debug_ranges  0x0000000000000000       0x60 out/shell.o
 .debug_ranges  0x0000000000000060       0x90 out/cpio.o
