
Allocating common symbols
Common symbol       size              file

mbox                0x20              out/mailbox.o
timer_queue         0x8               out/mailbox.o
CPIO_DEFAULT_PLACE  0x8               out/shell.o
task_queue          0x8               out/mailbox.o
dtb_place           0x8               out/devicetree.o

Discarded input sections

 .comment       0x0000000000000000       0x2c out/mailbox.o
 .note.GNU-stack
                0x0000000000000000        0x0 out/mailbox.o
 .eh_frame      0x0000000000000000       0x98 out/mailbox.o
 .comment       0x0000000000000000       0x2c out/core_timer.o
 .note.GNU-stack
                0x0000000000000000        0x0 out/core_timer.o
 .eh_frame      0x0000000000000000       0x88 out/core_timer.o
 .comment       0x0000000000000000       0x2c out/uart.o
 .note.GNU-stack
                0x0000000000000000        0x0 out/uart.o
 .eh_frame      0x0000000000000000      0x160 out/uart.o
 .comment       0x0000000000000000       0x2c out/irq.o
 .note.GNU-stack
                0x0000000000000000        0x0 out/irq.o
 .eh_frame      0x0000000000000000       0x78 out/irq.o
 .comment       0x0000000000000000       0x2c out/shell.o
 .note.GNU-stack
                0x0000000000000000        0x0 out/shell.o
 .eh_frame      0x0000000000000000       0x90 out/shell.o
 .comment       0x0000000000000000       0x2c out/my_string.o
 .note.GNU-stack
                0x0000000000000000        0x0 out/my_string.o
 .eh_frame      0x0000000000000000      0x130 out/my_string.o
 .comment       0x0000000000000000       0x2c out/exeception.o
 .note.GNU-stack
                0x0000000000000000        0x0 out/exeception.o
 .eh_frame      0x0000000000000000       0x58 out/exeception.o
 .comment       0x0000000000000000       0x2c out/math_.o
 .note.GNU-stack
                0x0000000000000000        0x0 out/math_.o
 .eh_frame      0x0000000000000000       0x38 out/math_.o
 .comment       0x0000000000000000       0x2c out/devicetree.o
 .note.GNU-stack
                0x0000000000000000        0x0 out/devicetree.o
 .eh_frame      0x0000000000000000       0x70 out/devicetree.o
 .comment       0x0000000000000000       0x2c out/cpio.o
 .note.GNU-stack
                0x0000000000000000        0x0 out/cpio.o
 .eh_frame      0x0000000000000000       0xd0 out/cpio.o
 .comment       0x0000000000000000       0x2c out/main.o
 .note.GNU-stack
                0x0000000000000000        0x0 out/main.o
 .eh_frame      0x0000000000000000       0x38 out/main.o
 .comment       0x0000000000000000       0x2c out/malloc.o
 .note.GNU-stack
                0x0000000000000000        0x0 out/malloc.o
 .eh_frame      0x0000000000000000       0x30 out/malloc.o
 .comment       0x0000000000000000       0x2c out/reboot.o
 .note.GNU-stack
                0x0000000000000000        0x0 out/reboot.o
 .eh_frame      0x0000000000000000       0x70 out/reboot.o

Memory Configuration

Name             Origin             Length             Attributes
*default*        0x0000000000000000 0xffffffffffffffff

Linker script and memory map

LOAD start.o
LOAD exeception.o
LOAD out/mailbox.o
LOAD out/core_timer.o
LOAD out/uart.o
LOAD out/irq.o
LOAD out/shell.o
LOAD out/my_string.o
LOAD out/exeception.o
LOAD out/math_.o
LOAD out/devicetree.o
LOAD out/cpio.o
LOAD out/main.o
LOAD out/malloc.o
LOAD out/reboot.o
                0x0000000000080000                . = 0x80000

.text           0x0000000000080000     0x4414
 *(.text.boot)
 .text.boot     0x0000000000080000       0xa0 start.o
                0x0000000000080000                _start
 *(.text)
 .text          0x00000000000800a0        0x0 start.o
 *fill*         0x00000000000800a0      0x760 
 .text          0x0000000000080800     0x12f0 exeception.o
                0x0000000000080800                exception_vector_table
                0x0000000000081ac0                core_timer_enable
                0x0000000000081ad8                core_timer_disable
 .text          0x0000000000081af0      0x2c8 out/mailbox.o
                0x0000000000081af0                sysinfo
                0x0000000000081bb8                get_info
                0x0000000000081c58                get_info_mem
                0x0000000000081d04                mailbox_call
 .text          0x0000000000081db8       0xc0 out/core_timer.o
                0x0000000000081db8                timer_on
                0x0000000000081dd8                set_expired_time
                0x0000000000081e04                current_time
                0x0000000000081e2c                print_time_mes
 .text          0x0000000000081e78      0x62c out/uart.o
                0x0000000000081e78                uart_init
                0x0000000000081f90                uart_send
                0x0000000000081fd0                uart_getc
                0x0000000000082020                uart_puts
                0x000000000008207c                uart_printf
                0x0000000000082138                uart_flush
                0x000000000008216c                async_handler
                0x0000000000082308                async_send
                0x0000000000082380                async_getc
                0x0000000000082414                enable_uart_r_interrupt
                0x0000000000082438                disable_uart_r_interrupt
                0x000000000008245c                enable_uart_w_interrupt
                0x0000000000082480                disable_uart_w_interrupt
 .text          0x00000000000824a4      0x308 out/irq.o
                0x00000000000824a4                irq_handle
                0x00000000000824f8                add_irq
                0x0000000000082710                pop_irq
 .text          0x00000000000827ac      0x76c out/shell.o
                0x00000000000827ac                shell
                0x00000000000827cc                shell_decode
                0x0000000000082ab0                parse_CSI
                0x0000000000082b30                do_
 .text          0x0000000000082f18      0xa10 out/my_string.o
                0x0000000000082f18                vsprintf
                0x0000000000083278                itoa
                0x00000000000833c4                ftoa
                0x0000000000083544                strcmp
                0x00000000000835bc                itox
                0x00000000000836dc                strlen
                0x0000000000083720                strcpy
                0x000000000008377c                strncpy
                0x00000000000837e0                strncmp
                0x0000000000083894                align_up
                0x00000000000838c4                memcpy
 .text          0x0000000000083928       0x84 out/exeception.o
                0x0000000000083928                exeception_handle
                0x0000000000083994                enable_interrupt
                0x00000000000839a0                disable_interrupt
 .text          0x00000000000839ac       0x3c out/math_.o
                0x00000000000839ac                pow
 .text          0x00000000000839e8      0x338 out/devicetree.o
                0x00000000000839e8                uint32_endian_big2lttle
                0x0000000000083a48                fdt_traverse
                0x0000000000083cb8                dtb_callback_initramfs
 .text          0x0000000000083d20      0x500 out/cpio.o
                0x0000000000083d20                parse_hex
                0x0000000000083e7c                cpio_parse_header
                0x0000000000083fa8                ls
                0x0000000000084030                cat
                0x0000000000084100                exec
                0x0000000000084190                exec_file
 .text          0x0000000000084220       0xf8 out/main.o
                0x0000000000084220                main
 .text          0x0000000000084318       0x54 out/malloc.o
                0x0000000000084318                simple_malloc
 .text          0x000000000008436c       0xa8 out/reboot.o
                0x000000000008436c                set
                0x0000000000084398                reset
                0x00000000000843e0                cancel_reset

.iplt           0x0000000000084414        0x0
 .iplt          0x0000000000084414        0x0 start.o

.rodata         0x0000000000084418      0x505
 *(.rodata)
 .rodata        0x0000000000084418       0x71 out/mailbox.o
 *fill*         0x0000000000084489        0x7 
 .rodata        0x0000000000084490        0x9 out/core_timer.o
 *fill*         0x0000000000084499        0x7 
 .rodata        0x00000000000844a0       0x44 out/irq.o
 *fill*         0x00000000000844e4        0x4 
 .rodata        0x00000000000844e8      0x2ce out/shell.o
 *fill*         0x00000000000847b6        0x2 
 .rodata        0x00000000000847b8       0x50 out/exeception.o
 .rodata        0x0000000000084808       0x4b out/devicetree.o
 *fill*         0x0000000000084853        0x5 
 .rodata        0x0000000000084858       0x48 out/cpio.o
 .rodata        0x00000000000848a0       0x7d out/main.o
                [!provide]                        PROVIDE (_data = .)

.rela.dyn       0x0000000000084920        0x0
 .rela.iplt     0x0000000000084920        0x0 start.o
 .rela.text.boot
                0x0000000000084920        0x0 start.o
 .rela.got      0x0000000000084920        0x0 start.o
 .rela.data.rel
                0x0000000000084920        0x0 start.o

.data           0x000000000008491d        0x0
 *(.data)
 .data          0x000000000008491d        0x0 start.o
 .data          0x000000000008491d        0x0 exeception.o
 .data          0x000000000008491d        0x0 out/mailbox.o
 .data          0x000000000008491d        0x0 out/core_timer.o
 .data          0x000000000008491d        0x0 out/uart.o
 .data          0x000000000008491d        0x0 out/irq.o
 .data          0x000000000008491d        0x0 out/shell.o
 .data          0x000000000008491d        0x0 out/my_string.o
 .data          0x000000000008491d        0x0 out/exeception.o
 .data          0x000000000008491d        0x0 out/math_.o
 .data          0x000000000008491d        0x0 out/devicetree.o
 .data          0x000000000008491d        0x0 out/cpio.o
 .data          0x000000000008491d        0x0 out/main.o
 .data          0x000000000008491d        0x0 out/malloc.o
 .data          0x000000000008491d        0x0 out/reboot.o

.igot.plt       0x0000000000084920        0x0
 .igot.plt      0x0000000000084920        0x0 start.o

.got            0x0000000000084920       0x40
 .got           0x0000000000084920       0x40 start.o
                0x0000000000084920                _GLOBAL_OFFSET_TABLE_

.got.plt        0x0000000000084960       0x18
 .got.plt       0x0000000000084960       0x18 start.o

.data.rel       0x0000000000084978        0x8
 .data.rel      0x0000000000084978        0x8 out/malloc.o
                0x0000000000084978                top

.bss            0x0000000000084980      0x850
                0x0000000000084980                . = ALIGN (0x10)
                0x0000000000084980                __bss_start = .
 *(.bss .bss.*)
 .bss           0x0000000000084980        0x0 start.o
 .bss           0x0000000000084980        0x0 exeception.o
 .bss           0x0000000000084980        0x0 out/mailbox.o
 .bss           0x0000000000084980        0x0 out/core_timer.o
 .bss           0x0000000000084980      0x810 out/uart.o
                0x0000000000084980                tx_buf
                0x0000000000084d80                tx_write_idx
                0x0000000000084d84                tx_read_idx
                0x0000000000084d88                rx_buf
                0x0000000000085188                rx_write_idx
                0x000000000008518c                rx_read_idx
 .bss           0x0000000000085190        0x0 out/irq.o
 .bss           0x0000000000085190        0x0 out/shell.o
 .bss           0x0000000000085190        0x0 out/my_string.o
 .bss           0x0000000000085190        0x0 out/exeception.o
 .bss           0x0000000000085190        0x0 out/math_.o
 .bss           0x0000000000085190        0x0 out/devicetree.o
 .bss           0x0000000000085190        0x0 out/cpio.o
 .bss           0x0000000000085190        0x0 out/main.o
 .bss           0x0000000000085190        0x0 out/malloc.o
 .bss           0x0000000000085190        0x0 out/reboot.o
 *(COMMON)
 COMMON         0x0000000000085190       0x30 out/mailbox.o
                0x0000000000085190                mbox
                0x00000000000851b0                timer_queue
                0x00000000000851b8                task_queue
 COMMON         0x00000000000851c0        0x8 out/shell.o
                0x00000000000851c0                CPIO_DEFAULT_PLACE
 COMMON         0x00000000000851c8        0x8 out/devicetree.o
                0x00000000000851c8                dtb_place
                0x00000000000851d0                __bss_end = .
                0x00000000000851d0                _end = .

/DISCARD/
 *(.comment)
 *(.gnu*)
 *(.note*)
 *(.eh_frame*)
                0x000000000000010a                __bss_size = ((__bss_end - __bss_start) >> 0x3)
                0x0000000000100000                _heap_start = 0x100000
OUTPUT(kernel8.elf elf64-littleaarch64)
LOAD linker stubs

.debug_line     0x0000000000000000     0x131d
 .debug_line    0x0000000000000000       0x5e start.o
 .debug_line    0x000000000000005e       0xd9 exeception.o
 .debug_line    0x0000000000000137      0x111 out/mailbox.o
 .debug_line    0x0000000000000248       0x96 out/core_timer.o
 .debug_line    0x00000000000002de      0x276 out/uart.o
 .debug_line    0x0000000000000554      0x14e out/irq.o
 .debug_line    0x00000000000006a2      0x315 out/shell.o
 .debug_line    0x00000000000009b7      0x3bf out/my_string.o
 .debug_line    0x0000000000000d76       0x83 out/exeception.o
 .debug_line    0x0000000000000df9       0x48 out/math_.o
 .debug_line    0x0000000000000e41      0x149 out/devicetree.o
 .debug_line    0x0000000000000f8a      0x21b out/cpio.o
 .debug_line    0x00000000000011a5       0xa7 out/main.o
 .debug_line    0x000000000000124c       0x6f out/malloc.o
 .debug_line    0x00000000000012bb       0x62 out/reboot.o

.debug_info     0x0000000000000000     0x246b
 .debug_info    0x0000000000000000       0x2e start.o
 .debug_info    0x000000000000002e       0x2e exeception.o
 .debug_info    0x000000000000005c      0x233 out/mailbox.o
 .debug_info    0x000000000000028f      0x223 out/core_timer.o
 .debug_info    0x00000000000004b2      0x442 out/uart.o
 .debug_info    0x00000000000008f4      0x260 out/irq.o
 .debug_info    0x0000000000000b54      0x33e out/shell.o
 .debug_info    0x0000000000000e92      0x637 out/my_string.o
 .debug_info    0x00000000000014c9      0x1c6 out/exeception.o
 .debug_info    0x000000000000168f       0x72 out/math_.o
 .debug_info    0x0000000000001701      0x3d5 out/devicetree.o
 .debug_info    0x0000000000001ad6      0x547 out/cpio.o
 .debug_info    0x000000000000201d      0x1ee out/main.o
 .debug_info    0x000000000000220b      0x17e out/malloc.o
 .debug_info    0x0000000000002389       0xe2 out/reboot.o

.debug_abbrev   0x0000000000000000     0x1039
 .debug_abbrev  0x0000000000000000       0x14 start.o
 .debug_abbrev  0x0000000000000014       0x14 exeception.o
 .debug_abbrev  0x0000000000000028      0x161 out/mailbox.o
 .debug_abbrev  0x0000000000000189      0x14d out/core_timer.o
 .debug_abbrev  0x00000000000002d6      0x1d1 out/uart.o
 .debug_abbrev  0x00000000000004a7      0x149 out/irq.o
 .debug_abbrev  0x00000000000005f0      0x1cd out/shell.o
 .debug_abbrev  0x00000000000007bd      0x11e out/my_string.o
 .debug_abbrev  0x00000000000008db      0x102 out/exeception.o
 .debug_abbrev  0x00000000000009dd       0x4e out/math_.o
 .debug_abbrev  0x0000000000000a2b      0x15a out/devicetree.o
 .debug_abbrev  0x0000000000000b85      0x1c5 out/cpio.o
 .debug_abbrev  0x0000000000000d4a      0x12e out/main.o
 .debug_abbrev  0x0000000000000e78      0x115 out/malloc.o
 .debug_abbrev  0x0000000000000f8d       0xac out/reboot.o

.debug_aranges  0x0000000000000000      0x2d0
 .debug_aranges
                0x0000000000000000       0x30 start.o
 .debug_aranges
                0x0000000000000030       0x30 exeception.o
 .debug_aranges
                0x0000000000000060       0x30 out/mailbox.o
 .debug_aranges
                0x0000000000000090       0x30 out/core_timer.o
 .debug_aranges
                0x00000000000000c0       0x30 out/uart.o
 .debug_aranges
                0x00000000000000f0       0x30 out/irq.o
 .debug_aranges
                0x0000000000000120       0x30 out/shell.o
 .debug_aranges
                0x0000000000000150       0x30 out/my_string.o
 .debug_aranges
                0x0000000000000180       0x30 out/exeception.o
 .debug_aranges
                0x00000000000001b0       0x30 out/math_.o
 .debug_aranges
                0x00000000000001e0       0x30 out/devicetree.o
 .debug_aranges
                0x0000000000000210       0x30 out/cpio.o
 .debug_aranges
                0x0000000000000240       0x30 out/main.o
 .debug_aranges
                0x0000000000000270       0x30 out/malloc.o
 .debug_aranges
                0x00000000000002a0       0x30 out/reboot.o

.debug_str      0x0000000000000000      0x7ba
 .debug_str     0x0000000000000000       0x29 start.o
 .debug_str     0x0000000000000029        0xd exeception.o
                                         0x2e (size before relaxing)
 .debug_str     0x0000000000000036      0x120 out/mailbox.o
                                        0x167 (size before relaxing)
 .debug_str     0x0000000000000156       0x5d out/core_timer.o
                                        0x181 (size before relaxing)
 .debug_str     0x00000000000001b3      0x152 out/uart.o
                                        0x271 (size before relaxing)
 .debug_str     0x0000000000000305       0x47 out/irq.o
                                        0x166 (size before relaxing)
 .debug_str     0x000000000000034c       0x71 out/shell.o
                                        0x195 (size before relaxing)
 .debug_str     0x00000000000003bd       0xb3 out/my_string.o
                                        0x1a5 (size before relaxing)
 .debug_str     0x0000000000000470       0x66 out/exeception.o
                                        0x19c (size before relaxing)
 .debug_str     0x00000000000004d6       0x13 out/math_.o
                                         0x99 (size before relaxing)
 .debug_str     0x00000000000004e9      0x151 out/devicetree.o
                                        0x2a3 (size before relaxing)
 .debug_str     0x000000000000063a      0x10b out/cpio.o
                                        0x25c (size before relaxing)
 .debug_str     0x0000000000000745       0x27 out/main.o
                                        0x168 (size before relaxing)
 .debug_str     0x000000000000076c       0x1b out/malloc.o
                                        0x132 (size before relaxing)
 .debug_str     0x0000000000000787       0x33 out/reboot.o
                                         0xd2 (size before relaxing)

.debug_ranges   0x0000000000000000       0xc0
 .debug_ranges  0x0000000000000000       0x30 out/shell.o
 .debug_ranges  0x0000000000000030       0x90 out/cpio.o
