
Allocating common symbols
Common symbol       size              file

kernel_thread       0x8               out/mailbox.o
mbox                0x20              out/mailbox.o
rootfs              0x8               out/mailbox.o
tmpfs_f_ops         0x8               out/vfs.o
thread_count        0x4               out/mailbox.o
timer_queue         0x8               out/mailbox.o
CPIO_DEFAULT_PLACE  0x8               out/mailbox.o
fb                  0x18              out/dev.o
global_fs_list      0x50              out/mailbox.o
task_queue          0x8               out/mailbox.o
filesystem_count    0x4               out/mailbox.o
queue_head          0x8               out/mailbox.o
DMA_head            0x8               out/mailbox.o
tmpfs_v_ops         0x8               out/vfs.o
dtb_place           0x8               out/mailbox.o
thread_queue        0x8               out/mailbox.o
buddy               0xf0              out/mailbox.o
zombie_queue        0x8               out/mailbox.o
cur_work            0x8               out/mailbox.o
CPIO_DEFAULT_PLACE_END
                    0x8               out/mailbox.o
frame_array         0x8               out/mailbox.o

Discarded input sections

 .comment       0x0000000000000000       0x2c out/mailbox.o
 .note.GNU-stack
                0x0000000000000000        0x0 out/mailbox.o
 .eh_frame      0x0000000000000000       0xb8 out/mailbox.o
 .comment       0x0000000000000000       0x2c out/core_timer.o
 .note.GNU-stack
                0x0000000000000000        0x0 out/core_timer.o
 .eh_frame      0x0000000000000000       0x88 out/core_timer.o
 .comment       0x0000000000000000       0x2c out/tmpfs.o
 .note.GNU-stack
                0x0000000000000000        0x0 out/tmpfs.o
 .eh_frame      0x0000000000000000      0x138 out/tmpfs.o
 .comment       0x0000000000000000       0x2c out/uart.o
 .note.GNU-stack
                0x0000000000000000        0x0 out/uart.o
 .eh_frame      0x0000000000000000      0x1a8 out/uart.o
 .comment       0x0000000000000000       0x2c out/irq.o
 .note.GNU-stack
                0x0000000000000000        0x0 out/irq.o
 .eh_frame      0x0000000000000000       0x98 out/irq.o
 .comment       0x0000000000000000       0x2c out/shell.o
 .note.GNU-stack
                0x0000000000000000        0x0 out/shell.o
 .eh_frame      0x0000000000000000       0x90 out/shell.o
 .comment       0x0000000000000000       0x2c out/my_string.o
 .note.GNU-stack
                0x0000000000000000        0x0 out/my_string.o
 .eh_frame      0x0000000000000000      0x230 out/my_string.o
 .comment       0x0000000000000000       0x2c out/exeception.o
 .note.GNU-stack
                0x0000000000000000        0x0 out/exeception.o
 .eh_frame      0x0000000000000000      0x250 out/exeception.o
 .comment       0x0000000000000000       0x2c out/math_.o
 .note.GNU-stack
                0x0000000000000000        0x0 out/math_.o
 .eh_frame      0x0000000000000000       0x38 out/math_.o
 .comment       0x0000000000000000       0x2c out/devicetree.o
 .note.GNU-stack
                0x0000000000000000        0x0 out/devicetree.o
 .eh_frame      0x0000000000000000       0x70 out/devicetree.o
 .comment       0x0000000000000000       0x2c out/reserve_memory.o
 .note.GNU-stack
                0x0000000000000000        0x0 out/reserve_memory.o
 .eh_frame      0x0000000000000000       0x58 out/reserve_memory.o
 .comment       0x0000000000000000       0x2c out/cpio.o
 .note.GNU-stack
                0x0000000000000000        0x0 out/cpio.o
 .eh_frame      0x0000000000000000       0xd0 out/cpio.o
 .comment       0x0000000000000000       0x2c out/function.o
 .note.GNU-stack
                0x0000000000000000        0x0 out/function.o
 .eh_frame      0x0000000000000000       0x30 out/function.o
 .comment       0x0000000000000000       0x2c out/main.o
 .note.GNU-stack
                0x0000000000000000        0x0 out/main.o
 .eh_frame      0x0000000000000000       0x38 out/main.o
 .comment       0x0000000000000000       0x2c out/dev.o
 .note.GNU-stack
                0x0000000000000000        0x0 out/dev.o
 .eh_frame      0x0000000000000000       0xf0 out/dev.o
 .comment       0x0000000000000000       0x2c out/malloc.o
 .note.GNU-stack
                0x0000000000000000        0x0 out/malloc.o
 .eh_frame      0x0000000000000000       0x30 out/malloc.o
 .comment       0x0000000000000000       0x2c out/reboot.o
 .note.GNU-stack
                0x0000000000000000        0x0 out/reboot.o
 .eh_frame      0x0000000000000000       0x70 out/reboot.o
 .comment       0x0000000000000000       0x2c out/buddy_system.o
 .note.GNU-stack
                0x0000000000000000        0x0 out/buddy_system.o
 .eh_frame      0x0000000000000000      0x158 out/buddy_system.o
 .comment       0x0000000000000000       0x2c out/thread.o
 .note.GNU-stack
                0x0000000000000000        0x0 out/thread.o
 .eh_frame      0x0000000000000000      0x190 out/thread.o
 .comment       0x0000000000000000       0x2c out/system_call.o
 .note.GNU-stack
                0x0000000000000000        0x0 out/system_call.o
 .eh_frame      0x0000000000000000      0x1e8 out/system_call.o
 .comment       0x0000000000000000       0x2c out/vfs.o
 .note.GNU-stack
                0x0000000000000000        0x0 out/vfs.o
 .eh_frame      0x0000000000000000      0x1b0 out/vfs.o

Memory Configuration

Name             Origin             Length             Attributes
*default*        0x0000000000000000 0xffffffffffffffff

Linker script and memory map

LOAD start.o
LOAD exeception.o
LOAD out/mailbox.o
LOAD out/core_timer.o
LOAD out/tmpfs.o
LOAD out/uart.o
LOAD out/irq.o
LOAD out/shell.o
LOAD out/my_string.o
LOAD out/exeception.o
LOAD out/math_.o
LOAD out/devicetree.o
LOAD out/reserve_memory.o
LOAD out/cpio.o
LOAD out/function.o
LOAD out/main.o
LOAD out/dev.o
LOAD out/malloc.o
LOAD out/reboot.o
LOAD out/buddy_system.o
LOAD out/thread.o
LOAD out/system_call.o
LOAD out/vfs.o
                0x0000000000080000                . = 0x80000

.text           0x0000000000080000     0x967c
 *(.text.boot)
 .text.boot     0x0000000000080000       0xa0 start.o
                0x0000000000080000                _start
 *(.text)
 .text          0x00000000000800a0        0x0 start.o
 *fill*         0x00000000000800a0      0x760 
 .text          0x0000000000080800     0x1450 exeception.o
                0x0000000000080800                exception_vector_table
                0x0000000000081b58                core_timer_enable
                0x0000000000081b70                core_timer_disable
                0x0000000000081b80                switch_to
                0x0000000000081bd0                get_current
                0x0000000000081bd8                return_to_user
                0x0000000000081c30                SIG_return
                0x0000000000081c3c                handler
 .text          0x0000000000081c50      0x37c out/mailbox.o
                0x0000000000081c50                sysinfo
                0x0000000000081d18                get_info
                0x0000000000081db8                get_info_mem
                0x0000000000081e64                mailbox_call
                0x0000000000081f18                sys_mailbox
 .text          0x0000000000081fcc       0xc0 out/core_timer.o
                0x0000000000081fcc                timer_on
                0x0000000000081fec                set_expired_time
                0x0000000000082018                current_time
                0x0000000000082040                print_time_mes
 .text          0x000000000008208c      0x6b0 out/tmpfs.o
                0x000000000008208c                tmpfs_setup_mount
                0x0000000000082120                tmpfs_vnode
                0x00000000000821e8                tmpfs_write
                0x0000000000082334                tmpfs_read
                0x00000000000823d0                tmpfs_open
                0x0000000000082440                tmpfs_close
                0x0000000000082454                tmpfs_lookup
                0x0000000000082510                tmpfs_create
                0x0000000000082648                tmpfs_mkdir
 .text          0x000000000008273c      0x6a0 out/uart.o
                0x000000000008273c                uart_init
                0x0000000000082854                uart_send
                0x0000000000082894                uart_getc
                0x00000000000828e4                uart_puts
                0x0000000000082940                uart_printf
                0x00000000000829fc                uart_flush
                0x0000000000082a30                async_handler
                0x0000000000082ae0                w_handler
                0x0000000000082b9c                r_handler
                0x0000000000082c30                async_send
                0x0000000000082cb0                async_getc
                0x0000000000082d4c                enable_uart_r_interrupt
                0x0000000000082d70                disable_uart_r_interrupt
                0x0000000000082d94                enable_uart_w_interrupt
                0x0000000000082db8                disable_uart_w_interrupt
 .text          0x0000000000082ddc      0x5c0 out/irq.o
                0x0000000000082ddc                irq_handle
                0x0000000000082e40                add_irq
                0x0000000000083070                pop_irq
                0x0000000000083130                add_priority_queue
 .text          0x000000000008339c      0x944 out/shell.o
                0x000000000008339c                shell
                0x00000000000833bc                shell_decode
                0x00000000000836a0                parse_CSI
                0x0000000000083720                do_
 .text          0x0000000000083ce0      0xf8c out/my_string.o
                0x0000000000083ce0                vsprintf
                0x0000000000084114                itoa
                0x0000000000084260                ftoa
                0x00000000000843e0                strcmp
                0x0000000000084458                itox
                0x00000000000845a0                strlen
                0x00000000000845e4                strcpy
                0x000000000008465c                strncpy
                0x00000000000846c8                strncmp
                0x000000000008477c                align_up
                0x00000000000847ac                memcpy
                0x0000000000084810                hextol
                0x0000000000084974                strtok
                0x0000000000084a78                strchr
                0x0000000000084ad0                strdup
                0x0000000000084b1c                dirname
                0x0000000000084b94                basename
                0x0000000000084bd4                strrchr
                0x0000000000084c34                strcat
 .text          0x0000000000084c6c      0xe58 out/exeception.o
                0x0000000000084c6c                exeception_handle
                0x0000000000084cd8                svc_handler
                0x0000000000085050                enable_interrupt
                0x000000000008505c                disable_interrupt
                0x0000000000085068                exec_function
                0x000000000008516c                fork_exec
                0x0000000000085434                sys_read
                0x00000000000854f0                sys_write
                0x0000000000085574                from_el12el0
                0x00000000000855d0                exit_
                0x0000000000085654                kill_
                0x0000000000085754                sys_mbox
                0x0000000000085784                signal_
                0x00000000000857e4                sig_handler
                0x0000000000085834                sig_call
                0x00000000000858a4                signal_kill
                0x00000000000859a8                do_signal
                0x0000000000085a70                signal_return
                0x0000000000085a84                save_rsp
 .text          0x0000000000085ac4       0x3c out/math_.o
                0x0000000000085ac4                pow
 .text          0x0000000000085b00      0x35c out/devicetree.o
                0x0000000000085b00                uint32_endian_big2lttle
                0x0000000000085b60                fdt_traverse
                0x0000000000085db0                dtb_callback_initramfs
 .text          0x0000000000085e5c      0x480 out/reserve_memory.o
                0x0000000000085e5c                memory_reserve
                0x0000000000086218                mem_zone_reserve
 .text          0x00000000000862dc      0x500 out/cpio.o
                0x00000000000862dc                parse_hex
                0x0000000000086438                cpio_parse_header
                0x0000000000086564                ls
                0x00000000000865ec                cat
                0x00000000000866bc                exec_
                0x000000000008674c                exec_file
 .text          0x00000000000867dc       0x34 out/function.o
                0x00000000000867dc                delay
 .text          0x0000000000086810      0x1f4 out/main.o
                0x0000000000086810                main
 .text          0x0000000000086a04      0x404 out/dev.o
                0x0000000000086a04                init_device
                0x0000000000086a2c                init_uart_dev
                0x0000000000086aac                uartfs_read
                0x0000000000086b10                uartfs_write
                0x0000000000086b40                init_framebuf_dev
                0x0000000000086d40                frame_buf_write
                0x0000000000086d9c                lseek64
 .text          0x0000000000086e08       0x54 out/malloc.o
                0x0000000000086e08                simple_malloc
 .text          0x0000000000086e5c       0xa8 out/reboot.o
                0x0000000000086e5c                set
                0x0000000000086e88                reset
                0x0000000000086ed0                cancel_reset
 .text          0x0000000000086f04     0x1280 out/buddy_system.o
                0x0000000000086f04                init_buddy
                0x0000000000087194                kmalloc
                0x0000000000087604                kfree
                0x0000000000087830                init_DMA
                0x0000000000087a54                DMA_order_funct
                0x0000000000087ab0                DMA_malloc
                0x0000000000087bf8                DMA_free
                0x0000000000087d4c                merge_page
                0x0000000000087ea4                delete_page_in_freelists
                0x0000000000088014                switch_status_page_in_frame_list
                0x0000000000088090                print_log
 .text          0x0000000000088184      0x89c out/thread.o
                0x0000000000088184                test_function
                0x00000000000881e4                init_thread
                0x000000000008835c                thread_create
                0x00000000000884e0                thread_queue_insert
                0x00000000000885c0                degub_info
                0x0000000000088638                thread_queue_delete
                0x0000000000088700                thread_queue_find
                0x0000000000088784                schedule
                0x0000000000088808                idle
                0x000000000008881c                kill_zombies
                0x00000000000888f4                scheduler_timer
                0x0000000000088918                test1
                0x000000000008897c                fork_test
 .text          0x0000000000088a20      0x2bc out/system_call.o
                0x0000000000088a20                getpid
                0x0000000000088a40                uart_read
                0x0000000000088a68                uart_write
                0x0000000000088a90                exec
                0x0000000000088ab8                fork
                0x0000000000088ad8                exit
                0x0000000000088aec                kill__
                0x0000000000088b44                mbox_call
                0x0000000000088b68                test_handler
                0x0000000000088ba8                signal
                0x0000000000088bc8                kill
                0x0000000000088be8                call_signal
                0x0000000000088c04                open
                0x0000000000088c20                close
                0x0000000000088c38                write
                0x0000000000088c5c                read
                0x0000000000088c80                mkdir
                0x0000000000088c9c                mount
                0x0000000000088cc4                chdir
 .text          0x0000000000088cdc      0x9a0 out/vfs.o
                0x0000000000088cdc                rootfs_init
                0x0000000000088dd4                register_filesystem
                0x0000000000088ea8                vfs_open
                0x000000000008900c                vfs_close
                0x0000000000089034                vfs_write
                0x000000000008906c                vfs_read
                0x00000000000890a4                vfs_mkdir
                0x0000000000089120                vfs_mount
                0x00000000000891d8                vfs_lookup
                0x0000000000089304                vfs_chdir
                0x00000000000893e0                get_free_fd
                0x0000000000089434                get_fs
                0x00000000000894b0                initramfs

.iplt           0x000000000008967c        0x0
 .iplt          0x000000000008967c        0x0 start.o

.rodata         0x0000000000089680      0x9fb
 *(.rodata)
 .rodata        0x0000000000089680       0x71 out/mailbox.o
 *fill*         0x00000000000896f1        0x7 
 .rodata        0x00000000000896f8        0x9 out/core_timer.o
 *fill*         0x0000000000089701        0x7 
 .rodata        0x0000000000089708       0x1a out/uart.o
 *fill*         0x0000000000089722        0x6 
 .rodata        0x0000000000089728       0x4b out/irq.o
 *fill*         0x0000000000089773        0x5 
 .rodata        0x0000000000089778      0x38e out/shell.o
 *fill*         0x0000000000089b06        0x2 
 .rodata        0x0000000000089b08      0x16f out/exeception.o
 *fill*         0x0000000000089c77        0x1 
 .rodata        0x0000000000089c78       0x61 out/devicetree.o
 *fill*         0x0000000000089cd9        0x7 
 .rodata        0x0000000000089ce0       0x62 out/reserve_memory.o
 *fill*         0x0000000000089d42        0x6 
 .rodata        0x0000000000089d48       0x48 out/cpio.o
 .rodata        0x0000000000089d90       0xce out/main.o
 *fill*         0x0000000000089e5e        0x2 
 .rodata        0x0000000000089e60       0x68 out/dev.o
 .rodata        0x0000000000089ec8       0x2a out/buddy_system.o
 *fill*         0x0000000000089ef2        0x6 
 .rodata        0x0000000000089ef8       0x9f out/thread.o
 *fill*         0x0000000000089f97        0x1 
 .rodata        0x0000000000089f98       0x4c out/system_call.o
 *fill*         0x0000000000089fe4        0x4 
 .rodata        0x0000000000089fe8       0x93 out/vfs.o
                [!provide]                        PROVIDE (_data = .)

.rela.dyn       0x000000000008a080        0x0
 .rela.iplt     0x000000000008a080        0x0 start.o
 .rela.text.boot
                0x000000000008a080        0x0 start.o
 .rela.got      0x000000000008a080        0x0 start.o
 .rela.data.rel
                0x000000000008a080        0x0 start.o

.data           0x000000000008a07c        0xc
 *(.data)
 .data          0x000000000008a07c        0x0 start.o
 .data          0x000000000008a07c        0x0 exeception.o
 .data          0x000000000008a07c        0x0 out/mailbox.o
 .data          0x000000000008a07c        0x0 out/core_timer.o
 .data          0x000000000008a07c        0x4 out/tmpfs.o
                0x000000000008a07c                i
 .data          0x000000000008a080        0x0 out/uart.o
 .data          0x000000000008a080        0x4 out/irq.o
                0x000000000008a080                cur_nv
 .data          0x000000000008a084        0x0 out/shell.o
 .data          0x000000000008a084        0x0 out/my_string.o
 .data          0x000000000008a084        0x0 out/exeception.o
 .data          0x000000000008a084        0x0 out/math_.o
 .data          0x000000000008a084        0x0 out/devicetree.o
 .data          0x000000000008a084        0x0 out/reserve_memory.o
 .data          0x000000000008a084        0x0 out/cpio.o
 .data          0x000000000008a084        0x0 out/function.o
 .data          0x000000000008a084        0x0 out/main.o
 .data          0x000000000008a084        0x0 out/dev.o
 .data          0x000000000008a084        0x0 out/malloc.o
 .data          0x000000000008a084        0x0 out/reboot.o
 .data          0x000000000008a084        0x0 out/buddy_system.o
 .data          0x000000000008a084        0x4 out/thread.o
 .data          0x000000000008a088        0x0 out/system_call.o
 .data          0x000000000008a088        0x0 out/vfs.o

.igot.plt       0x000000000008a088        0x0
 .igot.plt      0x000000000008a088        0x0 start.o

.got            0x000000000008a088       0xf0
 .got           0x000000000008a088       0xf0 start.o
                0x000000000008a088                _GLOBAL_OFFSET_TABLE_

.got.plt        0x000000000008a178       0x18
 .got.plt       0x000000000008a178       0x18 start.o

.data.rel       0x000000000008a190       0x48
 .data.rel      0x000000000008a190       0x30 out/reserve_memory.o
                0x000000000008a190                spin_start
                0x000000000008a198                spin_end
                0x000000000008a1a0                heap_start
                0x000000000008a1a8                heap_end
                0x000000000008a1b0                kernel_start
                0x000000000008a1b8                kernel_end
 .data.rel      0x000000000008a1c0        0x8 out/malloc.o
                0x000000000008a1c0                top
 .data.rel      0x000000000008a1c8       0x10 out/buddy_system.o
                0x000000000008a1c8                buddy_start
                0x000000000008a1d0                buddy_end

.bss            0x000000000008a1e0      0xa38
                0x000000000008a1e0                . = ALIGN (0x10)
                0x000000000008a1e0                __bss_start = .
 *(.bss .bss.*)
 .bss           0x000000000008a1e0        0x0 start.o
 .bss           0x000000000008a1e0        0x0 exeception.o
 .bss           0x000000000008a1e0        0x0 out/mailbox.o
 .bss           0x000000000008a1e0        0x0 out/core_timer.o
 .bss           0x000000000008a1e0        0x0 out/tmpfs.o
 .bss           0x000000000008a1e0      0x814 out/uart.o
                0x000000000008a1e0                tx_buf
                0x000000000008a5e0                tx_write_idx
                0x000000000008a5e4                tx_read_idx
                0x000000000008a5e8                rx_buf
                0x000000000008a9e8                rx_write_idx
                0x000000000008a9ec                rx_read_idx
                0x000000000008a9f0                a
 .bss           0x000000000008a9f4        0x0 out/irq.o
 .bss           0x000000000008a9f4        0x0 out/shell.o
 *fill*         0x000000000008a9f4        0x4 
 .bss           0x000000000008a9f8        0x8 out/my_string.o
 .bss           0x000000000008aa00        0x0 out/exeception.o
 .bss           0x000000000008aa00        0x0 out/math_.o
 .bss           0x000000000008aa00        0x8 out/devicetree.o
                0x000000000008aa00                dtb_len
 .bss           0x000000000008aa08        0x0 out/reserve_memory.o
 .bss           0x000000000008aa08        0x0 out/cpio.o
 .bss           0x000000000008aa08        0x0 out/function.o
 .bss           0x000000000008aa08        0x0 out/main.o
 .bss           0x000000000008aa08        0x0 out/dev.o
 .bss           0x000000000008aa08        0x0 out/malloc.o
 .bss           0x000000000008aa08        0x0 out/reboot.o
 .bss           0x000000000008aa08        0x0 out/buddy_system.o
 .bss           0x000000000008aa08        0x0 out/thread.o
 .bss           0x000000000008aa08        0x0 out/system_call.o
 .bss           0x000000000008aa08        0x0 out/vfs.o
 *(COMMON)
 *fill*         0x000000000008aa08        0x8 
 COMMON         0x000000000008aa10      0x1e0 out/mailbox.o
                0x000000000008aa10                kernel_thread
                0x000000000008aa20                mbox
                0x000000000008aa40                rootfs
                0x000000000008aa48                thread_count
                0x000000000008aa50                timer_queue
                0x000000000008aa58                CPIO_DEFAULT_PLACE
                0x000000000008aa60                global_fs_list
                0x000000000008aab0                task_queue
                0x000000000008aab8                filesystem_count
                0x000000000008aac0                queue_head
                0x000000000008aac8                DMA_head
                0x000000000008aad0                dtb_place
                0x000000000008aad8                thread_queue
                0x000000000008aae0                buddy
                0x000000000008abd0                zombie_queue
                0x000000000008abd8                cur_work
                0x000000000008abe0                CPIO_DEFAULT_PLACE_END
                0x000000000008abe8                frame_array
 COMMON         0x000000000008abf0       0x18 out/dev.o
                0x000000000008abf0                fb
 COMMON         0x000000000008ac08       0x10 out/vfs.o
                0x000000000008ac08                tmpfs_f_ops
                0x000000000008ac10                tmpfs_v_ops
                0x000000000008ac18                __bss_end = .
                0x000000000008ac18                _end = .

/DISCARD/
 *(.comment)
 *(.gnu*)
 *(.note*)
 *(.eh_frame*)
                0x0000000000000147                __bss_size = ((__bss_end - __bss_start) >> 0x3)
                0x0000000000050000                _user_stack = 0x50000
                0x0000000000200000                _heap_start = 0x200000
                0x0000000001200000                _heap_end = 0x1200000
                0x0000000000000000                _spin_table_start = 0x0
                0x0000000000001000                _spin_table_end = 0x1000
                0x0000000000000000                _buddy_start = 0x0
                0x000000003c000000                _buddy_end = 0x3c000000
                0x0000000000060000                _kernel_start = 0x60000
                0x000000000008ac18                _kernel_end = _end
OUTPUT(kernel8.elf elf64-littleaarch64)
LOAD linker stubs

.debug_line     0x0000000000000000     0x37c3
 .debug_line    0x0000000000000000       0x5e start.o
 .debug_line    0x000000000000005e       0xff exeception.o
 .debug_line    0x000000000000015d      0x1bf out/mailbox.o
 .debug_line    0x000000000000031c       0xfd out/core_timer.o
 .debug_line    0x0000000000000419      0x2b7 out/tmpfs.o
 .debug_line    0x00000000000006d0      0x2dd out/uart.o
 .debug_line    0x00000000000009ad      0x28d out/irq.o
 .debug_line    0x0000000000000c3a      0x3eb out/shell.o
 .debug_line    0x0000000000001025      0x5db out/my_string.o
 .debug_line    0x0000000000001600      0x64d out/exeception.o
 .debug_line    0x0000000000001c4d       0x48 out/math_.o
 .debug_line    0x0000000000001c95      0x1c5 out/devicetree.o
 .debug_line    0x0000000000001e5a      0x1d0 out/reserve_memory.o
 .debug_line    0x000000000000202a      0x276 out/cpio.o
 .debug_line    0x00000000000022a0       0xdb out/function.o
 .debug_line    0x000000000000237b      0x139 out/main.o
 .debug_line    0x00000000000024b4      0x1e1 out/dev.o
 .debug_line    0x0000000000002695       0xdc out/malloc.o
 .debug_line    0x0000000000002771       0x62 out/reboot.o
 .debug_line    0x00000000000027d3      0x634 out/buddy_system.o
 .debug_line    0x0000000000002e07      0x465 out/thread.o
 .debug_line    0x000000000000326c      0x1dc out/system_call.o
 .debug_line    0x0000000000003448      0x37b out/vfs.o

.debug_info     0x0000000000000000    0x107bf
 .debug_info    0x0000000000000000       0x2e start.o
 .debug_info    0x000000000000002e       0x2e exeception.o
 .debug_info    0x000000000000005c      0xb4e out/mailbox.o
 .debug_info    0x0000000000000baa      0xb1c out/core_timer.o
 .debug_info    0x00000000000016c6      0xe70 out/tmpfs.o
 .debug_info    0x0000000000002536      0xd8b out/uart.o
 .debug_info    0x00000000000032c1      0xc3b out/irq.o
 .debug_info    0x0000000000003efc      0xc8e out/shell.o
 .debug_info    0x0000000000004b8a     0x1316 out/my_string.o
 .debug_info    0x0000000000005ea0     0x1518 out/exeception.o
 .debug_info    0x00000000000073b8       0x72 out/math_.o
 .debug_info    0x000000000000742a      0xcbc out/devicetree.o
 .debug_info    0x00000000000080e6      0xbac out/reserve_memory.o
 .debug_info    0x0000000000008c92      0xe0e out/cpio.o
 .debug_info    0x0000000000009aa0      0xa51 out/function.o
 .debug_info    0x000000000000a4f1      0xaa8 out/main.o
 .debug_info    0x000000000000af99      0xcc1 out/dev.o
 .debug_info    0x000000000000bc5a      0xa78 out/malloc.o
 .debug_info    0x000000000000c6d2       0xe2 out/reboot.o
 .debug_info    0x000000000000c7b4      0xfde out/buddy_system.o
 .debug_info    0x000000000000d792      0xe86 out/thread.o
 .debug_info    0x000000000000e618     0x1116 out/system_call.o
 .debug_info    0x000000000000f72e     0x1091 out/vfs.o

.debug_abbrev   0x0000000000000000     0x30b3
 .debug_abbrev  0x0000000000000000       0x14 start.o
 .debug_abbrev  0x0000000000000014       0x14 exeception.o
 .debug_abbrev  0x0000000000000028      0x23b out/mailbox.o
 .debug_abbrev  0x0000000000000263      0x244 out/core_timer.o
 .debug_abbrev  0x00000000000004a7      0x28a out/tmpfs.o
 .debug_abbrev  0x0000000000000731      0x2d7 out/uart.o
 .debug_abbrev  0x0000000000000a08      0x240 out/irq.o
 .debug_abbrev  0x0000000000000c48      0x282 out/shell.o
 .debug_abbrev  0x0000000000000eca      0x30b out/my_string.o
 .debug_abbrev  0x00000000000011d5      0x313 out/exeception.o
 .debug_abbrev  0x00000000000014e8       0x4e out/math_.o
 .debug_abbrev  0x0000000000001536      0x22a out/devicetree.o
 .debug_abbrev  0x0000000000001760      0x235 out/reserve_memory.o
 .debug_abbrev  0x0000000000001995      0x296 out/cpio.o
 .debug_abbrev  0x0000000000001c2b      0x1e1 out/function.o
 .debug_abbrev  0x0000000000001e0c      0x205 out/main.o
 .debug_abbrev  0x0000000000002011      0x2b4 out/dev.o
 .debug_abbrev  0x00000000000022c5      0x1f4 out/malloc.o
 .debug_abbrev  0x00000000000024b9       0xac out/reboot.o
 .debug_abbrev  0x0000000000002565      0x2f0 out/buddy_system.o
 .debug_abbrev  0x0000000000002855      0x311 out/thread.o
 .debug_abbrev  0x0000000000002b66      0x2cb out/system_call.o
 .debug_abbrev  0x0000000000002e31      0x282 out/vfs.o

.debug_aranges  0x0000000000000000      0x450
 .debug_aranges
                0x0000000000000000       0x30 start.o
 .debug_aranges
                0x0000000000000030       0x30 exeception.o
 .debug_aranges
                0x0000000000000060       0x30 out/mailbox.o
 .debug_aranges
                0x0000000000000090       0x30 out/core_timer.o
 .debug_aranges
                0x00000000000000c0       0x30 out/tmpfs.o
 .debug_aranges
                0x00000000000000f0       0x30 out/uart.o
 .debug_aranges
                0x0000000000000120       0x30 out/irq.o
 .debug_aranges
                0x0000000000000150       0x30 out/shell.o
 .debug_aranges
                0x0000000000000180       0x30 out/my_string.o
 .debug_aranges
                0x00000000000001b0       0x30 out/exeception.o
 .debug_aranges
                0x00000000000001e0       0x30 out/math_.o
 .debug_aranges
                0x0000000000000210       0x30 out/devicetree.o
 .debug_aranges
                0x0000000000000240       0x30 out/reserve_memory.o
 .debug_aranges
                0x0000000000000270       0x30 out/cpio.o
 .debug_aranges
                0x00000000000002a0       0x30 out/function.o
 .debug_aranges
                0x00000000000002d0       0x30 out/main.o
 .debug_aranges
                0x0000000000000300       0x30 out/dev.o
 .debug_aranges
                0x0000000000000330       0x30 out/malloc.o
 .debug_aranges
                0x0000000000000360       0x30 out/reboot.o
 .debug_aranges
                0x0000000000000390       0x30 out/buddy_system.o
 .debug_aranges
                0x00000000000003c0       0x30 out/thread.o
 .debug_aranges
                0x00000000000003f0       0x30 out/system_call.o
 .debug_aranges
                0x0000000000000420       0x30 out/vfs.o

.debug_str      0x0000000000000000     0x12e3
 .debug_str     0x0000000000000000       0x33 start.o
 .debug_str     0x0000000000000033        0xd exeception.o
                                         0x38 (size before relaxing)
 .debug_str     0x0000000000000040      0x3f1 out/mailbox.o
                                        0x507 (size before relaxing)
 .debug_str     0x0000000000000431       0x57 out/core_timer.o
                                        0x516 (size before relaxing)
 .debug_str     0x0000000000000488      0x12d out/tmpfs.o
                                        0x5f9 (size before relaxing)
 .debug_str     0x00000000000005b5      0x15c out/uart.o
                                        0x615 (size before relaxing)
 .debug_str     0x0000000000000711       0x6a out/irq.o
                                        0x529 (size before relaxing)
 .debug_str     0x000000000000077b       0x63 out/shell.o
                                        0x51d (size before relaxing)
 .debug_str     0x00000000000007de      0x107 out/my_string.o
                                        0x607 (size before relaxing)
 .debug_str     0x00000000000008e5      0x2c5 out/exeception.o
                                        0x7b7 (size before relaxing)
 .debug_str     0x0000000000000baa       0x13 out/math_.o
                                         0xa7 (size before relaxing)
 .debug_str     0x0000000000000bbd      0x142 out/devicetree.o
                                        0x616 (size before relaxing)
 .debug_str     0x0000000000000cff       0x8a out/reserve_memory.o
                                        0x570 (size before relaxing)
 .debug_str     0x0000000000000d89       0x67 out/cpio.o
                                        0x5d5 (size before relaxing)
 .debug_str     0x0000000000000df0       0x15 out/function.o
                                        0x4c9 (size before relaxing)
 .debug_str     0x0000000000000e05       0x27 out/main.o
                                        0x4db (size before relaxing)
 .debug_str     0x0000000000000e2c       0xb1 out/dev.o
                                        0x575 (size before relaxing)
 .debug_str     0x0000000000000edd       0x1b out/malloc.o
                                        0x4cf (size before relaxing)
 .debug_str     0x0000000000000ef8       0x25 out/reboot.o
                                         0xe0 (size before relaxing)
 .debug_str     0x0000000000000f1d      0x143 out/buddy_system.o
                                        0x62d (size before relaxing)
 .debug_str     0x0000000000001060       0xcd out/thread.o
                                        0x609 (size before relaxing)
 .debug_str     0x000000000000112d       0x89 out/system_call.o
                                        0x635 (size before relaxing)
 .debug_str     0x00000000000011b6      0x12d out/vfs.o
                                        0x6b4 (size before relaxing)

.debug_ranges   0x0000000000000000      0x150
 .debug_ranges  0x0000000000000000       0x30 out/shell.o
 .debug_ranges  0x0000000000000030       0x90 out/exeception.o
 .debug_ranges  0x00000000000000c0       0x90 out/cpio.o
