
Allocating common symbols
Common symbol       size              file

kernel_thread       0x8               out/mailbox.o
mbox                0x20              out/mailbox.o
rootfs              0x8               out/mailbox.o
tmpfs_f_ops         0x8               out/vfs.o
thread_count        0x4               out/mailbox.o
timer_queue         0x8               out/mailbox.o
CPIO_DEFAULT_PLACE  0x8               out/mailbox.o
fb                  0x18              out/dev.o
global_fs_list      0x50              out/mailbox.o
task_queue          0x8               out/mailbox.o
filesystem_count    0x4               out/mailbox.o
queue_head          0x8               out/mailbox.o
DMA_head            0x8               out/mailbox.o
tmpfs_v_ops         0x8               out/vfs.o
dtb_place           0x8               out/mailbox.o
thread_queue        0x8               out/mailbox.o
buddy               0xf0              out/mailbox.o
zombie_queue        0x8               out/mailbox.o
cur_work            0x8               out/mailbox.o
CPIO_DEFAULT_PLACE_END
                    0x8               out/mailbox.o
frame_array         0x8               out/mailbox.o

Discarded input sections

 .comment       0x0000000000000000       0x2c out/mailbox.o
 .note.GNU-stack
                0x0000000000000000        0x0 out/mailbox.o
 .eh_frame      0x0000000000000000       0xb8 out/mailbox.o
 .comment       0x0000000000000000       0x2c out/core_timer.o
 .note.GNU-stack
                0x0000000000000000        0x0 out/core_timer.o
 .eh_frame      0x0000000000000000       0x88 out/core_timer.o
 .comment       0x0000000000000000       0x2c out/tmpfs.o
 .note.GNU-stack
                0x0000000000000000        0x0 out/tmpfs.o
 .eh_frame      0x0000000000000000      0x140 out/tmpfs.o
 .comment       0x0000000000000000       0x2c out/uart.o
 .note.GNU-stack
                0x0000000000000000        0x0 out/uart.o
 .eh_frame      0x0000000000000000      0x1a8 out/uart.o
 .comment       0x0000000000000000       0x2c out/irq.o
 .note.GNU-stack
                0x0000000000000000        0x0 out/irq.o
 .eh_frame      0x0000000000000000       0x98 out/irq.o
 .comment       0x0000000000000000       0x2c out/shell.o
 .note.GNU-stack
                0x0000000000000000        0x0 out/shell.o
 .eh_frame      0x0000000000000000       0x90 out/shell.o
 .comment       0x0000000000000000       0x2c out/my_string.o
 .note.GNU-stack
                0x0000000000000000        0x0 out/my_string.o
 .eh_frame      0x0000000000000000      0x230 out/my_string.o
 .comment       0x0000000000000000       0x2c out/exeception.o
 .note.GNU-stack
                0x0000000000000000        0x0 out/exeception.o
 .eh_frame      0x0000000000000000      0x250 out/exeception.o
 .comment       0x0000000000000000       0x2c out/math_.o
 .note.GNU-stack
                0x0000000000000000        0x0 out/math_.o
 .eh_frame      0x0000000000000000       0x38 out/math_.o
 .comment       0x0000000000000000       0x2c out/devicetree.o
 .note.GNU-stack
                0x0000000000000000        0x0 out/devicetree.o
 .eh_frame      0x0000000000000000       0x70 out/devicetree.o
 .comment       0x0000000000000000       0x2c out/reserve_memory.o
 .note.GNU-stack
                0x0000000000000000        0x0 out/reserve_memory.o
 .eh_frame      0x0000000000000000       0x58 out/reserve_memory.o
 .comment       0x0000000000000000       0x2c out/cpio.o
 .note.GNU-stack
                0x0000000000000000        0x0 out/cpio.o
 .eh_frame      0x0000000000000000       0xd0 out/cpio.o
 .comment       0x0000000000000000       0x2c out/function.o
 .note.GNU-stack
                0x0000000000000000        0x0 out/function.o
 .eh_frame      0x0000000000000000       0x30 out/function.o
 .comment       0x0000000000000000       0x2c out/main.o
 .note.GNU-stack
                0x0000000000000000        0x0 out/main.o
 .eh_frame      0x0000000000000000       0x38 out/main.o
 .comment       0x0000000000000000       0x2c out/dev.o
 .note.GNU-stack
                0x0000000000000000        0x0 out/dev.o
 .eh_frame      0x0000000000000000       0xf0 out/dev.o
 .comment       0x0000000000000000       0x2c out/malloc.o
 .note.GNU-stack
                0x0000000000000000        0x0 out/malloc.o
 .eh_frame      0x0000000000000000       0x30 out/malloc.o
 .comment       0x0000000000000000       0x2c out/reboot.o
 .note.GNU-stack
                0x0000000000000000        0x0 out/reboot.o
 .eh_frame      0x0000000000000000       0x70 out/reboot.o
 .comment       0x0000000000000000       0x2c out/buddy_system.o
 .note.GNU-stack
                0x0000000000000000        0x0 out/buddy_system.o
 .eh_frame      0x0000000000000000      0x158 out/buddy_system.o
 .comment       0x0000000000000000       0x2c out/thread.o
 .note.GNU-stack
                0x0000000000000000        0x0 out/thread.o
 .eh_frame      0x0000000000000000      0x190 out/thread.o
 .comment       0x0000000000000000       0x2c out/system_call.o
 .note.GNU-stack
                0x0000000000000000        0x0 out/system_call.o
 .eh_frame      0x0000000000000000      0x1e8 out/system_call.o
 .comment       0x0000000000000000       0x2c out/vfs.o
 .note.GNU-stack
                0x0000000000000000        0x0 out/vfs.o
 .eh_frame      0x0000000000000000      0x1b0 out/vfs.o

Memory Configuration

Name             Origin             Length             Attributes
*default*        0x0000000000000000 0xffffffffffffffff

Linker script and memory map

LOAD start.o
LOAD exeception.o
LOAD out/mailbox.o
LOAD out/core_timer.o
LOAD out/tmpfs.o
LOAD out/uart.o
LOAD out/irq.o
LOAD out/shell.o
LOAD out/my_string.o
LOAD out/exeception.o
LOAD out/math_.o
LOAD out/devicetree.o
LOAD out/reserve_memory.o
LOAD out/cpio.o
LOAD out/function.o
LOAD out/main.o
LOAD out/dev.o
LOAD out/malloc.o
LOAD out/reboot.o
LOAD out/buddy_system.o
LOAD out/thread.o
LOAD out/system_call.o
LOAD out/vfs.o
                0x0000000000080000                . = 0x80000

.text           0x0000000000080000     0x9600
 *(.text.boot)
 .text.boot     0x0000000000080000       0xa0 start.o
                0x0000000000080000                _start
 *(.text)
 .text          0x00000000000800a0        0x0 start.o
 *fill*         0x00000000000800a0      0x760 
 .text          0x0000000000080800     0x1450 exeception.o
                0x0000000000080800                exception_vector_table
                0x0000000000081b58                core_timer_enable
                0x0000000000081b70                core_timer_disable
                0x0000000000081b80                switch_to
                0x0000000000081bd0                get_current
                0x0000000000081bd8                return_to_user
                0x0000000000081c30                SIG_return
                0x0000000000081c3c                handler
 .text          0x0000000000081c50      0x37c out/mailbox.o
                0x0000000000081c50                sysinfo
                0x0000000000081d18                get_info
                0x0000000000081db8                get_info_mem
                0x0000000000081e64                mailbox_call
                0x0000000000081f18                sys_mailbox
 .text          0x0000000000081fcc       0xc0 out/core_timer.o
                0x0000000000081fcc                timer_on
                0x0000000000081fec                set_expired_time
                0x0000000000082018                current_time
                0x0000000000082040                print_time_mes
 .text          0x000000000008208c      0x63c out/tmpfs.o
                0x000000000008208c                tmpfs_setup_mount
                0x00000000000820f4                tmpfs_vnode
                0x00000000000821bc                tmpfs_write
                0x0000000000082308                tmpfs_read
                0x00000000000823a4                tmpfs_open
                0x0000000000082414                tmpfs_close
                0x0000000000082434                tmpfs_lookup
                0x00000000000824f0                tmpfs_create
                0x00000000000825d8                tmpfs_mkdir
 .text          0x00000000000826c8      0x6a0 out/uart.o
                0x00000000000826c8                uart_init
                0x00000000000827e0                uart_send
                0x0000000000082820                uart_getc
                0x0000000000082870                uart_puts
                0x00000000000828cc                uart_printf
                0x0000000000082988                uart_flush
                0x00000000000829bc                async_handler
                0x0000000000082a6c                w_handler
                0x0000000000082b28                r_handler
                0x0000000000082bbc                async_send
                0x0000000000082c3c                async_getc
                0x0000000000082cd8                enable_uart_r_interrupt
                0x0000000000082cfc                disable_uart_r_interrupt
                0x0000000000082d20                enable_uart_w_interrupt
                0x0000000000082d44                disable_uart_w_interrupt
 .text          0x0000000000082d68      0x5c0 out/irq.o
                0x0000000000082d68                irq_handle
                0x0000000000082dcc                add_irq
                0x0000000000082ffc                pop_irq
                0x00000000000830bc                add_priority_queue
 .text          0x0000000000083328      0x944 out/shell.o
                0x0000000000083328                shell
                0x0000000000083348                shell_decode
                0x000000000008362c                parse_CSI
                0x00000000000836ac                do_
 .text          0x0000000000083c6c      0xf84 out/my_string.o
                0x0000000000083c6c                vsprintf
                0x00000000000840a0                itoa
                0x00000000000841ec                ftoa
                0x000000000008436c                strcmp
                0x00000000000843e4                itox
                0x000000000008452c                strlen
                0x0000000000084570                strcpy
                0x00000000000845e8                strncpy
                0x000000000008464c                strncmp
                0x0000000000084700                align_up
                0x0000000000084730                memcpy
                0x0000000000084794                hextol
                0x00000000000848f8                strtok
                0x00000000000849fc                strchr
                0x0000000000084a54                strdup
                0x0000000000084aa0                dirname
                0x0000000000084b18                basename
                0x0000000000084b58                strrchr
                0x0000000000084bb8                strcat
 .text          0x0000000000084bf0      0xe58 out/exeception.o
                0x0000000000084bf0                exeception_handle
                0x0000000000084c5c                svc_handler
                0x0000000000084fd4                enable_interrupt
                0x0000000000084fe0                disable_interrupt
                0x0000000000084fec                exec_function
                0x00000000000850f0                fork_exec
                0x00000000000853b8                sys_read
                0x0000000000085474                sys_write
                0x00000000000854f8                from_el12el0
                0x0000000000085554                exit_
                0x00000000000855d8                kill_
                0x00000000000856d8                sys_mbox
                0x0000000000085708                signal_
                0x0000000000085768                sig_handler
                0x00000000000857b8                sig_call
                0x0000000000085828                signal_kill
                0x000000000008592c                do_signal
                0x00000000000859f4                signal_return
                0x0000000000085a08                save_rsp
 .text          0x0000000000085a48       0x3c out/math_.o
                0x0000000000085a48                pow
 .text          0x0000000000085a84      0x35c out/devicetree.o
                0x0000000000085a84                uint32_endian_big2lttle
                0x0000000000085ae4                fdt_traverse
                0x0000000000085d34                dtb_callback_initramfs
 .text          0x0000000000085de0      0x480 out/reserve_memory.o
                0x0000000000085de0                memory_reserve
                0x000000000008619c                mem_zone_reserve
 .text          0x0000000000086260      0x500 out/cpio.o
                0x0000000000086260                parse_hex
                0x00000000000863bc                cpio_parse_header
                0x00000000000864e8                ls
                0x0000000000086570                cat
                0x0000000000086640                exec_
                0x00000000000866d0                exec_file
 .text          0x0000000000086760       0x34 out/function.o
                0x0000000000086760                delay
 .text          0x0000000000086794      0x1f4 out/main.o
                0x0000000000086794                main
 .text          0x0000000000086988      0x404 out/dev.o
                0x0000000000086988                init_device
                0x00000000000869b0                init_uart_dev
                0x0000000000086a30                uartfs_read
                0x0000000000086a94                uartfs_write
                0x0000000000086ac4                init_framebuf_dev
                0x0000000000086cc4                frame_buf_write
                0x0000000000086d20                lseek64
 .text          0x0000000000086d8c       0x54 out/malloc.o
                0x0000000000086d8c                simple_malloc
 .text          0x0000000000086de0       0xa8 out/reboot.o
                0x0000000000086de0                set
                0x0000000000086e0c                reset
                0x0000000000086e54                cancel_reset
 .text          0x0000000000086e88     0x1280 out/buddy_system.o
                0x0000000000086e88                init_buddy
                0x0000000000087118                kmalloc
                0x0000000000087588                kfree
                0x00000000000877b4                init_DMA
                0x00000000000879d8                DMA_order_funct
                0x0000000000087a34                DMA_malloc
                0x0000000000087b7c                DMA_free
                0x0000000000087cd0                merge_page
                0x0000000000087e28                delete_page_in_freelists
                0x0000000000087f98                switch_status_page_in_frame_list
                0x0000000000088014                print_log
 .text          0x0000000000088108      0x89c out/thread.o
                0x0000000000088108                test_function
                0x0000000000088168                init_thread
                0x00000000000882e0                thread_create
                0x0000000000088464                thread_queue_insert
                0x0000000000088544                degub_info
                0x00000000000885bc                thread_queue_delete
                0x0000000000088684                thread_queue_find
                0x0000000000088708                schedule
                0x000000000008878c                idle
                0x00000000000887a0                kill_zombies
                0x0000000000088878                scheduler_timer
                0x000000000008889c                test1
                0x0000000000088900                fork_test
 .text          0x00000000000889a4      0x2bc out/system_call.o
                0x00000000000889a4                getpid
                0x00000000000889c4                uart_read
                0x00000000000889ec                uart_write
                0x0000000000088a14                exec
                0x0000000000088a3c                fork
                0x0000000000088a5c                exit
                0x0000000000088a70                kill__
                0x0000000000088ac8                mbox_call
                0x0000000000088aec                test_handler
                0x0000000000088b2c                signal
                0x0000000000088b4c                kill
                0x0000000000088b6c                call_signal
                0x0000000000088b88                open
                0x0000000000088ba4                close
                0x0000000000088bbc                write
                0x0000000000088be0                read
                0x0000000000088c04                mkdir
                0x0000000000088c20                mount
                0x0000000000088c48                chdir
 .text          0x0000000000088c60      0x9a0 out/vfs.o
                0x0000000000088c60                rootfs_init
                0x0000000000088d58                register_filesystem
                0x0000000000088e2c                vfs_open
                0x0000000000088f90                vfs_close
                0x0000000000088fb8                vfs_write
                0x0000000000088ff0                vfs_read
                0x0000000000089028                vfs_mkdir
                0x00000000000890a4                vfs_mount
                0x000000000008915c                vfs_lookup
                0x0000000000089288                vfs_chdir
                0x0000000000089364                get_free_fd
                0x00000000000893b8                get_fs
                0x0000000000089434                initramfs

.iplt           0x0000000000089600        0x0
 .iplt          0x0000000000089600        0x0 start.o

.rodata         0x0000000000089600      0x9fb
 *(.rodata)
 .rodata        0x0000000000089600       0x71 out/mailbox.o
 *fill*         0x0000000000089671        0x7 
 .rodata        0x0000000000089678        0x9 out/core_timer.o
 *fill*         0x0000000000089681        0x7 
 .rodata        0x0000000000089688       0x1a out/uart.o
 *fill*         0x00000000000896a2        0x6 
 .rodata        0x00000000000896a8       0x4b out/irq.o
 *fill*         0x00000000000896f3        0x5 
 .rodata        0x00000000000896f8      0x38e out/shell.o
 *fill*         0x0000000000089a86        0x2 
 .rodata        0x0000000000089a88      0x16f out/exeception.o
 *fill*         0x0000000000089bf7        0x1 
 .rodata        0x0000000000089bf8       0x61 out/devicetree.o
 *fill*         0x0000000000089c59        0x7 
 .rodata        0x0000000000089c60       0x62 out/reserve_memory.o
 *fill*         0x0000000000089cc2        0x6 
 .rodata        0x0000000000089cc8       0x48 out/cpio.o
 .rodata        0x0000000000089d10       0xce out/main.o
 *fill*         0x0000000000089dde        0x2 
 .rodata        0x0000000000089de0       0x68 out/dev.o
 .rodata        0x0000000000089e48       0x2a out/buddy_system.o
 *fill*         0x0000000000089e72        0x6 
 .rodata        0x0000000000089e78       0x9f out/thread.o
 *fill*         0x0000000000089f17        0x1 
 .rodata        0x0000000000089f18       0x4c out/system_call.o
 *fill*         0x0000000000089f64        0x4 
 .rodata        0x0000000000089f68       0x93 out/vfs.o
                [!provide]                        PROVIDE (_data = .)

.rela.dyn       0x000000000008a000        0x0
 .rela.iplt     0x000000000008a000        0x0 start.o
 .rela.text.boot
                0x000000000008a000        0x0 start.o
 .rela.got      0x000000000008a000        0x0 start.o
 .rela.data.rel
                0x000000000008a000        0x0 start.o

.data           0x0000000000089ffc        0x8
 *(.data)
 .data          0x0000000000089ffc        0x0 start.o
 .data          0x0000000000089ffc        0x0 exeception.o
 .data          0x0000000000089ffc        0x0 out/mailbox.o
 .data          0x0000000000089ffc        0x0 out/core_timer.o
 .data          0x0000000000089ffc        0x0 out/tmpfs.o
 .data          0x0000000000089ffc        0x0 out/uart.o
 .data          0x0000000000089ffc        0x4 out/irq.o
                0x0000000000089ffc                cur_nv
 .data          0x000000000008a000        0x0 out/shell.o
 .data          0x000000000008a000        0x0 out/my_string.o
 .data          0x000000000008a000        0x0 out/exeception.o
 .data          0x000000000008a000        0x0 out/math_.o
 .data          0x000000000008a000        0x0 out/devicetree.o
 .data          0x000000000008a000        0x0 out/reserve_memory.o
 .data          0x000000000008a000        0x0 out/cpio.o
 .data          0x000000000008a000        0x0 out/function.o
 .data          0x000000000008a000        0x0 out/main.o
 .data          0x000000000008a000        0x0 out/dev.o
 .data          0x000000000008a000        0x0 out/malloc.o
 .data          0x000000000008a000        0x0 out/reboot.o
 .data          0x000000000008a000        0x0 out/buddy_system.o
 .data          0x000000000008a000        0x4 out/thread.o
 .data          0x000000000008a004        0x0 out/system_call.o
 .data          0x000000000008a004        0x0 out/vfs.o

.igot.plt       0x000000000008a008        0x0
 .igot.plt      0x000000000008a008        0x0 start.o

.got            0x000000000008a008       0xf0
 .got           0x000000000008a008       0xf0 start.o
                0x000000000008a008                _GLOBAL_OFFSET_TABLE_

.got.plt        0x000000000008a0f8       0x18
 .got.plt       0x000000000008a0f8       0x18 start.o

.data.rel       0x000000000008a110       0x48
 .data.rel      0x000000000008a110       0x30 out/reserve_memory.o
                0x000000000008a110                spin_start
                0x000000000008a118                spin_end
                0x000000000008a120                heap_start
                0x000000000008a128                heap_end
                0x000000000008a130                kernel_start
                0x000000000008a138                kernel_end
 .data.rel      0x000000000008a140        0x8 out/malloc.o
                0x000000000008a140                top
 .data.rel      0x000000000008a148       0x10 out/buddy_system.o
                0x000000000008a148                buddy_start
                0x000000000008a150                buddy_end

.bss            0x000000000008a160      0xa38
                0x000000000008a160                . = ALIGN (0x10)
                0x000000000008a160                __bss_start = .
 *(.bss .bss.*)
 .bss           0x000000000008a160        0x0 start.o
 .bss           0x000000000008a160        0x0 exeception.o
 .bss           0x000000000008a160        0x0 out/mailbox.o
 .bss           0x000000000008a160        0x0 out/core_timer.o
 .bss           0x000000000008a160        0x0 out/tmpfs.o
 .bss           0x000000000008a160      0x814 out/uart.o
                0x000000000008a160                tx_buf
                0x000000000008a560                tx_write_idx
                0x000000000008a564                tx_read_idx
                0x000000000008a568                rx_buf
                0x000000000008a968                rx_write_idx
                0x000000000008a96c                rx_read_idx
                0x000000000008a970                a
 .bss           0x000000000008a974        0x0 out/irq.o
 .bss           0x000000000008a974        0x0 out/shell.o
 *fill*         0x000000000008a974        0x4 
 .bss           0x000000000008a978        0x8 out/my_string.o
 .bss           0x000000000008a980        0x0 out/exeception.o
 .bss           0x000000000008a980        0x0 out/math_.o
 .bss           0x000000000008a980        0x8 out/devicetree.o
                0x000000000008a980                dtb_len
 .bss           0x000000000008a988        0x0 out/reserve_memory.o
 .bss           0x000000000008a988        0x0 out/cpio.o
 .bss           0x000000000008a988        0x0 out/function.o
 .bss           0x000000000008a988        0x0 out/main.o
 .bss           0x000000000008a988        0x0 out/dev.o
 .bss           0x000000000008a988        0x0 out/malloc.o
 .bss           0x000000000008a988        0x0 out/reboot.o
 .bss           0x000000000008a988        0x0 out/buddy_system.o
 .bss           0x000000000008a988        0x0 out/thread.o
 .bss           0x000000000008a988        0x0 out/system_call.o
 .bss           0x000000000008a988        0x0 out/vfs.o
 *(COMMON)
 *fill*         0x000000000008a988        0x8 
 COMMON         0x000000000008a990      0x1e0 out/mailbox.o
                0x000000000008a990                kernel_thread
                0x000000000008a9a0                mbox
                0x000000000008a9c0                rootfs
                0x000000000008a9c8                thread_count
                0x000000000008a9d0                timer_queue
                0x000000000008a9d8                CPIO_DEFAULT_PLACE
                0x000000000008a9e0                global_fs_list
                0x000000000008aa30                task_queue
                0x000000000008aa38                filesystem_count
                0x000000000008aa40                queue_head
                0x000000000008aa48                DMA_head
                0x000000000008aa50                dtb_place
                0x000000000008aa58                thread_queue
                0x000000000008aa60                buddy
                0x000000000008ab50                zombie_queue
                0x000000000008ab58                cur_work
                0x000000000008ab60                CPIO_DEFAULT_PLACE_END
                0x000000000008ab68                frame_array
 COMMON         0x000000000008ab70       0x18 out/dev.o
                0x000000000008ab70                fb
 COMMON         0x000000000008ab88       0x10 out/vfs.o
                0x000000000008ab88                tmpfs_f_ops
                0x000000000008ab90                tmpfs_v_ops
                0x000000000008ab98                __bss_end = .
                0x000000000008ab98                _end = .

/DISCARD/
 *(.comment)
 *(.gnu*)
 *(.note*)
 *(.eh_frame*)
                0x0000000000000147                __bss_size = ((__bss_end - __bss_start) >> 0x3)
                0x0000000000050000                _user_stack = 0x50000
                0x0000000000200000                _heap_start = 0x200000
                0x0000000001200000                _heap_end = 0x1200000
                0x0000000000000000                _spin_table_start = 0x0
                0x0000000000001000                _spin_table_end = 0x1000
                0x0000000000000000                _buddy_start = 0x0
                0x000000003c000000                _buddy_end = 0x3c000000
                0x0000000000060000                _kernel_start = 0x60000
                0x000000000008ab98                _kernel_end = _end
OUTPUT(kernel8.elf elf64-littleaarch64)
LOAD linker stubs

.debug_line     0x0000000000000000     0x3791
 .debug_line    0x0000000000000000       0x5e start.o
 .debug_line    0x000000000000005e       0xff exeception.o
 .debug_line    0x000000000000015d      0x1bf out/mailbox.o
 .debug_line    0x000000000000031c       0xfd out/core_timer.o
 .debug_line    0x0000000000000419      0x288 out/tmpfs.o
 .debug_line    0x00000000000006a1      0x2dd out/uart.o
 .debug_line    0x000000000000097e      0x28d out/irq.o
 .debug_line    0x0000000000000c0b      0x3eb out/shell.o
 .debug_line    0x0000000000000ff6      0x5d8 out/my_string.o
 .debug_line    0x00000000000015ce      0x64d out/exeception.o
 .debug_line    0x0000000000001c1b       0x48 out/math_.o
 .debug_line    0x0000000000001c63      0x1c5 out/devicetree.o
 .debug_line    0x0000000000001e28      0x1d0 out/reserve_memory.o
 .debug_line    0x0000000000001ff8      0x276 out/cpio.o
 .debug_line    0x000000000000226e       0xdb out/function.o
 .debug_line    0x0000000000002349      0x139 out/main.o
 .debug_line    0x0000000000002482      0x1e1 out/dev.o
 .debug_line    0x0000000000002663       0xdc out/malloc.o
 .debug_line    0x000000000000273f       0x62 out/reboot.o
 .debug_line    0x00000000000027a1      0x634 out/buddy_system.o
 .debug_line    0x0000000000002dd5      0x465 out/thread.o
 .debug_line    0x000000000000323a      0x1dc out/system_call.o
 .debug_line    0x0000000000003416      0x37b out/vfs.o

.debug_info     0x0000000000000000    0x1078e
 .debug_info    0x0000000000000000       0x2e start.o
 .debug_info    0x000000000000002e       0x2e exeception.o
 .debug_info    0x000000000000005c      0xb4e out/mailbox.o
 .debug_info    0x0000000000000baa      0xb1c out/core_timer.o
 .debug_info    0x00000000000016c6      0xe3d out/tmpfs.o
 .debug_info    0x0000000000002503      0xd8b out/uart.o
 .debug_info    0x000000000000328e      0xc3b out/irq.o
 .debug_info    0x0000000000003ec9      0xc8e out/shell.o
 .debug_info    0x0000000000004b57     0x1316 out/my_string.o
 .debug_info    0x0000000000005e6d     0x1519 out/exeception.o
 .debug_info    0x0000000000007386       0x72 out/math_.o
 .debug_info    0x00000000000073f8      0xcbc out/devicetree.o
 .debug_info    0x00000000000080b4      0xbac out/reserve_memory.o
 .debug_info    0x0000000000008c60      0xe0e out/cpio.o
 .debug_info    0x0000000000009a6e      0xa51 out/function.o
 .debug_info    0x000000000000a4bf      0xaa8 out/main.o
 .debug_info    0x000000000000af67      0xcc1 out/dev.o
 .debug_info    0x000000000000bc28      0xa78 out/malloc.o
 .debug_info    0x000000000000c6a0       0xe2 out/reboot.o
 .debug_info    0x000000000000c782      0xfde out/buddy_system.o
 .debug_info    0x000000000000d760      0xe86 out/thread.o
 .debug_info    0x000000000000e5e6     0x1116 out/system_call.o
 .debug_info    0x000000000000f6fc     0x1092 out/vfs.o

.debug_abbrev   0x0000000000000000     0x3082
 .debug_abbrev  0x0000000000000000       0x14 start.o
 .debug_abbrev  0x0000000000000014       0x14 exeception.o
 .debug_abbrev  0x0000000000000028      0x23b out/mailbox.o
 .debug_abbrev  0x0000000000000263      0x244 out/core_timer.o
 .debug_abbrev  0x00000000000004a7      0x259 out/tmpfs.o
 .debug_abbrev  0x0000000000000700      0x2d7 out/uart.o
 .debug_abbrev  0x00000000000009d7      0x240 out/irq.o
 .debug_abbrev  0x0000000000000c17      0x282 out/shell.o
 .debug_abbrev  0x0000000000000e99      0x30b out/my_string.o
 .debug_abbrev  0x00000000000011a4      0x313 out/exeception.o
 .debug_abbrev  0x00000000000014b7       0x4e out/math_.o
 .debug_abbrev  0x0000000000001505      0x22a out/devicetree.o
 .debug_abbrev  0x000000000000172f      0x235 out/reserve_memory.o
 .debug_abbrev  0x0000000000001964      0x296 out/cpio.o
 .debug_abbrev  0x0000000000001bfa      0x1e1 out/function.o
 .debug_abbrev  0x0000000000001ddb      0x205 out/main.o
 .debug_abbrev  0x0000000000001fe0      0x2b4 out/dev.o
 .debug_abbrev  0x0000000000002294      0x1f4 out/malloc.o
 .debug_abbrev  0x0000000000002488       0xac out/reboot.o
 .debug_abbrev  0x0000000000002534      0x2f0 out/buddy_system.o
 .debug_abbrev  0x0000000000002824      0x311 out/thread.o
 .debug_abbrev  0x0000000000002b35      0x2cb out/system_call.o
 .debug_abbrev  0x0000000000002e00      0x282 out/vfs.o

.debug_aranges  0x0000000000000000      0x450
 .debug_aranges
                0x0000000000000000       0x30 start.o
 .debug_aranges
                0x0000000000000030       0x30 exeception.o
 .debug_aranges
                0x0000000000000060       0x30 out/mailbox.o
 .debug_aranges
                0x0000000000000090       0x30 out/core_timer.o
 .debug_aranges
                0x00000000000000c0       0x30 out/tmpfs.o
 .debug_aranges
                0x00000000000000f0       0x30 out/uart.o
 .debug_aranges
                0x0000000000000120       0x30 out/irq.o
 .debug_aranges
                0x0000000000000150       0x30 out/shell.o
 .debug_aranges
                0x0000000000000180       0x30 out/my_string.o
 .debug_aranges
                0x00000000000001b0       0x30 out/exeception.o
 .debug_aranges
                0x00000000000001e0       0x30 out/math_.o
 .debug_aranges
                0x0000000000000210       0x30 out/devicetree.o
 .debug_aranges
                0x0000000000000240       0x30 out/reserve_memory.o
 .debug_aranges
                0x0000000000000270       0x30 out/cpio.o
 .debug_aranges
                0x00000000000002a0       0x30 out/function.o
 .debug_aranges
                0x00000000000002d0       0x30 out/main.o
 .debug_aranges
                0x0000000000000300       0x30 out/dev.o
 .debug_aranges
                0x0000000000000330       0x30 out/malloc.o
 .debug_aranges
                0x0000000000000360       0x30 out/reboot.o
 .debug_aranges
                0x0000000000000390       0x30 out/buddy_system.o
 .debug_aranges
                0x00000000000003c0       0x30 out/thread.o
 .debug_aranges
                0x00000000000003f0       0x30 out/system_call.o
 .debug_aranges
                0x0000000000000420       0x30 out/vfs.o

.debug_str      0x0000000000000000     0x12e3
 .debug_str     0x0000000000000000       0x33 start.o
 .debug_str     0x0000000000000033        0xd exeception.o
                                         0x38 (size before relaxing)
 .debug_str     0x0000000000000040      0x3f1 out/mailbox.o
                                        0x507 (size before relaxing)
 .debug_str     0x0000000000000431       0x57 out/core_timer.o
                                        0x516 (size before relaxing)
 .debug_str     0x0000000000000488      0x12d out/tmpfs.o
                                        0x5f9 (size before relaxing)
 .debug_str     0x00000000000005b5      0x15c out/uart.o
                                        0x615 (size before relaxing)
 .debug_str     0x0000000000000711       0x6a out/irq.o
                                        0x529 (size before relaxing)
 .debug_str     0x000000000000077b       0x63 out/shell.o
                                        0x51d (size before relaxing)
 .debug_str     0x00000000000007de      0x107 out/my_string.o
                                        0x607 (size before relaxing)
 .debug_str     0x00000000000008e5      0x2c5 out/exeception.o
                                        0x7b7 (size before relaxing)
 .debug_str     0x0000000000000baa       0x13 out/math_.o
                                         0xa7 (size before relaxing)
 .debug_str     0x0000000000000bbd      0x142 out/devicetree.o
                                        0x616 (size before relaxing)
 .debug_str     0x0000000000000cff       0x8a out/reserve_memory.o
                                        0x570 (size before relaxing)
 .debug_str     0x0000000000000d89       0x67 out/cpio.o
                                        0x5d5 (size before relaxing)
 .debug_str     0x0000000000000df0       0x15 out/function.o
                                        0x4c9 (size before relaxing)
 .debug_str     0x0000000000000e05       0x27 out/main.o
                                        0x4db (size before relaxing)
 .debug_str     0x0000000000000e2c       0xb1 out/dev.o
                                        0x575 (size before relaxing)
 .debug_str     0x0000000000000edd       0x1b out/malloc.o
                                        0x4cf (size before relaxing)
 .debug_str     0x0000000000000ef8       0x25 out/reboot.o
                                         0xe0 (size before relaxing)
 .debug_str     0x0000000000000f1d      0x143 out/buddy_system.o
                                        0x62d (size before relaxing)
 .debug_str     0x0000000000001060       0xcd out/thread.o
                                        0x609 (size before relaxing)
 .debug_str     0x000000000000112d       0x89 out/system_call.o
                                        0x635 (size before relaxing)
 .debug_str     0x00000000000011b6      0x12d out/vfs.o
                                        0x6b4 (size before relaxing)

.debug_ranges   0x0000000000000000      0x150
 .debug_ranges  0x0000000000000000       0x30 out/shell.o
 .debug_ranges  0x0000000000000030       0x90 out/exeception.o
 .debug_ranges  0x00000000000000c0       0x90 out/cpio.o
